 Editor

 Timestamp is 584dec71 (Sun Dec 11 19:16:49 2016)

 Preferred load address is 00400000

 Start         Length     Name                   Class
 0001:00000000 00028f91H .textbss                DATA
 0002:00000000 000054f0H .text$di                CODE
 0002:000054f0 0004f470H .text$mn                CODE
 0002:00054960 000050d0H .text$x                 CODE
 0002:00059a30 00001106H .text$yd                CODE
 0003:00000000 00000104H .CRT$XCA                DATA
 0003:00000104 00000104H .CRT$XCAA               DATA
 0003:00000208 00000104H .CRT$XCL                DATA
 0003:0000030c 00000160H .CRT$XCU                DATA
 0003:0000046c 00000104H .CRT$XCZ                DATA
 0003:00000570 00000104H .CRT$XIA                DATA
 0003:00000674 00000104H .CRT$XIAA               DATA
 0003:00000778 00000104H .CRT$XIAC               DATA
 0003:0000087c 00000104H .CRT$XIZ                DATA
 0003:00000980 00000104H .CRT$XPA                DATA
 0003:00000a84 00000104H .CRT$XPZ                DATA
 0003:00000b88 00000104H .CRT$XTA                DATA
 0003:00000c8c 00000104H .CRT$XTZ                DATA
 0003:00000d90 00004c6cH .rdata                  DATA
 0003:000059fc 00000ab0H .rdata$r                DATA
 0003:000064ac 000001a8H .rdata$zzzdbg           DATA
 0003:00006654 00000104H .rtc$IAA                DATA
 0003:00006758 00000178H .rtc$IMZ                DATA
 0003:000068d0 00000104H .rtc$IZZ                DATA
 0003:000069d4 00000104H .rtc$TAA                DATA
 0003:00006ad8 00000178H .rtc$TMZ                DATA
 0003:00006c50 00000108H .rtc$TZZ                DATA
 0003:00006d58 000040c4H .xdata$x                DATA
 0003:0000ae1c 00000000H .edata                  DATA
 0004:00000000 00000180H .data                   DATA
 0004:00000180 00000570H .data$r                 DATA
 0004:000006f0 000005b4H .bss                    DATA
 0005:00000000 000004dcH .idata$5                DATA
 0005:000004dc 00000064H .idata$2                DATA
 0005:00000540 00000014H .idata$3                DATA
 0005:00000554 000004dcH .idata$4                DATA
 0005:00000a30 00001d53H .idata$6                DATA
 0006:00000000 00000176H .gfids$y                DATA
 0007:00000000 00000104H .00cfg                  DATA
 0008:00000000 00000170H .rsrc$01                DATA
 0008:00000170 000002ccH .rsrc$02                DATA

  Address         Publics by Value              Rva+Base       Lib:Object

 0000:00000000       ___guard_longjmp_count     00000000     <absolute>
 0000:00000000       ___guard_iat_table         00000000     <absolute>
 0000:00000000       ___guard_fids_count        00000000     <absolute>
 0000:00000000       ___guard_longjmp_table     00000000     <absolute>
 0000:00000000       ___safe_se_handler_table   00000000     <absolute>
 0000:00000000       ___guard_iat_count         00000000     <absolute>
 0000:00000000       ___safe_se_handler_count   00000000     <absolute>
 0000:00000000       ___dynamic_value_reloc_table 00000000     <absolute>
 0000:00000000       ___guard_fids_table        00000000     <absolute>
 0000:00000100       ___guard_flags             00000100     <absolute>
 0000:00000000       ___ImageBase               00400000     <linker-defined>
 0001:00000000       __enc$textbss$begin        00401000     <linker-defined>
 0001:00028f91       __enc$textbss$end          00429f91     <linker-defined>
 0002:000054f0       ??0ChangeMapMessage@@QAE@H@Z 0042f4f0 f   ChangeMapMessage.obj
 0002:00005590       ??1ChangeMapMessage@@QAE@XZ 0042f590 f   ChangeMapMessage.obj
 0002:000055f0       ?__empty_global_delete@@YAXPAX@Z 0042f5f0 f i ChangeMapMessage.obj
 0002:00005620       ?__global_delete@@YAXPAXI@Z 0042f620 f i ChangeMapMessage.obj
 0002:00005620       ?__empty_global_delete@@YAXPAXI@Z 0042f620 f i ChangeMapMessage.obj
 0002:00005650       ?process@ChangeMapMessage@@UAEXXZ 0042f650 f   ChangeMapMessage.obj
 0002:000056d0       ?setCurrentMapID@Editor@@QAEXH@Z 0042f6d0 f i ChangeMapMessage.obj
 0002:00005720       ??$?6U?$char_traits@D@std@@@std@@YAAAV?$basic_ostream@DU?$char_traits@D@std@@@0@AAV10@PBD@Z 0042f720 f i ChangeModeMessage.obj
 0002:00005ce0       ??$endl@DU?$char_traits@D@std@@@std@@YAAAV?$basic_ostream@DU?$char_traits@D@std@@@0@AAV10@@Z 0042fce0 f i ChangeModeMessage.obj
 0002:00005d80       ??0ChangeModeMessage@@QAE@H@Z 0042fd80 f   ChangeModeMessage.obj
 0002:00005df0       ??0_Sentry_base@?$basic_ostream@DU?$char_traits@D@std@@@std@@QAE@AAV12@@Z 0042fdf0 f i ChangeModeMessage.obj
 0002:00005ee0       ??0sentry@?$basic_ostream@DU?$char_traits@D@std@@@std@@QAE@AAV12@@Z 0042fee0 f i ChangeModeMessage.obj
 0002:00006060       ??1ChangeModeMessage@@QAE@XZ 00430060 f   ChangeModeMessage.obj
 0002:000060c0       ??1_Sentry_base@?$basic_ostream@DU?$char_traits@D@std@@@std@@QAE@XZ 004300c0 f i ChangeModeMessage.obj
 0002:000061e0       ??1sentry@?$basic_ostream@DU?$char_traits@D@std@@@std@@QAE@XZ 004301e0 f i ChangeModeMessage.obj
 0002:000062a0       ??Bsentry@?$basic_ostream@DU?$char_traits@D@std@@@std@@QBE_NXZ 004302a0 f i ChangeModeMessage.obj
 0002:000062e0       ?eof@?$char_traits@D@std@@SAHXZ 004302e0 f i ChangeModeMessage.obj
 0002:00006320       ?eq_int_type@?$char_traits@D@std@@SA_NABH0@Z 00430320 f i ChangeModeMessage.obj
 0002:00006380       ?length@?$char_traits@D@std@@SAIPBD@Z 00430380 f i ChangeModeMessage.obj
 0002:00006400       ?process@ChangeModeMessage@@UAEXXZ 00430400 f   ChangeModeMessage.obj
 0002:000064d0       ?setEditGridValue@Editor@@QAEXH@Z 004304d0 f i ChangeModeMessage.obj
 0002:00006520       ??0EditGridMessage@@QAE@HHH@Z 00430520 f   EditGridMessage.obj
 0002:000065b0       ??1EditGridMessage@@QAE@XZ 004305b0 f   EditGridMessage.obj
 0002:00006610       ?getGrid@Editor@@QAEPAVGrid@@XZ 00430610 f i EditGridMessage.obj
 0002:00006650       ?getGridVisualizer@Editor@@QAEPAVGridVisualizer@@XZ 00430650 f i EditGridMessage.obj
 0002:00006690       ?process@EditGridMessage@@UAEXXZ 00430690 f   EditGridMessage.obj
 0002:00006740       ?setModified@GridVisualizer@@QAEXXZ 00430740 f i EditGridMessage.obj
 0002:00006780       ??$?0$$V@?$_Compressed_pair@U?$_Wrap_alloc@V?$allocator@D@std@@@std@@V?$_String_val@U?$_Simple_types@D@std@@@2@$00@std@@QAE@U_Zero_then_variadic_args_t@1@@Z 00430780 f i Editor.obj
 0002:000067e0       ??$?0AAU?$_Wrap_alloc@V?$allocator@D@std@@@std@@@?$_Wrap_alloc@V?$allocator@U_Container_proxy@std@@@std@@@std@@QAE@AAU?$_Wrap_alloc@V?$allocator@D@std@@@1@@Z 004307e0 f i Editor.obj
 0002:00006850       ??$?0ABV?$allocator@D@std@@$$V@?$_Compressed_pair@U?$_Wrap_alloc@V?$allocator@D@std@@@std@@V?$_String_val@U?$_Simple_types@D@std@@@2@$00@std@@QAE@U_One_then_variadic_args_t@1@ABV?$allocator@D@1@@Z 00430850 f i Editor.obj
 0002:000068c0       ??$?0ABV?$allocator@D@std@@@?$_Wrap_alloc@V?$allocator@D@std@@@std@@QAE@ABV?$allocator@D@1@@Z 004308c0 f i Editor.obj
 0002:00006930       ??$?0ABV?$allocator@D@std@@X@?$_String_alloc@U?$_String_base_types@DV?$allocator@D@std@@@std@@@std@@QAE@ABV?$allocator@D@1@@Z 00430930 f i Editor.obj
 0002:000069f0       ??$?0D@?$allocator@U_Container_proxy@std@@@std@@QAE@ABV?$allocator@D@1@@Z 004309f0 f i Editor.obj
 0002:00006a30       ??$?0PADX@?$basic_string@DU?$char_traits@D@std@@V?$allocator@D@2@@std@@QAE@PAD0ABV?$allocator@D@1@@Z 00430a30 f i Editor.obj
 0002:00006b40       ??$?0U?$_Wrap_alloc@V?$allocator@D@std@@@std@@$$V@?$_Compressed_pair@U?$_Wrap_alloc@V?$allocator@D@std@@@std@@V?$_String_val@U?$_Simple_types@D@std@@@2@$00@std@@QAE@U_One_then_variadic_args_t@1@$$QAU?$_Wrap_alloc@V?$allocator@D@std@@@1@@Z 00430b40 f i Editor.obj
 0002:00006bb0       ??$?0U?$_Wrap_alloc@V?$allocator@D@std@@@std@@X@?$_String_alloc@U?$_String_base_types@DV?$allocator@D@std@@@std@@@std@@QAE@$$QAU?$_Wrap_alloc@V?$allocator@D@std@@@1@@Z 00430bb0 f i Editor.obj
 0002:00006c70       ??$?6DU?$char_traits@D@std@@V?$allocator@D@1@@std@@YAAAV?$basic_ostream@DU?$char_traits@D@std@@@0@AAV10@ABV?$basic_string@DU?$char_traits@D@std@@V?$allocator@D@2@@0@@Z 00430c70 f i Editor.obj
 0002:000071d0       ??$?HDU?$char_traits@D@std@@V?$allocator@D@1@@std@@YA?AV?$basic_string@DU?$char_traits@D@std@@V?$allocator@D@2@@0@$$QAV10@0@Z 004311d0 f i Editor.obj
 0002:000072f0       ??$?HDU?$char_traits@D@std@@V?$allocator@D@1@@std@@YA?AV?$basic_string@DU?$char_traits@D@std@@V?$allocator@D@2@@0@$$QAV10@ABV10@@Z 004312f0 f i Editor.obj
 0002:00007380       ??$?HDU?$char_traits@D@std@@V?$allocator@D@1@@std@@YA?AV?$basic_string@DU?$char_traits@D@std@@V?$allocator@D@2@@0@ABV10@0@Z 00431380 f i Editor.obj
 0002:000074e0       ??$_Debug_pointer@$$CBD@std@@YAXPBDPB_WI@Z 004314e0 f i Editor.obj
 0002:00007550       ??$_Debug_pointer@D@std@@YAXPADPB_WI@Z 00431550 f i Editor.obj
 0002:000075c0       ??$_Debug_pointer_if@$$CBD@std@@YAX_NPBDPB_WI@Z 004315c0 f i Editor.obj
 0002:00007640       ??$_Debug_range2@PAD@std@@YAXPAD0PB_WIUrandom_access_iterator_tag@0@@Z 00431640 f i Editor.obj
 0002:000076f0       ??$_Debug_range@PAD@std@@YAXPAD0PB_WI@Z 004316f0 f i Editor.obj
 0002:00007760       ??$_Fgetc@D@std@@YA_NAADPAU_iobuf@@@Z 00431760 f i Editor.obj
 0002:000077e0       ??$_Fputc@D@std@@YA_NDPAU_iobuf@@@Z 004317e0 f i Editor.obj
 0002:00007870       ??$_Integral_to_string@DH@std@@YA?AV?$basic_string@DU?$char_traits@D@std@@V?$allocator@D@2@@0@H@Z 00431870 f i Editor.obj
 0002:000079c0       ??$_UIntegral_to_buff@DI@std@@YAPADPADI@Z 004319c0 f i Editor.obj
 0002:00007ad0       ??$_Unchecked@PAD@std@@YAPADPAD@Z 00431ad0 f i Editor.obj
 0002:00007b10       ??$_Unfancy@$$CBD@std@@YAPBDPBD@Z 00431b10 f i Editor.obj
 0002:00007b50       ??$_Unfancy@D@std@@YAPADPAD@Z 00431b50 f i Editor.obj
 0002:00007b90       ??$_Unfancy@U_Container_proxy@std@@@std@@YAPAU_Container_proxy@0@PAU10@@Z 00431b90 f i Editor.obj
 0002:00007bd0       ??$_Ungetc@D@std@@YA_NABDPAU_iobuf@@@Z 00431bd0 f i Editor.obj
 0002:00007c60       ??$addressof@D@std@@YAPADAAD@Z 00431c60 f i Editor.obj
 0002:00007ca0       ??$addressof@PAD@std@@YAPAPADAAPAD@Z 00431ca0 f i Editor.obj
 0002:00007ce0       ??$addressof@U_Container_proxy@std@@@std@@YAPAU_Container_proxy@0@AAU10@@Z 00431ce0 f i Editor.obj
 0002:00007d20       ??$construct@PADAAPAD@?$_Wrap_alloc@V?$allocator@D@std@@@std@@QAEXPAPADAAPAD@Z 00431d20 f i Editor.obj
 0002:00007d90       ??$construct@PADAAPAD@?$allocator@D@std@@QAEXPAPADAAPAD@Z 00431d90 f i Editor.obj
 0002:00007e40       ??$construct@PADAAPAD@?$allocator_traits@V?$allocator@D@std@@@std@@SAXAAV?$allocator@D@1@PAPADAAPAD@Z 00431e40 f i Editor.obj
 0002:00007ea0       ??$construct@U_Container_proxy@std@@U12@@?$_Wrap_alloc@V?$allocator@U_Container_proxy@std@@@std@@@std@@QAEXPAU_Container_proxy@1@$$QAU21@@Z 00431ea0 f i Editor.obj
 0002:00007f10       ??$construct@U_Container_proxy@std@@U12@@?$allocator@U_Container_proxy@std@@@std@@QAEXPAU_Container_proxy@1@$$QAU21@@Z 00431f10 f i Editor.obj
 0002:00007fc0       ??$construct@U_Container_proxy@std@@U12@@?$allocator_traits@V?$allocator@U_Container_proxy@std@@@std@@@std@@SAXAAV?$allocator@U_Container_proxy@std@@@1@PAU_Container_proxy@1@$$QAU31@@Z 00431fc0 f i Editor.obj
 0002:00008020       ??$destroy@PAD@?$_Wrap_alloc@V?$allocator@D@std@@@std@@QAEXPAPAD@Z 00432020 f i Editor.obj
 0002:00008080       ??$destroy@PAD@?$allocator@D@std@@QAEXPAPAD@Z 00432080 f i Editor.obj
 0002:000080c0       ??$destroy@PAD@?$allocator_traits@V?$allocator@D@std@@@std@@SAXAAV?$allocator@D@1@PAPAD@Z 004320c0 f i Editor.obj
 0002:00008110       ??$destroy@U_Container_proxy@std@@@?$_Wrap_alloc@V?$allocator@U_Container_proxy@std@@@std@@@std@@QAEXPAU_Container_proxy@1@@Z 00432110 f i Editor.obj
 0002:00008170       ??$destroy@U_Container_proxy@std@@@?$allocator@U_Container_proxy@std@@@std@@QAEXPAU_Container_proxy@1@@Z 00432170 f i Editor.obj
 0002:000081b0       ??$destroy@U_Container_proxy@std@@@?$allocator_traits@V?$allocator@U_Container_proxy@std@@@std@@@std@@SAXAAV?$allocator@U_Container_proxy@std@@@1@PAU_Container_proxy@1@@Z 004321b0 f i Editor.obj
 0002:00008200       ??$end@D$0BF@@std@@YAPADAAY0BF@D@Z 00432200 f i Editor.obj
 0002:00008240       ??$forward@AAPAD@std@@YAAAPADAAPAD@Z 00432240 f i Editor.obj
 0002:00008280       ??$forward@AAU?$_Wrap_alloc@V?$allocator@D@std@@@std@@@std@@YAAAU?$_Wrap_alloc@V?$allocator@D@std@@@0@AAU10@@Z 00432280 f i Editor.obj
 0002:000082c0       ??$forward@ABV?$allocator@D@std@@@std@@YAABV?$allocator@D@0@ABV10@@Z 004322c0 f i Editor.obj
 0002:00008300       ??$forward@U?$_Wrap_alloc@V?$allocator@D@std@@@std@@@std@@YA$$QAU?$_Wrap_alloc@V?$allocator@D@std@@@0@AAU10@@Z 00432300 f i Editor.obj
 0002:00008340       ??$forward@U_Container_proxy@std@@@std@@YA$$QAU_Container_proxy@0@AAU10@@Z 00432340 f i Editor.obj
 0002:00008380       ??$forward@V?$basic_string@DU?$char_traits@D@std@@V?$allocator@D@2@@std@@@std@@YA$$QAV?$basic_string@DU?$char_traits@D@std@@V?$allocator@D@2@@0@AAV10@@Z 00432380 f i Editor.obj
 0002:000083c0       ??$move@AAU?$_Wrap_alloc@V?$allocator@D@std@@@std@@@std@@YA$$QAU?$_Wrap_alloc@V?$allocator@D@std@@@0@AAU10@@Z 004323c0 f i Editor.obj
 0002:00008400       ??$move@AAV?$basic_string@DU?$char_traits@D@std@@V?$allocator@D@2@@std@@@std@@YA$$QAV?$basic_string@DU?$char_traits@D@std@@V?$allocator@D@2@@0@AAV10@@Z 00432400 f i Editor.obj
 0002:00008440       ??$use_facet@V?$codecvt@DDU_Mbstatet@@@std@@@std@@YAABV?$codecvt@DDU_Mbstatet@@@0@ABVlocale@0@@Z 00432440 f i Editor.obj
 0002:00008640       ??0?$_Iterator012@Urandom_access_iterator_tag@std@@DHPBDABDU_Iterator_base12@2@@std@@QAE@XZ 00432640 f i Editor.obj
 0002:000086a0       ??0?$_String_alloc@U?$_String_base_types@DV?$allocator@D@std@@@std@@@std@@QAE@XZ 004326a0 f i Editor.obj
 0002:00008750       ??0?$_String_const_iterator@V?$_String_val@U?$_Simple_types@D@std@@@std@@@std@@QAE@PBDPBU_Container_base12@1@@Z 00432750 f i Editor.obj
 0002:00008810       ??0?$_String_iterator@V?$_String_val@U?$_Simple_types@D@std@@@std@@@std@@QAE@PADPBU_Container_base12@1@@Z 00432810 f i Editor.obj
 0002:00008870       ??0?$_String_val@U?$_Simple_types@D@std@@@std@@QAE@XZ 00432870 f i Editor.obj
 0002:00008930       ??0?$_Wrap_alloc@V?$allocator@D@std@@@std@@QAE@$$QAU01@@Z 00432930 f i Editor.obj
 0002:000089a0       ??0?$_Wrap_alloc@V?$allocator@D@std@@@std@@QAE@XZ 004329a0 f i Editor.obj
 0002:00008a00       ??0?$allocator@D@std@@QAE@ABV01@@Z 00432a00 f i Editor.obj
 0002:00008a40       ??0?$allocator@D@std@@QAE@XZ 00432a40 f i Editor.obj
 0002:00008a80       ??0?$basic_filebuf@DU?$char_traits@D@std@@@std@@QAE@PAU_iobuf@@@Z 00432a80 f i Editor.obj
 0002:00008b50       ??0?$basic_ifstream@DU?$char_traits@D@std@@@std@@QAE@ABV?$basic_string@DU?$char_traits@D@std@@V?$allocator@D@2@@1@HH@Z 00432b50 f i Editor.obj
 0002:00008d00       ??0?$basic_string@DU?$char_traits@D@std@@V?$allocator@D@2@@std@@QAE@$$QAV01@@Z 00432d00 f i Editor.obj
 0002:00008dd0       ??0?$basic_string@DU?$char_traits@D@std@@V?$allocator@D@2@@std@@QAE@ID@Z 00432dd0 f i Editor.obj
 0002:00008e90       ??0?$basic_string@DU?$char_traits@D@std@@V?$allocator@D@2@@std@@QAE@PBD@Z 00432e90 f i Editor.obj
 0002:00008f50       ??0?$basic_string@DU?$char_traits@D@std@@V?$allocator@D@2@@std@@QAE@XZ 00432f50 f i Editor.obj
 0002:00008ff0       ??0?$fpos@U_Mbstatet@@@std@@QAE@U_Mbstatet@@_J@Z 00432ff0 f i Editor.obj
 0002:00009070       ??0?$fpos@U_Mbstatet@@@std@@QAE@_J@Z 00433070 f i Editor.obj
 0002:000090f0       ??0Editor@@QAE@XZ          004330f0 f   Editor.obj
 0002:00009240       ??0InputManager@@QAE@XZ    00433240 f i Editor.obj
 0002:00009280       ??0_Bxty@?$_String_val@U?$_Simple_types@D@std@@@std@@QAE@XZ 00433280 f i Editor.obj
 0002:000092c0       ??0_Container_base12@std@@QAE@XZ 004332c0 f i Editor.obj
 0002:00009310       ??0_Container_proxy@std@@QAE@XZ 00433310 f i Editor.obj
 0002:00009360       ??0_Iterator_base12@std@@QAE@XZ 00433360 f i Editor.obj
 0002:000093b0       ??0bad_cast@std@@QAE@ABV01@@Z 004333b0 f i Editor.obj
 0002:00009420       ??0bad_cast@std@@QAE@XZ    00433420 f i Editor.obj
 0002:00009490       ??0exception@std@@QAE@ABV01@@Z 00433490 f i Editor.obj
 0002:00009520       ??0exception@std@@QAE@QBDH@Z 00433520 f i Editor.obj
 0002:00009590       ??1?$_Compressed_pair@U?$_Wrap_alloc@V?$allocator@D@std@@@std@@V?$_String_val@U?$_Simple_types@D@std@@@2@$00@std@@QAE@XZ 00433590 f i Editor.obj
 0002:000095e0       ??1?$_Iterator012@Urandom_access_iterator_tag@std@@DHPBDABDU_Iterator_base12@2@@std@@QAE@XZ 004335e0 f i Editor.obj
 0002:00009630       ??1?$_String_alloc@U?$_String_base_types@DV?$allocator@D@std@@@std@@@std@@QAE@XZ 00433630 f i Editor.obj
 0002:000096c0       ??1?$_String_const_iterator@V?$_String_val@U?$_Simple_types@D@std@@@std@@@std@@QAE@XZ 004336c0 f i Editor.obj
 0002:00009710       ??1?$_String_iterator@V?$_String_val@U?$_Simple_types@D@std@@@std@@@std@@QAE@XZ 00433710 f i Editor.obj
 0002:00009760       ??1?$_String_val@U?$_Simple_types@D@std@@@std@@QAE@XZ 00433760 f i Editor.obj
 0002:000097c0       ??1?$basic_filebuf@DU?$char_traits@D@std@@@std@@UAE@XZ 004337c0 f i Editor.obj
 0002:00009890       ??1?$basic_ifstream@DU?$char_traits@D@std@@@std@@UAE@XZ 00433890 f i Editor.obj
 0002:00009940       ??1?$basic_string@DU?$char_traits@D@std@@V?$allocator@D@2@@std@@QAE@XZ 00433940 f i Editor.obj
 0002:000099e0       ??1Editor@@UAE@XZ          004339e0 f   Editor.obj
 0002:00009ab0       ??1InputManager@@QAE@XZ    00433ab0 f i Editor.obj
 0002:00009b40       ??1_Bxty@?$_String_val@U?$_Simple_types@D@std@@@std@@QAE@XZ 00433b40 f i Editor.obj
 0002:00009b80       ??1_Container_base12@std@@QAE@XZ 00433b80 f i Editor.obj
 0002:00009c10       ??1_Iterator_base12@std@@QAE@XZ 00433c10 f i Editor.obj
 0002:00009d00       ??1bad_cast@std@@UAE@XZ    00433d00 f i Editor.obj
 0002:00009d50       ??1exception@std@@UAE@XZ   00433d50 f i Editor.obj
 0002:00009dc0       ??1locale@std@@QAE@XZ      00433dc0 f i Editor.obj
 0002:00009ed0       ??2@YAPAXIPAX@Z            00433ed0 f i Editor.obj
 0002:00009f10       ??B?$fpos@U_Mbstatet@@@std@@QBE_JXZ 00433f10 f i Editor.obj
 0002:00009f60       ??D?$_String_const_iterator@V?$_String_val@U?$_Simple_types@D@std@@@std@@@std@@QBEABDXZ 00433f60 f i Editor.obj
 0002:0000a0e0       ??D?$_String_iterator@V?$_String_val@U?$_Simple_types@D@std@@@std@@@std@@QBEAADXZ 004340e0 f i Editor.obj
 0002:0000a130       ??Y?$basic_string@DU?$char_traits@D@std@@V?$allocator@D@2@@std@@QAEAAV01@ABV01@@Z 00434130 f i Editor.obj
 0002:0000a190       ??_D?$basic_ifstream@DU?$char_traits@D@std@@@std@@QAEXXZ 00434190 f i Editor.obj
 0002:0000a1fc       ??_E?$basic_ifstream@DU?$char_traits@D@std@@@std@@$4PPPPPPPM@A@AEPAXI@Z 004341fc f i Editor.obj
 0002:0000a210       ??_E?$basic_filebuf@DU?$char_traits@D@std@@@std@@UAEPAXI@Z 00434210 f i Editor.obj
 0002:0000a210       ??_G?$basic_filebuf@DU?$char_traits@D@std@@@std@@UAEPAXI@Z 00434210 f i Editor.obj
 0002:0000a280       ??_G?$basic_ifstream@DU?$char_traits@D@std@@@std@@UAEPAXI@Z 00434280 f i Editor.obj
 0002:0000a280       ??_E?$basic_ifstream@DU?$char_traits@D@std@@@std@@UAEPAXI@Z 00434280 f i Editor.obj
 0002:0000a300       ??_GEditor@@UAEPAXI@Z      00434300 f i Editor.obj
 0002:0000a300       ??_EEditor@@UAEPAXI@Z      00434300 f i Editor.obj
 0002:0000a390       ??_GGameMessageManager@@QAEPAXI@Z 00434390 f i Editor.obj
 0002:0000a420       ??_GGrid@@QAEPAXI@Z        00434420 f i Editor.obj
 0002:0000a4b0       ??_GGridVisualizer@@QAEPAXI@Z 004344b0 f i Editor.obj
 0002:0000a540       ??_GHelpMenu@@QAEPAXI@Z    00434540 f i Editor.obj
 0002:0000a5d0       ??_GInputManager@@QAEPAXI@Z 004345d0 f i Editor.obj
 0002:0000a660       ??_Ebad_cast@std@@UAEPAXI@Z 00434660 f i Editor.obj
 0002:0000a660       ??_Gbad_cast@std@@UAEPAXI@Z 00434660 f i Editor.obj
 0002:0000a6d0       ??_Eexception@std@@UAEPAXI@Z 004346d0 f i Editor.obj
 0002:0000a6d0       ??_Gexception@std@@UAEPAXI@Z 004346d0 f i Editor.obj
 0002:0000a740       ?_Adopt@_Iterator_base12@std@@QAEXPBU_Container_base12@2@@Z 00434740 f i Editor.obj
 0002:0000a8f0       ?_Alloc_proxy@?$_String_alloc@U?$_String_base_types@DV?$allocator@D@std@@@std@@@std@@QAEXXZ 004348f0 f i Editor.obj
 0002:0000a9f0       ?_Allocate@std@@YAPAXII_N@Z 004349f0 f i Editor.obj
 0002:0000ac50       ?_Assign_rv@?$basic_string@DU?$char_traits@D@std@@V?$allocator@D@2@@std@@QAEX$$QAV12@@Z 00434c50 f i Editor.obj
 0002:0000ad70       ?_Bx@?$_String_alloc@U?$_String_base_types@DV?$allocator@D@std@@@std@@@std@@QAEAAT_Bxty@?$_String_val@U?$_Simple_types@D@std@@@2@XZ 00434d70 f i Editor.obj
 0002:0000add0       ?_Chassign@?$basic_string@DU?$char_traits@D@std@@V?$allocator@D@2@@std@@QAEXIID@Z 00434dd0 f i Editor.obj
 0002:0000ae70       ?_Check_offset@?$basic_string@DU?$char_traits@D@std@@V?$allocator@D@2@@std@@QBEXI@Z 00434e70 f i Editor.obj
 0002:0000aee0       ?_Clamp_suffix_size@?$basic_string@DU?$char_traits@D@std@@V?$allocator@D@2@@std@@QBEIII@Z 00434ee0 f i Editor.obj
 0002:0000af60       ?_Construct@?$basic_string@DU?$char_traits@D@std@@V?$allocator@D@2@@std@@QAEXPAD0Urandom_access_iterator_tag@2@@Z 00434f60 f i Editor.obj
 0002:0000afd0       ?_Copy@?$basic_string@DU?$char_traits@D@std@@V?$allocator@D@2@@std@@QAEXII@Z 00434fd0 f i Editor.obj
 0002:0000b290       ?_Deallocate@std@@YAXPAXII@Z 00435290 f i Editor.obj
 0002:0000b6b0       ?_Endwrite@?$basic_filebuf@DU?$char_traits@D@std@@@std@@IAE_NXZ 004356b0 f i Editor.obj
 0002:0000bb90       ?_Eos@?$basic_string@DU?$char_traits@D@std@@V?$allocator@D@2@@std@@QAEXI@Z 00435b90 f i Editor.obj
 0002:0000bc20       ?_Free_proxy@?$_String_alloc@U?$_String_base_types@DV?$allocator@D@std@@@std@@@std@@QAEXXZ 00435c20 f i Editor.obj
 0002:0000bd10       ?_Get_data@?$_String_alloc@U?$_String_base_types@DV?$allocator@D@std@@@std@@@std@@QAEAAV?$_String_val@U?$_Simple_types@D@std@@@2@XZ 00435d10 f i Editor.obj
 0002:0000bd60       ?_Get_data@?$_String_alloc@U?$_String_base_types@DV?$allocator@D@std@@@std@@@std@@QBEABV?$_String_val@U?$_Simple_types@D@std@@@2@XZ 00435d60 f i Editor.obj
 0002:0000bdb0       ?_Get_first@?$_Compressed_pair@U?$_Wrap_alloc@V?$allocator@D@std@@@std@@V?$_String_val@U?$_Simple_types@D@std@@@2@$00@std@@QAEAAU?$_Wrap_alloc@V?$allocator@D@std@@@2@XZ 00435db0 f i Editor.obj
 0002:0000bdf0       ?_Get_first@?$_Compressed_pair@U?$_Wrap_alloc@V?$allocator@D@std@@@std@@V?$_String_val@U?$_Simple_types@D@std@@@2@$00@std@@QBEABU?$_Wrap_alloc@V?$allocator@D@std@@@2@XZ 00435df0 f i Editor.obj
 0002:0000be30       ?_Get_second@?$_Compressed_pair@U?$_Wrap_alloc@V?$allocator@D@std@@@std@@V?$_String_val@U?$_Simple_types@D@std@@@2@$00@std@@QAEAAV?$_String_val@U?$_Simple_types@D@std@@@2@XZ 00435e30 f i Editor.obj
 0002:0000be70       ?_Get_second@?$_Compressed_pair@U?$_Wrap_alloc@V?$allocator@D@std@@@std@@V?$_String_val@U?$_Simple_types@D@std@@@2@$00@std@@QBEABV?$_String_val@U?$_Simple_types@D@std@@@2@XZ 00435e70 f i Editor.obj
 0002:0000beb0       ?_Getal@?$_String_alloc@U?$_String_base_types@DV?$allocator@D@std@@@std@@@std@@QAEAAU?$_Wrap_alloc@V?$allocator@D@std@@@2@XZ 00435eb0 f i Editor.obj
 0002:0000bf00       ?_Getal@?$_String_alloc@U?$_String_base_types@DV?$allocator@D@std@@@std@@@std@@QBEABU?$_Wrap_alloc@V?$allocator@D@std@@@2@XZ 00435f00 f i Editor.obj
 0002:0000bf50       ?_Getcont@_Iterator_base12@std@@QBEPBU_Container_base12@2@XZ 00435f50 f i Editor.obj
 0002:0000bfc0       ?_Getfacet@locale@std@@QBEPBVfacet@12@I@Z 00435fc0 f i Editor.obj
 0002:0000c0c0       ?_Grow@?$basic_string@DU?$char_traits@D@std@@V?$allocator@D@2@@std@@QAE_NI_N@Z 004360c0 f i Editor.obj
 0002:0000c1f0       ?_Init@?$basic_filebuf@DU?$char_traits@D@std@@@std@@IAEXPAU_iobuf@@W4_Initfl@12@@Z 004361f0 f i Editor.obj
 0002:0000c3b0       ?_Initcvt@?$basic_filebuf@DU?$char_traits@D@std@@@std@@IAEXPBV?$codecvt@DDU_Mbstatet@@@2@@Z 004363b0 f i Editor.obj
 0002:0000c450       ?_Inside@?$basic_string@DU?$char_traits@D@std@@V?$allocator@D@2@@std@@QAE_NPBD@Z 00436450 f i Editor.obj
 0002:0000c4e0       ?_Lock@?$basic_filebuf@DU?$char_traits@D@std@@@std@@UAEXXZ 004364e0 f i Editor.obj
 0002:0000c550       ?_Myproxy@?$_String_alloc@U?$_String_base_types@DV?$allocator@D@std@@@std@@@std@@QAEAAPAU_Container_proxy@2@XZ 00436550 f i Editor.obj
 0002:0000c5a0       ?_Myptr@?$_String_alloc@U?$_String_base_types@DV?$allocator@D@std@@@std@@@std@@QAEPADXZ 004365a0 f i Editor.obj
 0002:0000c600       ?_Myptr@?$_String_alloc@U?$_String_base_types@DV?$allocator@D@std@@@std@@@std@@QBEPBDXZ 00436600 f i Editor.obj
 0002:0000c660       ?_Myptr@?$_String_val@U?$_Simple_types@D@std@@@std@@QAEPADXZ 00436660 f i Editor.obj
 0002:0000c6f0       ?_Myptr@?$_String_val@U?$_Simple_types@D@std@@@std@@QBEPBDXZ 004366f0 f i Editor.obj
 0002:0000c780       ?_Myres@?$_String_alloc@U?$_String_base_types@DV?$allocator@D@std@@@std@@@std@@QAEAAIXZ 00436780 f i Editor.obj
 0002:0000c7e0       ?_Myres@?$_String_alloc@U?$_String_base_types@DV?$allocator@D@std@@@std@@@std@@QBEABIXZ 004367e0 f i Editor.obj
 0002:0000c840       ?_Mysize@?$_String_alloc@U?$_String_base_types@DV?$allocator@D@std@@@std@@@std@@QAEAAIXZ 00436840 f i Editor.obj
 0002:0000c8a0       ?_Mysize@?$_String_alloc@U?$_String_base_types@DV?$allocator@D@std@@@std@@@std@@QBEABIXZ 004368a0 f i Editor.obj
 0002:0000c900       ?_Orphan_all@?$_String_alloc@U?$_String_base_types@DV?$allocator@D@std@@@std@@@std@@QAEXXZ 00436900 f i Editor.obj
 0002:0000c960       ?_Orphan_all@_Container_base12@std@@QAEXXZ 00436960 f i Editor.obj
 0002:0000ca70       ?_Orphan_me@_Iterator_base12@std@@QAEXXZ 00436a70 f i Editor.obj
 0002:0000cb40       ?_Reset_back@?$basic_filebuf@DU?$char_traits@D@std@@@std@@AAEXXZ 00436b40 f i Editor.obj
 0002:0000cbe0       ?_Set_back@?$basic_filebuf@DU?$char_traits@D@std@@@std@@AAEXXZ 00436be0 f i Editor.obj
 0002:0000ccc0       ?_Tidy@?$basic_string@DU?$char_traits@D@std@@V?$allocator@D@2@@std@@QAEX_NI@Z 00436cc0 f i Editor.obj
 0002:0000cde0       ?_Unlock@?$basic_filebuf@DU?$char_traits@D@std@@@std@@UAEXXZ 00436de0 f i Editor.obj
 0002:0000ce50       ?_Xlen@?$basic_string@DU?$char_traits@D@std@@V?$allocator@D@2@@std@@QBEXXZ 00436e50 f i Editor.obj
 0002:0000ceb0       ?_Xran@?$basic_string@DU?$char_traits@D@std@@V?$allocator@D@2@@std@@QBEXXZ 00436eb0 f i Editor.obj
 0002:0000cf10       ?address@?$_Wrap_alloc@V?$allocator@D@std@@@std@@QBEPADAAD@Z 00436f10 f i Editor.obj
 0002:0000cf70       ?address@?$_Wrap_alloc@V?$allocator@U_Container_proxy@std@@@std@@@std@@QBEPAU_Container_proxy@2@AAU32@@Z 00436f70 f i Editor.obj
 0002:0000cfd0       ?allocate@?$_Wrap_alloc@V?$allocator@D@std@@@std@@QAEPADI@Z 00436fd0 f i Editor.obj
 0002:0000d030       ?allocate@?$_Wrap_alloc@V?$allocator@U_Container_proxy@std@@@std@@@std@@QAEPAU_Container_proxy@2@I@Z 00437030 f i Editor.obj
 0002:0000d090       ?allocate@?$allocator@D@std@@QAEPADI@Z 00437090 f i Editor.obj
 0002:0000d0f0       ?allocate@?$allocator@U_Container_proxy@std@@@std@@QAEPAU_Container_proxy@2@I@Z 004370f0 f i Editor.obj
 0002:0000d150       ?append@?$basic_string@DU?$char_traits@D@std@@V?$allocator@D@2@@std@@QAEAAV12@ABV12@@Z 00437150 f i Editor.obj
 0002:0000d1b0       ?append@?$basic_string@DU?$char_traits@D@std@@V?$allocator@D@2@@std@@QAEAAV12@ABV12@II@Z 004371b0 f i Editor.obj
 0002:0000d2d0       ?append@?$basic_string@DU?$char_traits@D@std@@V?$allocator@D@2@@std@@QAEAAV12@ID@Z 004372d0 f i Editor.obj
 0002:0000d3b0       ?assign@?$basic_string@DU?$char_traits@D@std@@V?$allocator@D@2@@std@@QAEAAV12@ABV12@II@Z 004373b0 f i Editor.obj
 0002:0000d4b0       ?assign@?$basic_string@DU?$char_traits@D@std@@V?$allocator@D@2@@std@@QAEAAV12@ID@Z 004374b0 f i Editor.obj
 0002:0000d560       ?assign@?$basic_string@DU?$char_traits@D@std@@V?$allocator@D@2@@std@@QAEAAV12@PBD@Z 00437560 f i Editor.obj
 0002:0000d5f0       ?assign@?$basic_string@DU?$char_traits@D@std@@V?$allocator@D@2@@std@@QAEAAV12@PBDI@Z 004375f0 f i Editor.obj
 0002:0000d710       ?assign@?$char_traits@D@std@@SAPADPADID@Z 00437710 f i Editor.obj
 0002:0000d770       ?assign@?$char_traits@D@std@@SAXAADABD@Z 00437770 f i Editor.obj
 0002:0000d7b0       ?begin@?$basic_string@DU?$char_traits@D@std@@V?$allocator@D@2@@std@@QAE?AV?$_String_iterator@V?$_String_val@U?$_Simple_types@D@std@@@std@@@2@XZ 004377b0 f i Editor.obj
 0002:0000d870       ?beginLoop@Editor@@UAEXXZ  00437870 f   Editor.obj
 0002:0000d8c0       ?c_str@?$basic_string@DU?$char_traits@D@std@@V?$allocator@D@2@@std@@QBEPBDXZ 004378c0 f i Editor.obj
 0002:0000d950       ?capacity@?$basic_string@DU?$char_traits@D@std@@V?$allocator@D@2@@std@@QBEIXZ 00437950 f i Editor.obj
 0002:0000d9b0       ?cleanup@Editor@@UAEXXZ    004379b0 f   Editor.obj
 0002:0000dbd0       ?close@?$basic_filebuf@DU?$char_traits@D@std@@@std@@QAEPAV12@XZ 00437bd0 f i Editor.obj
 0002:0000dc90       ?close@?$basic_ifstream@DU?$char_traits@D@std@@@std@@QAEXXZ 00437c90 f i Editor.obj
 0002:0000dd10       ?copy@?$char_traits@D@std@@SAPADPADPBDI@Z 00437d10 f i Editor.obj
 0002:0000dd90       ?deallocate@?$_Wrap_alloc@V?$allocator@D@std@@@std@@QAEXPADI@Z 00437d90 f i Editor.obj
 0002:0000ddf0       ?deallocate@?$_Wrap_alloc@V?$allocator@U_Container_proxy@std@@@std@@@std@@QAEXPAU_Container_proxy@2@I@Z 00437df0 f i Editor.obj
 0002:0000de50       ?deallocate@?$allocator@D@std@@QAEXPADI@Z 00437e50 f i Editor.obj
 0002:0000deb0       ?deallocate@?$allocator@U_Container_proxy@std@@@std@@QAEXPAU_Container_proxy@2@I@Z 00437eb0 f i Editor.obj
 0002:0000df10       ?endLoop@Editor@@UAE_NXZ   00437f10 f   Editor.obj
 0002:0000df60       ?erase@?$basic_string@DU?$char_traits@D@std@@V?$allocator@D@2@@std@@QAEAAV12@I@Z 00437f60 f i Editor.obj
 0002:0000dfd0       ?erase@?$basic_string@DU?$char_traits@D@std@@V?$allocator@D@2@@std@@QAEAAV12@II@Z 00437fd0 f i Editor.obj
 0002:0000e0b0       ?getBackBuffer@GraphicsSystem@@QAEPAVGraphicsBuffer@@XZ 004380b0 f i Editor.obj
 0002:0000e0f0       ?getFilename@Editor@@QAE?AV?$basic_string@DU?$char_traits@D@std@@V?$allocator@D@2@@std@@XZ 004380f0 f i Editor.obj
 0002:0000e2c0       ?getHeight@GraphicsBuffer@@QBEHXZ 004382c0 f i Editor.obj
 0002:0000e330       ?getHeight@GraphicsSystem@@QBEHXZ 00438330 f i Editor.obj
 0002:0000e370       ?getWidth@GraphicsBuffer@@QBEHXZ 00438370 f i Editor.obj
 0002:0000e3e0       ?getWidth@GraphicsSystem@@QBEHXZ 004383e0 f i Editor.obj
 0002:0000e420       ?imbue@?$basic_filebuf@DU?$char_traits@D@std@@@std@@MAEXABVlocale@2@@Z 00438420 f i Editor.obj
 0002:0000e490       ?init@Editor@@UAE_NXZ      00438490 f   Editor.obj
 0002:0000ef50       ?insert@?$basic_string@DU?$char_traits@D@std@@V?$allocator@D@2@@std@@QAEAAV12@IABV12@@Z 00438f50 f i Editor.obj
 0002:0000efb0       ?insert@?$basic_string@DU?$char_traits@D@std@@V?$allocator@D@2@@std@@QAEAAV12@IABV12@II@Z 00438fb0 f i Editor.obj
 0002:0000f170       ?loadGrid@Editor@@QAEXAAV?$basic_ifstream@DU?$char_traits@D@std@@@std@@@Z 00439170 f   Editor.obj
 0002:0000f1d0       ?max_size@?$_Wrap_alloc@V?$allocator@D@std@@@std@@QBEIU_Nil@2@@Z 004391d0 f i Editor.obj
 0002:0000f230       ?max_size@?$allocator@D@std@@QBEIXZ 00439230 f i Editor.obj
 0002:0000f270       ?max_size@?$allocator_traits@V?$allocator@D@std@@@std@@SAIABV?$allocator@D@2@@Z 00439270 f i Editor.obj
 0002:0000f2c0       ?max_size@?$basic_string@DU?$char_traits@D@std@@V?$allocator@D@2@@std@@QBEIXZ 004392c0 f i Editor.obj
 0002:0000f360       ?move@?$char_traits@D@std@@SAPADPADPBDI@Z 00439360 f i Editor.obj
 0002:0000f3f0       ?not_eof@?$char_traits@D@std@@SAHABH@Z 004393f0 f i Editor.obj
 0002:0000f490       ?open@?$basic_filebuf@DU?$char_traits@D@std@@@std@@QAEPAV12@PBDHH@Z 00439490 f i Editor.obj
 0002:0000f5e0       ?overflow@?$basic_filebuf@DU?$char_traits@D@std@@@std@@MAEHH@Z 004395e0 f i Editor.obj
 0002:0000fc70       ?pbackfail@?$basic_filebuf@DU?$char_traits@D@std@@@std@@MAEHH@Z 00439c70 f i Editor.obj
 0002:0000fec0       ?pointer_to@?$pointer_traits@PAD@std@@SAPADAAD@Z 00439ec0 f i Editor.obj
 0002:0000ff10       ?pointer_to@?$pointer_traits@PAU_Container_proxy@std@@@std@@SAPAU_Container_proxy@2@AAU32@@Z 00439f10 f i Editor.obj
 0002:0000ff60       ?processLoop@Editor@@UAEXXZ 00439f60 f   Editor.obj
 0002:00010000       ?reserve@?$basic_string@DU?$char_traits@D@std@@V?$allocator@D@2@@std@@QAEXI@Z 0043a000 f i Editor.obj
 0002:000100b0       ?saveGrid@Editor@@QAEXAAV?$basic_ofstream@DU?$char_traits@D@std@@@std@@@Z 0043a0b0 f   Editor.obj
 0002:00010110       ?seekoff@?$basic_filebuf@DU?$char_traits@D@std@@@std@@MAE?AV?$fpos@U_Mbstatet@@@2@_JHH@Z 0043a110 f i Editor.obj
 0002:000102c0       ?seekpos@?$basic_filebuf@DU?$char_traits@D@std@@@std@@MAE?AV?$fpos@U_Mbstatet@@@2@V32@H@Z 0043a2c0 f i Editor.obj
 0002:000104a0       ?seekpos@?$fpos@U_Mbstatet@@@std@@QBE_JXZ 0043a4a0 f i Editor.obj
 0002:000104e0       ?setEditor@GridVisualizer@@QAEX_N@Z 0043a4e0 f i Editor.obj
 0002:00010530       ?setbuf@?$basic_filebuf@DU?$char_traits@D@std@@@std@@MAEPAV?$basic_streambuf@DU?$char_traits@D@std@@@2@PAD_J@Z 0043a530 f i Editor.obj
 0002:00010610       ?size@?$basic_string@DU?$char_traits@D@std@@V?$allocator@D@2@@std@@QBEIXZ 0043a610 f i Editor.obj
 0002:00010670       ?state@?$fpos@U_Mbstatet@@@std@@QBE?AU_Mbstatet@@XZ 0043a670 f i Editor.obj
 0002:000106c0       ?sync@?$basic_filebuf@DU?$char_traits@D@std@@@std@@MAEHXZ 0043a6c0 f i Editor.obj
 0002:000107c0       ?to_char_type@?$char_traits@D@std@@SADABH@Z 0043a7c0 f i Editor.obj
 0002:00010800       ?to_int_type@?$char_traits@D@std@@SAHABD@Z 0043a800 f i Editor.obj
 0002:00010840       ?to_string@std@@YA?AV?$basic_string@DU?$char_traits@D@std@@V?$allocator@D@2@@1@H@Z 0043a840 f i Editor.obj
 0002:000108c0       ?uflow@?$basic_filebuf@DU?$char_traits@D@std@@@std@@MAEHXZ 0043a8c0 f i Editor.obj
 0002:00010ee0       ?underflow@?$basic_filebuf@DU?$char_traits@D@std@@@std@@MAEHXZ 0043aee0 f i Editor.obj
 0002:00011050       ?what@exception@std@@UBEPBDXZ 0043b050 f i Editor.obj
 0002:000112b0       ??0ExitGameMessage@@QAE@XZ 0043b2b0 f   ExitGameMessage.obj
 0002:00011310       ??1ExitGameMessage@@QAE@XZ 0043b310 f   ExitGameMessage.obj
 0002:00011370       ?markForExit@Game@@QAEXXZ  0043b370 f i ExitGameMessage.obj
 0002:000113b0       ?process@ExitGameMessage@@UAEXXZ 0043b3b0 f   ExitGameMessage.obj
 0002:00011410       ??0GameMessage@@QAE@W4MessageType@@@Z 0043b410 f   GameMessage.obj
 0002:00011480       ??1GameMessage@@QAE@XZ     0043b480 f   GameMessage.obj
 0002:000114c0       ??$?0$$V@?$_Compressed_pair@U?$_Wrap_alloc@V?$allocator@U?$_List_node@PAVGameMessage@@PAX@std@@@std@@@std@@V?$_List_val@U?$_List_simple_types@PAVGameMessage@@@std@@@2@$00@std@@QAE@U_Zero_then_variadic_args_t@1@@Z 0043b4c0 f i GameMessageManager.obj
 0002:00011520       ??$?0AAU?$_Wrap_alloc@V?$allocator@U?$_List_node@PAVGameMessage@@PAX@std@@@std@@@std@@@?$_Wrap_alloc@V?$allocator@U_Container_proxy@std@@@std@@@std@@QAE@AAU?$_Wrap_alloc@V?$allocator@U?$_List_node@PAVGameMessage@@PAX@std@@@std@@@1@@Z 0043b520 f i GameMessageManager.obj
 0002:00011590       ??$?0U?$_List_node@PAVGameMessage@@PAX@std@@@?$allocator@U_Container_proxy@std@@@std@@QAE@ABV?$allocator@U?$_List_node@PAVGameMessage@@PAX@std@@@1@@Z 0043b590 f i GameMessageManager.obj
 0002:000115d0       ??$_Buynode@ABQAVGameMessage@@@?$_List_buy@PAVGameMessage@@V?$allocator@PAVGameMessage@@@std@@@std@@QAEPAU?$_List_node@PAVGameMessage@@PAX@1@PAU21@0ABQAVGameMessage@@@Z 0043b5d0 f i GameMessageManager.obj
 0002:00011710       ??$_Insert@ABQAVGameMessage@@@?$list@PAVGameMessage@@V?$allocator@PAVGameMessage@@@std@@@std@@QAEXV?$_List_unchecked_const_iterator@V?$_List_val@U?$_List_simple_types@PAVGameMessage@@@std@@@std@@U_Iterator_base0@2@@1@ABQAVGameMessage@@@Z 0043b710 f i GameMessageManager.obj
 0002:000117e0       ??$addressof@PAU?$_List_node@PAVGameMessage@@PAX@std@@@std@@YAPAPAU?$_List_node@PAVGameMessage@@PAX@0@AAPAU10@@Z 0043b7e0 f i GameMessageManager.obj
 0002:00011820       ??$addressof@PAVGameMessage@@@std@@YAPAPAVGameMessage@@AAPAV1@@Z 0043b820 f i GameMessageManager.obj
 0002:00011860       ??$construct@PAU?$_List_node@PAVGameMessage@@PAX@std@@AAPAU12@@?$_Wrap_alloc@V?$allocator@U?$_List_node@PAVGameMessage@@PAX@std@@@std@@@std@@QAEXPAPAU?$_List_node@PAVGameMessage@@PAX@1@AAPAU21@@Z 0043b860 f i GameMessageManager.obj
 0002:000118d0       ??$construct@PAU?$_List_node@PAVGameMessage@@PAX@std@@AAPAU12@@?$allocator@U?$_List_node@PAVGameMessage@@PAX@std@@@std@@QAEXPAPAU?$_List_node@PAVGameMessage@@PAX@1@AAPAU21@@Z 0043b8d0 f i GameMessageManager.obj
 0002:00011980       ??$construct@PAU?$_List_node@PAVGameMessage@@PAX@std@@AAPAU12@@?$allocator_traits@V?$allocator@U?$_List_node@PAVGameMessage@@PAX@std@@@std@@@std@@SAXAAV?$allocator@U?$_List_node@PAVGameMessage@@PAX@std@@@1@PAPAU?$_List_node@PAVGameMessage@@PAX@1@AAPAU31@@Z 0043b980 f i GameMessageManager.obj
 0002:000119e0       ??$construct@PAVGameMessage@@ABQAV1@@?$_Wrap_alloc@V?$allocator@U?$_List_node@PAVGameMessage@@PAX@std@@@std@@@std@@QAEXPAPAVGameMessage@@ABQAV2@@Z 0043b9e0 f i GameMessageManager.obj
 0002:00011a50       ??$construct@PAVGameMessage@@ABQAV1@@?$allocator@U?$_List_node@PAVGameMessage@@PAX@std@@@std@@QAEXPAPAVGameMessage@@ABQAV2@@Z 0043ba50 f i GameMessageManager.obj
 0002:00011b00       ??$construct@PAVGameMessage@@ABQAV1@@?$allocator_traits@V?$allocator@U?$_List_node@PAVGameMessage@@PAX@std@@@std@@@std@@SAXAAV?$allocator@U?$_List_node@PAVGameMessage@@PAX@std@@@1@PAPAVGameMessage@@ABQAV3@@Z 0043bb00 f i GameMessageManager.obj
 0002:00011b60       ??$destroy@PAU?$_List_node@PAVGameMessage@@PAX@std@@@?$_Wrap_alloc@V?$allocator@U?$_List_node@PAVGameMessage@@PAX@std@@@std@@@std@@QAEXPAPAU?$_List_node@PAVGameMessage@@PAX@1@@Z 0043bb60 f i GameMessageManager.obj
 0002:00011bc0       ??$destroy@PAU?$_List_node@PAVGameMessage@@PAX@std@@@?$allocator@U?$_List_node@PAVGameMessage@@PAX@std@@@std@@QAEXPAPAU?$_List_node@PAVGameMessage@@PAX@1@@Z 0043bbc0 f i GameMessageManager.obj
 0002:00011c00       ??$destroy@PAU?$_List_node@PAVGameMessage@@PAX@std@@@?$allocator_traits@V?$allocator@U?$_List_node@PAVGameMessage@@PAX@std@@@std@@@std@@SAXAAV?$allocator@U?$_List_node@PAVGameMessage@@PAX@std@@@1@PAPAU?$_List_node@PAVGameMessage@@PAX@1@@Z 0043bc00 f i GameMessageManager.obj
 0002:00011c50       ??$destroy@PAVGameMessage@@@?$_Wrap_alloc@V?$allocator@U?$_List_node@PAVGameMessage@@PAX@std@@@std@@@std@@QAEXPAPAVGameMessage@@@Z 0043bc50 f i GameMessageManager.obj
 0002:00011cb0       ??$destroy@PAVGameMessage@@@?$allocator@U?$_List_node@PAVGameMessage@@PAX@std@@@std@@QAEXPAPAVGameMessage@@@Z 0043bcb0 f i GameMessageManager.obj
 0002:00011cf0       ??$destroy@PAVGameMessage@@@?$allocator_traits@V?$allocator@U?$_List_node@PAVGameMessage@@PAX@std@@@std@@@std@@SAXAAV?$allocator@U?$_List_node@PAVGameMessage@@PAX@std@@@1@PAPAVGameMessage@@@Z 0043bcf0 f i GameMessageManager.obj
 0002:00011d40       ??$forward@AAPAU?$_List_node@PAVGameMessage@@PAX@std@@@std@@YAAAPAU?$_List_node@PAVGameMessage@@PAX@0@AAPAU10@@Z 0043bd40 f i GameMessageManager.obj
 0002:00011d80       ??$forward@AAU?$_Wrap_alloc@V?$allocator@U?$_List_node@PAVGameMessage@@PAX@std@@@std@@@std@@@std@@YAAAU?$_Wrap_alloc@V?$allocator@U?$_List_node@PAVGameMessage@@PAX@std@@@std@@@0@AAU10@@Z 0043bd80 f i GameMessageManager.obj
 0002:00011dc0       ??$forward@ABQAVGameMessage@@@std@@YAABQAVGameMessage@@ABQAV1@@Z 0043bdc0 f i GameMessageManager.obj
 0002:00011e00       ??0?$_Iterator012@Ubidirectional_iterator_tag@std@@PAVGameMessage@@HPBQAV3@ABQAV3@U_Iterator_base12@2@@std@@QAE@$$QAU01@@Z 0043be00 f i GameMessageManager.obj
 0002:00011e60       ??0?$_Iterator012@Ubidirectional_iterator_tag@std@@PAVGameMessage@@HPBQAV3@ABQAV3@U_Iterator_base12@2@@std@@QAE@ABU01@@Z 0043be60 f i GameMessageManager.obj
 0002:00011ec0       ??0?$_Iterator012@Ubidirectional_iterator_tag@std@@PAVGameMessage@@HPBQAV3@ABQAV3@U_Iterator_base12@2@@std@@QAE@XZ 0043bec0 f i GameMessageManager.obj
 0002:00011f20       ??0?$_List_alloc@U?$_List_base_types@PAVGameMessage@@V?$allocator@PAVGameMessage@@@std@@@std@@@std@@QAE@XZ 0043bf20 f i GameMessageManager.obj
 0002:00012030       ??0?$_List_buy@PAVGameMessage@@V?$allocator@PAVGameMessage@@@std@@@std@@QAE@XZ 0043c030 f i GameMessageManager.obj
 0002:00012090       ??0?$_List_const_iterator@V?$_List_val@U?$_List_simple_types@PAVGameMessage@@@std@@@std@@@std@@QAE@$$QAV01@@Z 0043c090 f i GameMessageManager.obj
 0002:000120f0       ??0?$_List_const_iterator@V?$_List_val@U?$_List_simple_types@PAVGameMessage@@@std@@@std@@@std@@QAE@ABV01@@Z 0043c0f0 f i GameMessageManager.obj
 0002:00012150       ??0?$_List_const_iterator@V?$_List_val@U?$_List_simple_types@PAVGameMessage@@@std@@@std@@@std@@QAE@PAU?$_List_node@PAVGameMessage@@PAX@1@PBV?$_List_val@U?$_List_simple_types@PAVGameMessage@@@std@@@1@@Z 0043c150 f i GameMessageManager.obj
 0002:000121b0       ??0?$_List_const_iterator@V?$_List_val@U?$_List_simple_types@PAVGameMessage@@@std@@@std@@@std@@QAE@XZ 0043c1b0 f i GameMessageManager.obj
 0002:00012210       ??0?$_List_iterator@V?$_List_val@U?$_List_simple_types@PAVGameMessage@@@std@@@std@@@std@@QAE@PAU?$_List_node@PAVGameMessage@@PAX@1@PBV?$_List_val@U?$_List_simple_types@PAVGameMessage@@@std@@@1@@Z 0043c210 f i GameMessageManager.obj
 0002:00012270       ??0?$_List_iterator@V?$_List_val@U?$_List_simple_types@PAVGameMessage@@@std@@@std@@@std@@QAE@XZ 0043c270 f i GameMessageManager.obj
 0002:000122d0       ??0?$_List_unchecked_const_iterator@V?$_List_val@U?$_List_simple_types@PAVGameMessage@@@std@@@std@@U_Iterator_base0@2@@std@@QAE@PAU?$_List_node@PAVGameMessage@@PAX@1@PBV?$_List_val@U?$_List_simple_types@PAVGameMessage@@@std@@@1@@Z 0043c2d0 f i GameMessageManager.obj
 0002:00012340       ??0?$_List_unchecked_const_iterator@V?$_List_val@U?$_List_simple_types@PAVGameMessage@@@std@@@std@@U_Iterator_base12@2@@std@@QAE@$$QAV01@@Z 0043c340 f i GameMessageManager.obj
 0002:000123b0       ??0?$_List_unchecked_const_iterator@V?$_List_val@U?$_List_simple_types@PAVGameMessage@@@std@@@std@@U_Iterator_base12@2@@std@@QAE@ABV01@@Z 0043c3b0 f i GameMessageManager.obj
 0002:00012420       ??0?$_List_unchecked_const_iterator@V?$_List_val@U?$_List_simple_types@PAVGameMessage@@@std@@@std@@U_Iterator_base12@2@@std@@QAE@PAU?$_List_node@PAVGameMessage@@PAX@1@PBV?$_List_val@U?$_List_simple_types@PAVGameMessage@@@std@@@1@@Z 0043c420 f i GameMessageManager.obj
 0002:000124e0       ??0?$_List_unchecked_const_iterator@V?$_List_val@U?$_List_simple_types@PAVGameMessage@@@std@@@std@@U_Iterator_base12@2@@std@@QAE@XZ 0043c4e0 f i GameMessageManager.obj
 0002:00012540       ??0?$_List_unchecked_iterator@V?$_List_val@U?$_List_simple_types@PAVGameMessage@@@std@@@std@@@std@@QAE@PAU?$_List_node@PAVGameMessage@@PAX@1@PBV?$_List_val@U?$_List_simple_types@PAVGameMessage@@@std@@@1@@Z 0043c540 f i GameMessageManager.obj
 0002:000125a0       ??0?$_List_val@U?$_List_simple_types@PAVGameMessage@@@std@@@std@@QAE@XZ 0043c5a0 f i GameMessageManager.obj
 0002:00012610       ??0?$_Wrap_alloc@V?$allocator@U?$_List_node@PAVGameMessage@@PAX@std@@@std@@@std@@QAE@XZ 0043c610 f i GameMessageManager.obj
 0002:00012670       ??0?$allocator@U?$_List_node@PAVGameMessage@@PAX@std@@@std@@QAE@XZ 0043c670 f i GameMessageManager.obj
 0002:000126b0       ??0?$list@PAVGameMessage@@V?$allocator@PAVGameMessage@@@std@@@std@@QAE@XZ 0043c6b0 f i GameMessageManager.obj
 0002:00012710       ??0GameMessageManager@@QAE@XZ 0043c710 f   GameMessageManager.obj
 0002:00012770       ??0_Iterator_base12@std@@QAE@ABU01@@Z 0043c770 f i GameMessageManager.obj
 0002:000127f0       ??1?$_Compressed_pair@U?$_Wrap_alloc@V?$allocator@U?$_List_node@PAVGameMessage@@PAX@std@@@std@@@std@@V?$_List_val@U?$_List_simple_types@PAVGameMessage@@@std@@@2@$00@std@@QAE@XZ 0043c7f0 f i GameMessageManager.obj
 0002:00012840       ??1?$_Iterator012@Ubidirectional_iterator_tag@std@@PAVGameMessage@@HPBQAV3@ABQAV3@U_Iterator_base12@2@@std@@QAE@XZ 0043c840 f i GameMessageManager.obj
 0002:00012890       ??1?$_List_alloc@U?$_List_base_types@PAVGameMessage@@V?$allocator@PAVGameMessage@@@std@@@std@@@std@@QAE@XZ 0043c890 f i GameMessageManager.obj
 0002:00012940       ??1?$_List_buy@PAVGameMessage@@V?$allocator@PAVGameMessage@@@std@@@std@@QAE@XZ 0043c940 f i GameMessageManager.obj
 0002:00012990       ??1?$_List_const_iterator@V?$_List_val@U?$_List_simple_types@PAVGameMessage@@@std@@@std@@@std@@QAE@XZ 0043c990 f i GameMessageManager.obj
 0002:000129e0       ??1?$_List_iterator@V?$_List_val@U?$_List_simple_types@PAVGameMessage@@@std@@@std@@@std@@QAE@XZ 0043c9e0 f i GameMessageManager.obj
 0002:00012a30       ??1?$_List_unchecked_const_iterator@V?$_List_val@U?$_List_simple_types@PAVGameMessage@@@std@@@std@@U_Iterator_base12@2@@std@@QAE@XZ 0043ca30 f i GameMessageManager.obj
 0002:00012a80       ??1?$_List_val@U?$_List_simple_types@PAVGameMessage@@@std@@@std@@QAE@XZ 0043ca80 f i GameMessageManager.obj
 0002:00012ad0       ??1?$list@PAVGameMessage@@V?$allocator@PAVGameMessage@@@std@@@std@@QAE@XZ 0043cad0 f i GameMessageManager.obj
 0002:00012b60       ??1GameMessageManager@@QAE@XZ 0043cb60 f   GameMessageManager.obj
 0002:00012d00       ??4?$_Iterator012@Ubidirectional_iterator_tag@std@@PAVGameMessage@@HPBQAV3@ABQAV3@U_Iterator_base12@2@@std@@QAEAAU01@$$QAU01@@Z 0043cd00 f i GameMessageManager.obj
 0002:00012d60       ??4?$_List_const_iterator@V?$_List_val@U?$_List_simple_types@PAVGameMessage@@@std@@@std@@@std@@QAEAAV01@$$QAV01@@Z 0043cd60 f i GameMessageManager.obj
 0002:00012dc0       ??4?$_List_iterator@V?$_List_val@U?$_List_simple_types@PAVGameMessage@@@std@@@std@@@std@@QAEAAV01@$$QAV01@@Z 0043cdc0 f i GameMessageManager.obj
 0002:00012e20       ??4?$_List_unchecked_const_iterator@V?$_List_val@U?$_List_simple_types@PAVGameMessage@@@std@@@std@@U_Iterator_base12@2@@std@@QAEAAV01@$$QAV01@@Z 0043ce20 f i GameMessageManager.obj
 0002:00012e90       ??4_Iterator_base12@std@@QAEAAU01@ABU01@@Z 0043ce90 f i GameMessageManager.obj
 0002:00012fd0       ??8?$_List_const_iterator@V?$_List_val@U?$_List_simple_types@PAVGameMessage@@@std@@@std@@@std@@QBE_NABV01@@Z 0043cfd0 f i GameMessageManager.obj
 0002:00013120       ??9?$_List_const_iterator@V?$_List_val@U?$_List_simple_types@PAVGameMessage@@@std@@@std@@@std@@QBE_NABV01@@Z 0043d120 f i GameMessageManager.obj
 0002:000131b0       ??D?$_List_const_iterator@V?$_List_val@U?$_List_simple_types@PAVGameMessage@@@std@@@std@@@std@@QBEABQAVGameMessage@@XZ 0043d1b0 f i GameMessageManager.obj
 0002:000132f0       ??D?$_List_iterator@V?$_List_val@U?$_List_simple_types@PAVGameMessage@@@std@@@std@@@std@@QBEAAPAVGameMessage@@XZ 0043d2f0 f i GameMessageManager.obj
 0002:00013340       ??E?$_List_const_iterator@V?$_List_val@U?$_List_simple_types@PAVGameMessage@@@std@@@std@@@std@@QAE?AV01@H@Z 0043d340 f i GameMessageManager.obj
 0002:00013460       ??E?$_List_const_iterator@V?$_List_val@U?$_List_simple_types@PAVGameMessage@@@std@@@std@@@std@@QAEAAV01@XZ 0043d460 f i GameMessageManager.obj
 0002:000135b0       ??E?$_List_iterator@V?$_List_val@U?$_List_simple_types@PAVGameMessage@@@std@@@std@@@std@@QAEAAV01@XZ 0043d5b0 f i GameMessageManager.obj
 0002:00013610       ??_GGameMessage@@QAEPAXI@Z 0043d610 f i GameMessageManager.obj
 0002:000136a0       ?_Adopt@_Iterator_base0@std@@QAEXPBX@Z 0043d6a0 f i GameMessageManager.obj
 0002:000136e0       ?_Alloc_proxy@?$_List_alloc@U?$_List_base_types@PAVGameMessage@@V?$allocator@PAVGameMessage@@@std@@@std@@@std@@QAEXXZ 0043d6e0 f i GameMessageManager.obj
 0002:000137e0       ?_Buyheadnode@?$_List_alloc@U?$_List_base_types@PAVGameMessage@@V?$allocator@PAVGameMessage@@@std@@@std@@@std@@QAEPAU?$_List_node@PAVGameMessage@@PAX@2@XZ 0043d7e0 f i GameMessageManager.obj
 0002:00013840       ?_Buynode0@?$_List_alloc@U?$_List_base_types@PAVGameMessage@@V?$allocator@PAVGameMessage@@@std@@@std@@@std@@QAEPAU?$_List_node@PAVGameMessage@@PAX@2@PAU32@0@Z 0043d840 f i GameMessageManager.obj
 0002:000139d0       ?_Clrcont@_Iterator_base12@std@@QAEXXZ 0043d9d0 f i GameMessageManager.obj
 0002:00013a10       ?_Free_proxy@?$_List_alloc@U?$_List_base_types@PAVGameMessage@@V?$allocator@PAVGameMessage@@@std@@@std@@@std@@QAEXXZ 0043da10 f i GameMessageManager.obj
 0002:00013b00       ?_Freeheadnode@?$_List_alloc@U?$_List_base_types@PAVGameMessage@@V?$allocator@PAVGameMessage@@@std@@@std@@@std@@QAEXPAU?$_List_node@PAVGameMessage@@PAX@2@@Z 0043db00 f i GameMessageManager.obj
 0002:00013bc0       ?_Freenode@?$_List_buy@PAVGameMessage@@V?$allocator@PAVGameMessage@@@std@@@std@@QAEXPAU?$_List_node@PAVGameMessage@@PAX@2@@Z 0043dbc0 f i GameMessageManager.obj
 0002:00013cb0       ?_Get_data@?$_List_alloc@U?$_List_base_types@PAVGameMessage@@V?$allocator@PAVGameMessage@@@std@@@std@@@std@@QAEAAV?$_List_val@U?$_List_simple_types@PAVGameMessage@@@std@@@2@XZ 0043dcb0 f i GameMessageManager.obj
 0002:00013d00       ?_Get_data@?$_List_alloc@U?$_List_base_types@PAVGameMessage@@V?$allocator@PAVGameMessage@@@std@@@std@@@std@@QBEABV?$_List_val@U?$_List_simple_types@PAVGameMessage@@@std@@@2@XZ 0043dd00 f i GameMessageManager.obj
 0002:00013d50       ?_Get_first@?$_Compressed_pair@U?$_Wrap_alloc@V?$allocator@U?$_List_node@PAVGameMessage@@PAX@std@@@std@@@std@@V?$_List_val@U?$_List_simple_types@PAVGameMessage@@@std@@@2@$00@std@@QAEAAU?$_Wrap_alloc@V?$allocator@U?$_List_node@PAVGameMessage@@PAX@std@@@std@@@2@XZ 0043dd50 f i GameMessageManager.obj
 0002:00013d90       ?_Get_first@?$_Compressed_pair@U?$_Wrap_alloc@V?$allocator@U?$_List_node@PAVGameMessage@@PAX@std@@@std@@@std@@V?$_List_val@U?$_List_simple_types@PAVGameMessage@@@std@@@2@$00@std@@QBEABU?$_Wrap_alloc@V?$allocator@U?$_List_node@PAVGameMessage@@PAX@std@@@std@@@2@XZ 0043dd90 f i GameMessageManager.obj
 0002:00013dd0       ?_Get_second@?$_Compressed_pair@U?$_Wrap_alloc@V?$allocator@U?$_List_node@PAVGameMessage@@PAX@std@@@std@@@std@@V?$_List_val@U?$_List_simple_types@PAVGameMessage@@@std@@@2@$00@std@@QAEAAV?$_List_val@U?$_List_simple_types@PAVGameMessage@@@std@@@2@XZ 0043ddd0 f i GameMessageManager.obj
 0002:00013e10       ?_Get_second@?$_Compressed_pair@U?$_Wrap_alloc@V?$allocator@U?$_List_node@PAVGameMessage@@PAX@std@@@std@@@std@@V?$_List_val@U?$_List_simple_types@PAVGameMessage@@@std@@@2@$00@std@@QBEABV?$_List_val@U?$_List_simple_types@PAVGameMessage@@@std@@@2@XZ 0043de10 f i GameMessageManager.obj
 0002:00013e50       ?_Getal@?$_List_alloc@U?$_List_base_types@PAVGameMessage@@V?$allocator@PAVGameMessage@@@std@@@std@@@std@@QAEAAU?$_Wrap_alloc@V?$allocator@U?$_List_node@PAVGameMessage@@PAX@std@@@std@@@2@XZ 0043de50 f i GameMessageManager.obj
 0002:00013ea0       ?_Getal@?$_List_alloc@U?$_List_base_types@PAVGameMessage@@V?$allocator@PAVGameMessage@@@std@@@std@@@std@@QBEABU?$_Wrap_alloc@V?$allocator@U?$_List_node@PAVGameMessage@@PAX@std@@@std@@@2@XZ 0043dea0 f i GameMessageManager.obj
 0002:00013ef0       ?_Getpfirst@?$_List_alloc@U?$_List_base_types@PAVGameMessage@@V?$allocator@PAVGameMessage@@@std@@@std@@@std@@QBEPAPAU_Iterator_base12@2@XZ 0043def0 f i GameMessageManager.obj
 0002:00013f50       ?_Getpfirst@_Container_base12@std@@QBEPAPAU_Iterator_base12@2@XZ 0043df50 f i GameMessageManager.obj
 0002:00013fc0       ?_Getpnext@_Iterator_base12@std@@QAEPAPAU12@XZ 0043dfc0 f i GameMessageManager.obj
 0002:00014000       ?_Incsize@?$list@PAVGameMessage@@V?$allocator@PAVGameMessage@@@std@@@std@@QAEXI@Z 0043e000 f i GameMessageManager.obj
 0002:000140b0       ?_Make_iter@?$list@PAVGameMessage@@V?$allocator@PAVGameMessage@@@std@@@std@@QBE?AV?$_List_iterator@V?$_List_val@U?$_List_simple_types@PAVGameMessage@@@std@@@std@@@2@V?$_List_const_iterator@V?$_List_val@U?$_List_simple_types@PAVGameMessage@@@std@@@std@@@2@@Z 0043e0b0 f i GameMessageManager.obj
 0002:00014160       ?_Myhead@?$_List_alloc@U?$_List_base_types@PAVGameMessage@@V?$allocator@PAVGameMessage@@@std@@@std@@@std@@QAEAAPAU?$_List_node@PAVGameMessage@@PAX@2@XZ 0043e160 f i GameMessageManager.obj
 0002:000141c0       ?_Mynode@?$_List_unchecked_const_iterator@V?$_List_val@U?$_List_simple_types@PAVGameMessage@@@std@@@std@@U_Iterator_base0@2@@std@@QBEPAU?$_List_node@PAVGameMessage@@PAX@2@XZ 0043e1c0 f i GameMessageManager.obj
 0002:00014200       ?_Mynode@?$_List_unchecked_const_iterator@V?$_List_val@U?$_List_simple_types@PAVGameMessage@@@std@@@std@@U_Iterator_base12@2@@std@@QBEPAU?$_List_node@PAVGameMessage@@PAX@2@XZ 0043e200 f i GameMessageManager.obj
 0002:00014240       ?_Myproxy@?$_List_alloc@U?$_List_base_types@PAVGameMessage@@V?$allocator@PAVGameMessage@@@std@@@std@@@std@@QAEAAPAU_Container_proxy@2@XZ 0043e240 f i GameMessageManager.obj
 0002:00014290       ?_Mysize@?$_List_alloc@U?$_List_base_types@PAVGameMessage@@V?$allocator@PAVGameMessage@@@std@@@std@@@std@@QAEAAIXZ 0043e290 f i GameMessageManager.obj
 0002:000142f0       ?_Myval@?$_List_alloc@U?$_List_base_types@PAVGameMessage@@V?$allocator@PAVGameMessage@@@std@@@std@@@std@@SAAAPAVGameMessage@@PAU?$_List_node@PAVGameMessage@@PAX@2@@Z 0043e2f0 f i GameMessageManager.obj
 0002:00014340       ?_Myval@?$_List_val@U?$_List_simple_types@PAVGameMessage@@@std@@@std@@SAAAPAVGameMessage@@PAU?$_List_node@PAVGameMessage@@PAX@2@@Z 0043e340 f i GameMessageManager.obj
 0002:00014380       ?_Nextnode@?$_List_alloc@U?$_List_base_types@PAVGameMessage@@V?$allocator@PAVGameMessage@@@std@@@std@@@std@@SAAAPAU?$_List_node@PAVGameMessage@@PAX@2@PAU32@@Z 0043e380 f i GameMessageManager.obj
 0002:000143d0       ?_Nextnode@?$_List_val@U?$_List_simple_types@PAVGameMessage@@@std@@@std@@SAAAPAU?$_List_node@PAVGameMessage@@PAX@2@PAU32@@Z 0043e3d0 f i GameMessageManager.obj
 0002:00014410       ?_Orphan_all@?$_List_alloc@U?$_List_base_types@PAVGameMessage@@V?$allocator@PAVGameMessage@@@std@@@std@@@std@@QAEXXZ 0043e410 f i GameMessageManager.obj
 0002:00014470       ?_Orphan_ptr@?$list@PAVGameMessage@@V?$allocator@PAVGameMessage@@@std@@@std@@QAEXPAU?$_List_node@PAVGameMessage@@PAX@2@@Z 0043e470 f i GameMessageManager.obj
 0002:000145f0       ?_Prevnode@?$_List_alloc@U?$_List_base_types@PAVGameMessage@@V?$allocator@PAVGameMessage@@@std@@@std@@@std@@SAAAPAU?$_List_node@PAVGameMessage@@PAX@2@PAU32@@Z 0043e5f0 f i GameMessageManager.obj
 0002:00014640       ?_Prevnode@?$_List_val@U?$_List_simple_types@PAVGameMessage@@@std@@@std@@SAAAPAU?$_List_node@PAVGameMessage@@PAX@2@PAU32@@Z 0043e640 f i GameMessageManager.obj
 0002:00014680       ?_Tidy@?$list@PAVGameMessage@@V?$allocator@PAVGameMessage@@@std@@@std@@QAEXXZ 0043e680 f i GameMessageManager.obj
 0002:000146d0       ?_Unchecked_end@?$list@PAVGameMessage@@V?$allocator@PAVGameMessage@@@std@@@std@@QAE?AV?$_List_unchecked_iterator@V?$_List_val@U?$_List_simple_types@PAVGameMessage@@@std@@@std@@@2@XZ 0043e6d0 f i GameMessageManager.obj
 0002:00014740       ?_Unlinknode@?$list@PAVGameMessage@@V?$allocator@PAVGameMessage@@@std@@@std@@QAEPAU?$_List_node@PAVGameMessage@@PAX@2@V?$_List_const_iterator@V?$_List_val@U?$_List_simple_types@PAVGameMessage@@@std@@@std@@@2@@Z 0043e740 f i GameMessageManager.obj
 0002:000148f0       ?addMessage@GameMessageManager@@QAEXPAVGameMessage@@H@Z 0043e8f0 f   GameMessageManager.obj
 0002:00014980       ?allocate@?$_Wrap_alloc@V?$allocator@U?$_List_node@PAVGameMessage@@PAX@std@@@std@@@std@@QAEPAU?$_List_node@PAVGameMessage@@PAX@2@I@Z 0043e980 f i GameMessageManager.obj
 0002:000149e0       ?allocate@?$allocator@U?$_List_node@PAVGameMessage@@PAX@std@@@std@@QAEPAU?$_List_node@PAVGameMessage@@PAX@2@I@Z 0043e9e0 f i GameMessageManager.obj
 0002:00014a40       ?begin@?$list@PAVGameMessage@@V?$allocator@PAVGameMessage@@@std@@@std@@QAE?AV?$_List_iterator@V?$_List_val@U?$_List_simple_types@PAVGameMessage@@@std@@@std@@@2@XZ 0043ea40 f i GameMessageManager.obj
 0002:00014af0       ?clear@?$list@PAVGameMessage@@V?$allocator@PAVGameMessage@@@std@@@std@@QAEXXZ 0043eaf0 f i GameMessageManager.obj
 0002:00014c40       ?deallocate@?$_Wrap_alloc@V?$allocator@U?$_List_node@PAVGameMessage@@PAX@std@@@std@@@std@@QAEXPAU?$_List_node@PAVGameMessage@@PAX@2@I@Z 0043ec40 f i GameMessageManager.obj
 0002:00014ca0       ?deallocate@?$allocator@U?$_List_node@PAVGameMessage@@PAX@std@@@std@@QAEXPAU?$_List_node@PAVGameMessage@@PAX@2@I@Z 0043eca0 f i GameMessageManager.obj
 0002:00014d00       ?end@?$list@PAVGameMessage@@V?$allocator@PAVGameMessage@@@std@@@std@@QAE?AV?$_List_iterator@V?$_List_val@U?$_List_simple_types@PAVGameMessage@@@std@@@std@@@2@XZ 0043ed00 f i GameMessageManager.obj
 0002:00014db0       ?erase@?$list@PAVGameMessage@@V?$allocator@PAVGameMessage@@@std@@@std@@QAE?AV?$_List_iterator@V?$_List_val@U?$_List_simple_types@PAVGameMessage@@@std@@@std@@@2@V?$_List_const_iterator@V?$_List_val@U?$_List_simple_types@PAVGameMessage@@@std@@@std@@@2@@Z 0043edb0 f i GameMessageManager.obj
 0002:00014ef0       ?getCurrentTime@Game@@QBENXZ 0043eef0 f i GameMessageManager.obj
 0002:00014f50       ?getScheduledTime@GameMessage@@QBENXZ 0043ef50 f i GameMessageManager.obj
 0002:00014f90       ?max_size@?$_Wrap_alloc@V?$allocator@U?$_List_node@PAVGameMessage@@PAX@std@@@std@@@std@@QBEIU_Nil@2@@Z 0043ef90 f i GameMessageManager.obj
 0002:00014ff0       ?max_size@?$allocator@U?$_List_node@PAVGameMessage@@PAX@std@@@std@@QBEIXZ 0043eff0 f i GameMessageManager.obj
 0002:00015030       ?max_size@?$allocator_traits@V?$allocator@U?$_List_node@PAVGameMessage@@PAX@std@@@std@@@std@@SAIABV?$allocator@U?$_List_node@PAVGameMessage@@PAX@std@@@2@@Z 0043f030 f i GameMessageManager.obj
 0002:00015080       ?max_size@?$list@PAVGameMessage@@V?$allocator@PAVGameMessage@@@std@@@std@@QBEIXZ 0043f080 f i GameMessageManager.obj
 0002:000150f0       ?processMessagesForThisframe@GameMessageManager@@QAEXXZ 0043f0f0 f   GameMessageManager.obj
 0002:00015390       ?push_back@?$list@PAVGameMessage@@V?$allocator@PAVGameMessage@@@std@@@std@@QAEXABQAVGameMessage@@@Z 0043f390 f i GameMessageManager.obj
 0002:00015410       ??$?HDU?$char_traits@D@std@@V?$allocator@D@1@@std@@YA?AV?$basic_string@DU?$char_traits@D@std@@V?$allocator@D@2@@0@PBD$$QAV10@@Z 0043f410 f i HelpMenu.obj
 0002:000154a0       ??0HelpMenu@@QAE@XZ        0043f4a0 f   HelpMenu.obj
 0002:000154e0       ??1HelpMenu@@QAE@XZ        0043f4e0 f   HelpMenu.obj
 0002:00015520       ??Y?$basic_string@DU?$char_traits@D@std@@V?$allocator@D@2@@std@@QAEAAV01@PBD@Z 0043f520 f i HelpMenu.obj
 0002:00015580       ?append@?$basic_string@DU?$char_traits@D@std@@V?$allocator@D@2@@std@@QAEAAV12@PBD@Z 0043f580 f i HelpMenu.obj
 0002:00015610       ?append@?$basic_string@DU?$char_traits@D@std@@V?$allocator@D@2@@std@@QAEAAV12@PBDI@Z 0043f610 f i HelpMenu.obj
 0002:00015780       ?draw@HelpMenu@@QAEXXZ     0043f780 f   HelpMenu.obj
 0002:00016410       ?getEditGridValue@Editor@@QBEHXZ 00440410 f i HelpMenu.obj
 0002:00016450       ?getFont@Game@@QBEPAUALLEGRO_FONT@@XZ 00440450 f i HelpMenu.obj
 0002:00016490       ?getShowHelp@Editor@@QBE_NXZ 00440490 f i HelpMenu.obj
 0002:000164d0       ?insert@?$basic_string@DU?$char_traits@D@std@@V?$allocator@D@2@@std@@QAEAAV12@IPBD@Z 004404d0 f i HelpMenu.obj
 0002:00016560       ?insert@?$basic_string@DU?$char_traits@D@std@@V?$allocator@D@2@@std@@QAEAAV12@IPBDI@Z 00440560 f i HelpMenu.obj
 0002:00016710       ??$__vcrt_va_start_verify_argument_type@QBD@@YAXXZ 00440710 f i InputManager.obj
 0002:00016740       ?cleanUp@InputManager@@AAEXXZ 00440740 f   InputManager.obj
 0002:00016800       ?getCurrentMapID@Editor@@QBEHXZ 00440800 f i InputManager.obj
 0002:00016840       ?getKeyboardInput@InputManager@@AAEXXZ 00440840 f   InputManager.obj
 0002:00017280       ?getMessageManager@Editor@@QAEPAVGameMessageManager@@XZ 00441280 f i InputManager.obj
 0002:000172c0       ?getMouseInput@InputManager@@AAEXXZ 004412c0 f   InputManager.obj
 0002:00017550       ?init@InputManager@@QAE_NXZ 00441550 f   InputManager.obj
 0002:00017650       ?update@InputManager@@QAEXXZ 00441650 f   InputManager.obj
 0002:000176b0       ___local_stdio_printf_options 004416b0 f i InputManager.obj
 0002:000176f0       __vfprintf_l               004416f0 f i InputManager.obj
 0002:00017770       _printf                    00441770 f i InputManager.obj
 0002:00017800       ??0LoadMessage@@QAE@XZ     00441800 f   LoadMessage.obj
 0002:00017860       ??1LoadMessage@@QAE@XZ     00441860 f   LoadMessage.obj
 0002:000178c0       ?process@LoadMessage@@UAEXXZ 004418c0 f   LoadMessage.obj
 0002:00017ce0       _main                      00441ce0 f   main.obj
 0002:00017f90       ??0?$basic_ofstream@DU?$char_traits@D@std@@@std@@QAE@ABV?$basic_string@DU?$char_traits@D@std@@V?$allocator@D@2@@1@HH@Z 00441f90 f i SaveMessage.obj
 0002:00018140       ??0SaveMessage@@QAE@XZ     00442140 f   SaveMessage.obj
 0002:000181a0       ??1?$basic_ofstream@DU?$char_traits@D@std@@@std@@UAE@XZ 004421a0 f i SaveMessage.obj
 0002:00018250       ??1SaveMessage@@QAE@XZ     00442250 f   SaveMessage.obj
 0002:000182b0       ??_D?$basic_ofstream@DU?$char_traits@D@std@@@std@@QAEXXZ 004422b0 f i SaveMessage.obj
 0002:0001831c       ??_E?$basic_ofstream@DU?$char_traits@D@std@@@std@@$4PPPPPPPM@A@AEPAXI@Z 0044231c f i SaveMessage.obj
 0002:00018330       ??_E?$basic_ofstream@DU?$char_traits@D@std@@@std@@UAEPAXI@Z 00442330 f i SaveMessage.obj
 0002:00018330       ??_G?$basic_ofstream@DU?$char_traits@D@std@@@std@@UAEPAXI@Z 00442330 f i SaveMessage.obj
 0002:000183b0       ?close@?$basic_ofstream@DU?$char_traits@D@std@@@std@@QAEXXZ 004423b0 f i SaveMessage.obj
 0002:00018430       ?process@SaveMessage@@UAEXXZ 00442430 f   SaveMessage.obj
 0002:00018830       ??0ToggleHelpMessage@@QAE@XZ 00442830 f   ToggleHelpMessage.obj
 0002:00018890       ??1ToggleHelpMessage@@QAE@XZ 00442890 f   ToggleHelpMessage.obj
 0002:000188f0       ?process@ToggleHelpMessage@@UAEXXZ 004428f0 f   ToggleHelpMessage.obj
 0002:000189d0       ?setShowHelp@Editor@@QAEX_N@Z 004429d0 f i ToggleHelpMessage.obj
 0002:00018a20       ??0Game@@QAE@XZ            00442a20 f   CommonPathfindingLib:Game.obj
 0002:00018ad0       ??1Game@@UAE@XZ            00442ad0 f   CommonPathfindingLib:Game.obj
 0002:00018b60       ??_EGame@@UAEPAXI@Z        00442b60 f i CommonPathfindingLib:Game.obj
 0002:00018b60       ??_GGame@@UAEPAXI@Z        00442b60 f i CommonPathfindingLib:Game.obj
 0002:00018bf0       ??_GGraphicsBufferManager@@QAEPAXI@Z 00442bf0 f i CommonPathfindingLib:Game.obj
 0002:00018c80       ??_GGraphicsSystem@@QAEPAXI@Z 00442c80 f i CommonPathfindingLib:Game.obj
 0002:00018d10       ??_GSpriteManager@@QAEPAXI@Z 00442d10 f i CommonPathfindingLib:Game.obj
 0002:00018da0       ??_GTimer@@QAEPAXI@Z       00442da0 f i CommonPathfindingLib:Game.obj
 0002:00018e30       ?beginLoop@Game@@UAEXXZ    00442e30 f   CommonPathfindingLib:Game.obj
 0002:00018ee0       ?cleanup@Game@@UAEXXZ      00442ee0 f   CommonPathfindingLib:Game.obj
 0002:00019180       ?endLoop@Game@@UAE_NXZ     00443180 f   CommonPathfindingLib:Game.obj
 0002:000191f0       ?genRandomBinomial@@YAMXZ  004431f0 f   CommonPathfindingLib:Game.obj
 0002:00019290       ?genRandomFloat@@YAMXZ     00443290 f   CommonPathfindingLib:Game.obj
 0002:00019300       ?init@Game@@UAE_NXZ        00443300 f   CommonPathfindingLib:Game.obj
 0002:000198b0       ?lerp@@YAMHHH@Z            004438b0 f   CommonPathfindingLib:Game.obj
 0002:00019970       ?mapRotationToRange@@YAMMMM@Z 00443970 f   CommonPathfindingLib:Game.obj
 0002:00019a20       ?processLoop@Game@@UAEXXZ  00443a20 f   CommonPathfindingLib:Game.obj
 0002:00019a80       _fprintf                   00443a80 f i CommonPathfindingLib:Game.obj
 0002:00019b60       ??$?0$$V@?$_Compressed_pair@U?$_Wrap_alloc@V?$allocator@H@std@@@std@@V?$_Vector_val@U?$_Simple_types@H@std@@@2@$00@std@@QAE@U_Zero_then_variadic_args_t@1@@Z 00443b60 f i CommonPathfindingLib:Grid.obj
 0002:00019bc0       ??$?0AAU?$_Wrap_alloc@V?$allocator@H@std@@@std@@@?$_Wrap_alloc@V?$allocator@U_Container_proxy@std@@@std@@@std@@QAE@AAU?$_Wrap_alloc@V?$allocator@H@std@@@1@@Z 00443bc0 f i CommonPathfindingLib:Grid.obj
 0002:00019c30       ??$?0H@?$allocator@U_Container_proxy@std@@@std@@QAE@ABV?$allocator@H@1@@Z 00443c30 f i CommonPathfindingLib:Grid.obj
 0002:00019c70       ??$?0U?$_Wrap_alloc@V?$allocator@H@std@@@std@@$$V@?$_Compressed_pair@U?$_Wrap_alloc@V?$allocator@H@std@@@std@@V?$_Vector_val@U?$_Simple_types@H@std@@@2@$00@std@@QAE@U_One_then_variadic_args_t@1@$$QAU?$_Wrap_alloc@V?$allocator@H@std@@@1@@Z 00443c70 f i CommonPathfindingLib:Grid.obj
 0002:00019ce0       ??$?0U?$_Wrap_alloc@V?$allocator@H@std@@@std@@X@?$_Vector_alloc@U?$_Vec_base_types@HV?$allocator@H@std@@@std@@@std@@QAE@$$QAU?$_Wrap_alloc@V?$allocator@H@std@@@1@@Z 00443ce0 f i CommonPathfindingLib:Grid.obj
 0002:00019da0       ??$_Copy_memmove@PAHPAH@std@@YAPAHPAH00@Z 00443da0 f i CommonPathfindingLib:Grid.obj
 0002:00019e30       ??$_Destroy_range1@V?$allocator@H@std@@PAH@std@@YAXPAH0AAU?$_Wrap_alloc@V?$allocator@H@std@@@0@U?$integral_constant@_N$00@0@@Z 00443e30 f i CommonPathfindingLib:Grid.obj
 0002:00019e60       ??$_Destroy_range@V?$allocator@H@std@@PAH@std@@YAXPAH0AAU?$_Wrap_alloc@V?$allocator@H@std@@@0@@Z 00443e60 f i CommonPathfindingLib:Grid.obj
 0002:00019ed0       ??$_Ptr_move_cat@HH@std@@YA?AU_Really_trivial_ptr_iterator_tag@0@ABQAH0@Z 00443ed0 f i CommonPathfindingLib:Grid.obj
 0002:00019f10       ??$_Rechecked@PAHPAH@std@@YAAAPAHAAPAHPAH@Z 00443f10 f i CommonPathfindingLib:Grid.obj
 0002:00019f50       ??$_Umove@PAH@?$vector@HV?$allocator@H@std@@@std@@IAEPAHPAH00@Z 00443f50 f i CommonPathfindingLib:Grid.obj
 0002:00019fc0       ??$_Unchecked@PAH@std@@YAPAHPAH@Z 00443fc0 f i CommonPathfindingLib:Grid.obj
 0002:0001a000       ??$_Unfancy@H@std@@YAPAHPAH@Z 00444000 f i CommonPathfindingLib:Grid.obj
 0002:0001a040       ??$_Uninitialized_move@PAHPAHV?$allocator@H@std@@@std@@YAPAHPAH00AAU?$_Wrap_alloc@V?$allocator@H@std@@@0@@Z 00444040 f i CommonPathfindingLib:Grid.obj
 0002:0001a0e0       ??$_Uninitialized_move_al_unchecked1@HHV?$allocator@H@std@@@std@@YAPAHPAH00AAU?$_Wrap_alloc@V?$allocator@H@std@@@0@U_Really_trivial_ptr_iterator_tag@0@U?$integral_constant@_N$00@0@@Z 004440e0 f i CommonPathfindingLib:Grid.obj
 0002:0001a140       ??$_Uninitialized_move_al_unchecked@PAHPAHV?$allocator@H@std@@@std@@YAPAHPAH00AAU?$_Wrap_alloc@V?$allocator@H@std@@@0@@Z 00444140 f i CommonPathfindingLib:Grid.obj
 0002:0001a1d0       ??$addressof@$$CBH@std@@YAPBHABH@Z 004441d0 f i CommonPathfindingLib:Grid.obj
 0002:0001a210       ??$construct@HAAH@?$_Wrap_alloc@V?$allocator@H@std@@@std@@QAEXPAHAAH@Z 00444210 f i CommonPathfindingLib:Grid.obj
 0002:0001a280       ??$construct@HAAH@?$allocator@H@std@@QAEXPAHAAH@Z 00444280 f i CommonPathfindingLib:Grid.obj
 0002:0001a330       ??$construct@HAAH@?$allocator_traits@V?$allocator@H@std@@@std@@SAXAAV?$allocator@H@1@PAHAAH@Z 00444330 f i CommonPathfindingLib:Grid.obj
 0002:0001a390       ??$construct@HABH@?$_Wrap_alloc@V?$allocator@H@std@@@std@@QAEXPAHABH@Z 00444390 f i CommonPathfindingLib:Grid.obj
 0002:0001a400       ??$construct@HABH@?$allocator@H@std@@QAEXPAHABH@Z 00444400 f i CommonPathfindingLib:Grid.obj
 0002:0001a4b0       ??$construct@HABH@?$allocator_traits@V?$allocator@H@std@@@std@@SAXAAV?$allocator@H@1@PAHABH@Z 004444b0 f i CommonPathfindingLib:Grid.obj
 0002:0001a510       ??$forward@AAH@std@@YAAAHAAH@Z 00444510 f i CommonPathfindingLib:Grid.obj
 0002:0001a550       ??$forward@AAU?$_Wrap_alloc@V?$allocator@H@std@@@std@@@std@@YAAAU?$_Wrap_alloc@V?$allocator@H@std@@@0@AAU10@@Z 00444550 f i CommonPathfindingLib:Grid.obj
 0002:0001a590       ??$forward@ABH@std@@YAABHABH@Z 00444590 f i CommonPathfindingLib:Grid.obj
 0002:0001a5d0       ??$forward@U?$_Wrap_alloc@V?$allocator@H@std@@@std@@@std@@YA$$QAU?$_Wrap_alloc@V?$allocator@H@std@@@0@AAU10@@Z 004445d0 f i CommonPathfindingLib:Grid.obj
 0002:0001a610       ??$forward@V?$vector@HV?$allocator@H@std@@@std@@@std@@YA$$QAV?$vector@HV?$allocator@H@std@@@0@AAV10@@Z 00444610 f i CommonPathfindingLib:Grid.obj
 0002:0001a650       ??$move@AAU?$_Wrap_alloc@V?$allocator@H@std@@@std@@@std@@YA$$QAU?$_Wrap_alloc@V?$allocator@H@std@@@0@AAU10@@Z 00444650 f i CommonPathfindingLib:Grid.obj
 0002:0001a690       ??0?$_Vector_alloc@U?$_Vec_base_types@HV?$allocator@H@std@@@std@@@std@@QAE@XZ 00444690 f i CommonPathfindingLib:Grid.obj
 0002:0001a740       ??0?$_Vector_val@U?$_Simple_types@H@std@@@std@@QAE@XZ 00444740 f i CommonPathfindingLib:Grid.obj
 0002:0001a7c0       ??0?$_Wrap_alloc@V?$allocator@H@std@@@std@@QAE@$$QAU01@@Z 004447c0 f i CommonPathfindingLib:Grid.obj
 0002:0001a830       ??0?$_Wrap_alloc@V?$allocator@H@std@@@std@@QAE@XZ 00444830 f i CommonPathfindingLib:Grid.obj
 0002:0001a890       ??0?$allocator@H@std@@QAE@ABV01@@Z 00444890 f i CommonPathfindingLib:Grid.obj
 0002:0001a8d0       ??0?$allocator@H@std@@QAE@XZ 004448d0 f i CommonPathfindingLib:Grid.obj
 0002:0001a910       ??0?$vector@HV?$allocator@H@std@@@std@@QAE@$$QAV01@@Z 00444910 f i CommonPathfindingLib:Grid.obj
 0002:0001a9e0       ??0?$vector@HV?$allocator@H@std@@@std@@QAE@XZ 004449e0 f i CommonPathfindingLib:Grid.obj
 0002:0001aa70       ??0Grid@@QAE@HHH@Z         00444a70 f   CommonPathfindingLib:Grid.obj
 0002:0001ab70       ??1?$_Compressed_pair@U?$_Wrap_alloc@V?$allocator@H@std@@@std@@V?$_Vector_val@U?$_Simple_types@H@std@@@2@$00@std@@QAE@XZ 00444b70 f i CommonPathfindingLib:Grid.obj
 0002:0001abc0       ??1?$_Vector_alloc@U?$_Vec_base_types@HV?$allocator@H@std@@@std@@@std@@QAE@XZ 00444bc0 f i CommonPathfindingLib:Grid.obj
 0002:0001ac50       ??1?$_Vector_val@U?$_Simple_types@H@std@@@std@@QAE@XZ 00444c50 f i CommonPathfindingLib:Grid.obj
 0002:0001aca0       ??1?$vector@HV?$allocator@H@std@@@std@@QAE@XZ 00444ca0 f i CommonPathfindingLib:Grid.obj
 0002:0001ad30       ??1Grid@@QAE@XZ            00444d30 f   CommonPathfindingLib:Grid.obj
 0002:0001ada0       ?_Alloc_proxy@?$_Vector_alloc@U?$_Vec_base_types@HV?$allocator@H@std@@@std@@@std@@QAEXXZ 00444da0 f i CommonPathfindingLib:Grid.obj
 0002:0001aea0       ?_Assign_rv@?$vector@HV?$allocator@H@std@@@std@@QAEX$$QAV12@U?$integral_constant@_N$00@2@@Z 00444ea0 f i CommonPathfindingLib:Grid.obj
 0002:0001af80       ?_Destroy@?$vector@HV?$allocator@H@std@@@std@@IAEXPAH0@Z 00444f80 f i CommonPathfindingLib:Grid.obj
 0002:0001aff0       ?_Free_proxy@?$_Vector_alloc@U?$_Vec_base_types@HV?$allocator@H@std@@@std@@@std@@QAEXXZ 00444ff0 f i CommonPathfindingLib:Grid.obj
 0002:0001b0e0       ?_Get_data@?$_Vector_alloc@U?$_Vec_base_types@HV?$allocator@H@std@@@std@@@std@@QAEAAV?$_Vector_val@U?$_Simple_types@H@std@@@2@XZ 004450e0 f i CommonPathfindingLib:Grid.obj
 0002:0001b130       ?_Get_data@?$_Vector_alloc@U?$_Vec_base_types@HV?$allocator@H@std@@@std@@@std@@QBEABV?$_Vector_val@U?$_Simple_types@H@std@@@2@XZ 00445130 f i CommonPathfindingLib:Grid.obj
 0002:0001b180       ?_Get_first@?$_Compressed_pair@U?$_Wrap_alloc@V?$allocator@H@std@@@std@@V?$_Vector_val@U?$_Simple_types@H@std@@@2@$00@std@@QAEAAU?$_Wrap_alloc@V?$allocator@H@std@@@2@XZ 00445180 f i CommonPathfindingLib:Grid.obj
 0002:0001b1c0       ?_Get_first@?$_Compressed_pair@U?$_Wrap_alloc@V?$allocator@H@std@@@std@@V?$_Vector_val@U?$_Simple_types@H@std@@@2@$00@std@@QBEABU?$_Wrap_alloc@V?$allocator@H@std@@@2@XZ 004451c0 f i CommonPathfindingLib:Grid.obj
 0002:0001b200       ?_Get_second@?$_Compressed_pair@U?$_Wrap_alloc@V?$allocator@H@std@@@std@@V?$_Vector_val@U?$_Simple_types@H@std@@@2@$00@std@@QAEAAV?$_Vector_val@U?$_Simple_types@H@std@@@2@XZ 00445200 f i CommonPathfindingLib:Grid.obj
 0002:0001b240       ?_Get_second@?$_Compressed_pair@U?$_Wrap_alloc@V?$allocator@H@std@@@std@@V?$_Vector_val@U?$_Simple_types@H@std@@@2@$00@std@@QBEABV?$_Vector_val@U?$_Simple_types@H@std@@@2@XZ 00445240 f i CommonPathfindingLib:Grid.obj
 0002:0001b280       ?_Getal@?$_Vector_alloc@U?$_Vec_base_types@HV?$allocator@H@std@@@std@@@std@@QAEAAU?$_Wrap_alloc@V?$allocator@H@std@@@2@XZ 00445280 f i CommonPathfindingLib:Grid.obj
 0002:0001b2d0       ?_Getal@?$_Vector_alloc@U?$_Vec_base_types@HV?$allocator@H@std@@@std@@@std@@QBEABU?$_Wrap_alloc@V?$allocator@H@std@@@2@XZ 004452d0 f i CommonPathfindingLib:Grid.obj
 0002:0001b320       ?_Getpfirst@?$_Vector_alloc@U?$_Vec_base_types@HV?$allocator@H@std@@@std@@@std@@QBEPAPAU_Iterator_base12@2@XZ 00445320 f i CommonPathfindingLib:Grid.obj
 0002:0001b380       ?_Grow_to@?$vector@HV?$allocator@H@std@@@std@@IBEII@Z 00445380 f i CommonPathfindingLib:Grid.obj
 0002:0001b430       ?_Inside@?$vector@HV?$allocator@H@std@@@std@@IBE_NPBH@Z 00445430 f i CommonPathfindingLib:Grid.obj
 0002:0001b4e0       ?_Myend@?$_Vector_alloc@U?$_Vec_base_types@HV?$allocator@H@std@@@std@@@std@@QAEAAPAHXZ 004454e0 f i CommonPathfindingLib:Grid.obj
 0002:0001b540       ?_Myend@?$_Vector_alloc@U?$_Vec_base_types@HV?$allocator@H@std@@@std@@@std@@QBEABQAHXZ 00445540 f i CommonPathfindingLib:Grid.obj
 0002:0001b5a0       ?_Myfirst@?$_Vector_alloc@U?$_Vec_base_types@HV?$allocator@H@std@@@std@@@std@@QAEAAPAHXZ 004455a0 f i CommonPathfindingLib:Grid.obj
 0002:0001b600       ?_Myfirst@?$_Vector_alloc@U?$_Vec_base_types@HV?$allocator@H@std@@@std@@@std@@QBEABQAHXZ 00445600 f i CommonPathfindingLib:Grid.obj
 0002:0001b660       ?_Mylast@?$_Vector_alloc@U?$_Vec_base_types@HV?$allocator@H@std@@@std@@@std@@QAEAAPAHXZ 00445660 f i CommonPathfindingLib:Grid.obj
 0002:0001b6c0       ?_Mylast@?$_Vector_alloc@U?$_Vec_base_types@HV?$allocator@H@std@@@std@@@std@@QBEABQAHXZ 004456c0 f i CommonPathfindingLib:Grid.obj
 0002:0001b720       ?_Myproxy@?$_Vector_alloc@U?$_Vec_base_types@HV?$allocator@H@std@@@std@@@std@@QAEAAPAU_Container_proxy@2@XZ 00445720 f i CommonPathfindingLib:Grid.obj
 0002:0001b770       ?_Orphan_all@?$_Vector_alloc@U?$_Vec_base_types@HV?$allocator@H@std@@@std@@@std@@QAEXXZ 00445770 f i CommonPathfindingLib:Grid.obj
 0002:0001b7d0       ?_Orphan_range@?$vector@HV?$allocator@H@std@@@std@@IBEXPAH0@Z 004457d0 f i CommonPathfindingLib:Grid.obj
 0002:0001b940       ?_Reallocate@?$vector@HV?$allocator@H@std@@@std@@IAEXI@Z 00445940 f i CommonPathfindingLib:Grid.obj
 0002:0001bb30       ?_Reserve@?$vector@HV?$allocator@H@std@@@std@@IAEXI@Z 00445b30 f i CommonPathfindingLib:Grid.obj
 0002:0001bbe0       ?_Swap_all@?$_Vector_alloc@U?$_Vec_base_types@HV?$allocator@H@std@@@std@@@std@@QAEXAAV12@@Z 00445be0 f i CommonPathfindingLib:Grid.obj
 0002:0001bc50       ?_Swap_all@_Container_base12@std@@QAEXAAU12@@Z 00445c50 f i CommonPathfindingLib:Grid.obj
 0002:0001bd50       ?_Tidy@?$vector@HV?$allocator@H@std@@@std@@IAEXXZ 00445d50 f i CommonPathfindingLib:Grid.obj
 0002:0001be50       ?_Unused_capacity@?$vector@HV?$allocator@H@std@@@std@@QBEIXZ 00445e50 f i CommonPathfindingLib:Grid.obj
 0002:0001bec0       ?_Xlen@?$vector@HV?$allocator@H@std@@@std@@IBEXXZ 00445ec0 f i CommonPathfindingLib:Grid.obj
 0002:0001bf20       ?allocate@?$_Wrap_alloc@V?$allocator@H@std@@@std@@QAEPAHI@Z 00445f20 f i CommonPathfindingLib:Grid.obj
 0002:0001bf80       ?allocate@?$allocator@H@std@@QAEPAHI@Z 00445f80 f i CommonPathfindingLib:Grid.obj
 0002:0001bfe0       ?capacity@?$vector@HV?$allocator@H@std@@@std@@QBEIXZ 00445fe0 f i CommonPathfindingLib:Grid.obj
 0002:0001c050       ?deallocate@?$_Wrap_alloc@V?$allocator@H@std@@@std@@QAEXPAHI@Z 00446050 f i CommonPathfindingLib:Grid.obj
 0002:0001c0b0       ?deallocate@?$allocator@H@std@@QAEXPAHI@Z 004460b0 f i CommonPathfindingLib:Grid.obj
 0002:0001c110       ?getAdjacentIndices@Grid@@QBE?AV?$vector@HV?$allocator@H@std@@@std@@H@Z 00446110 f   CommonPathfindingLib:Grid.obj
 0002:0001c2f0       ?getSquareIndexFromPixelXY@Grid@@QBEHHH@Z 004462f0 f   CommonPathfindingLib:Grid.obj
 0002:0001c360       ?getULCornerOfSquare@Grid@@QBE?AVVector2D@@H@Z 00446360 f   CommonPathfindingLib:Grid.obj
 0002:0001c4c0       ?getValueAtIndex@Grid@@QBEHH@Z 004464c0 f   CommonPathfindingLib:Grid.obj
 0002:0001c530       ?getValueAtPixelXY@Grid@@QBEHHH@Z 00446530 f   CommonPathfindingLib:Grid.obj
 0002:0001c5a0       ?load@Grid@@QAEXAAV?$basic_ifstream@DU?$char_traits@D@std@@@std@@@Z 004465a0 f   CommonPathfindingLib:Grid.obj
 0002:0001c650       ?max_size@?$_Wrap_alloc@V?$allocator@H@std@@@std@@QBEIU_Nil@2@@Z 00446650 f i CommonPathfindingLib:Grid.obj
 0002:0001c6b0       ?max_size@?$allocator@H@std@@QBEIXZ 004466b0 f i CommonPathfindingLib:Grid.obj
 0002:0001c6f0       ?max_size@?$allocator_traits@V?$allocator@H@std@@@std@@SAIABV?$allocator@H@2@@Z 004466f0 f i CommonPathfindingLib:Grid.obj
 0002:0001c740       ?max_size@?$vector@HV?$allocator@H@std@@@std@@QBEIXZ 00446740 f i CommonPathfindingLib:Grid.obj
 0002:0001c7b0       ?push_back@?$vector@HV?$allocator@H@std@@@std@@QAEXABH@Z 004467b0 f i CommonPathfindingLib:Grid.obj
 0002:0001c9c0       ?save@Grid@@QAEXAAV?$basic_ofstream@DU?$char_traits@D@std@@@std@@@Z 004469c0 f   CommonPathfindingLib:Grid.obj
 0002:0001ca80       ?setValueAtIndex@Grid@@QAEXHH@Z 00446a80 f   CommonPathfindingLib:Grid.obj
 0002:0001caf0       ?setValueAtPixelXY@Grid@@QAEXHHH@Z 00446af0 f   CommonPathfindingLib:Grid.obj
 0002:0001cb70       ?size@?$vector@HV?$allocator@H@std@@@std@@QBEIXZ 00446b70 f i CommonPathfindingLib:Grid.obj
 0002:0001cbe0       ??$?0$$V@?$_Compressed_pair@U?$_Wrap_alloc@V?$allocator@U?$_Tree_node@U?$pair@$$CBHPAVGraphicsBuffer@@@std@@PAX@std@@@std@@@std@@V?$_Tree_val@U?$_Tree_simple_types@U?$pair@$$CBHPAVGraphicsBuffer@@@std@@@std@@@2@$00@std@@QAE@U_Zero_then_variadic_args_t@1@@Z 00446be0 f i CommonPathfindingLib:GraphicsBufferManager.obj
 0002:0001cc40       ??$?0$$V@?$_Compressed_pair@U?$_Wrap_alloc@V?$allocator@U?$_Tree_node@U?$pair@$$CBV?$basic_string@DU?$char_traits@D@std@@V?$allocator@D@2@@std@@H@std@@PAX@std@@@std@@@std@@V?$_Tree_val@U?$_Tree_simple_types@U?$pair@$$CBV?$basic_string@DU?$char_traits@D@std@@V?$allocator@D@2@@std@@H@std@@@std@@@2@$00@std@@QAE@U_Zero_then_variadic_args_t@1@@Z 00446c40 f i CommonPathfindingLib:GraphicsBufferManager.obj
 0002:0001cca0       ??$?0AAU?$_Wrap_alloc@V?$allocator@U?$_Tree_node@U?$pair@$$CBHPAVGraphicsBuffer@@@std@@PAX@std@@@std@@@std@@@?$_Wrap_alloc@V?$allocator@U_Container_proxy@std@@@std@@@std@@QAE@AAU?$_Wrap_alloc@V?$allocator@U?$_Tree_node@U?$pair@$$CBHPAVGraphicsBuffer@@@std@@PAX@std@@@std@@@1@@Z 00446ca0 f i CommonPathfindingLib:GraphicsBufferManager.obj
 0002:0001cd10       ??$?0AAU?$_Wrap_alloc@V?$allocator@U?$_Tree_node@U?$pair@$$CBV?$basic_string@DU?$char_traits@D@std@@V?$allocator@D@2@@std@@H@std@@PAX@std@@@std@@@std@@@?$_Wrap_alloc@V?$allocator@U_Container_proxy@std@@@std@@@std@@QAE@AAU?$_Wrap_alloc@V?$allocator@U?$_Tree_node@U?$pair@$$CBV?$basic_string@DU?$char_traits@D@std@@V?$allocator@D@2@@std@@H@std@@PAX@std@@@std@@@1@@Z 00446d10 f i CommonPathfindingLib:GraphicsBufferManager.obj
 0002:0001cd80       ??$?0AAV?$_Tree_iterator@V?$_Tree_val@U?$_Tree_simple_types@U?$pair@$$CBHPAVGraphicsBuffer@@@std@@@std@@@std@@@std@@_NX$0A@@?$pair@V?$_Tree_iterator@V?$_Tree_val@U?$_Tree_simple_types@U?$pair@$$CBHPAVGraphicsBuffer@@@std@@@std@@@std@@@std@@_N@std@@QAE@AAV?$_Tree_iterator@V?$_Tree_val@U?$_Tree_simple_types@U?$pair@$$CBHPAVGraphicsBuffer@@@std@@@std@@@std@@@1@$$QA_N@Z 00446d80 f i CommonPathfindingLib:GraphicsBufferManager.obj
 0002:0001ce00       ??$?0AAV?$_Tree_iterator@V?$_Tree_val@U?$_Tree_simple_types@U?$pair@$$CBV?$basic_string@DU?$char_traits@D@std@@V?$allocator@D@2@@std@@H@std@@@std@@@std@@@std@@_NX$0A@@?$pair@V?$_Tree_iterator@V?$_Tree_val@U?$_Tree_simple_types@U?$pair@$$CBV?$basic_string@DU?$char_traits@D@std@@V?$allocator@D@2@@std@@H@std@@@std@@@std@@@std@@_N@std@@QAE@AAV?$_Tree_iterator@V?$_Tree_val@U?$_Tree_simple_types@U?$pair@$$CBV?$basic_string@DU?$char_traits@D@std@@V?$allocator@D@2@@std@@H@std@@@std@@@std@@@1@$$QA_N@Z 00446e00 f i CommonPathfindingLib:GraphicsBufferManager.obj
 0002:0001ce80       ??$?0ABH$$Z$$V@?$pair@$$CBHPAVGraphicsBuffer@@@std@@QAE@Upiecewise_construct_t@1@V?$tuple@ABH@1@V?$tuple@$$V@1@@Z 00446e80 f i CommonPathfindingLib:GraphicsBufferManager.obj
 0002:0001cf00       ??$?0ABH$0A@@?$tuple@ABH@std@@QAE@ABH@Z 00446f00 f i CommonPathfindingLib:GraphicsBufferManager.obj
 0002:0001cf80       ??$?0ABH@?$_Tuple_val@ABH@std@@QAE@ABH@Z 00446f80 f i CommonPathfindingLib:GraphicsBufferManager.obj
 0002:0001cfe0       ??$?0ABU?$less@H@std@@U_Zero_then_variadic_args_t@1@@?$_Compressed_pair@U?$less@H@std@@V?$_Compressed_pair@U?$_Wrap_alloc@V?$allocator@U?$_Tree_node@U?$pair@$$CBHPAVGraphicsBuffer@@@std@@PAX@std@@@std@@@std@@V?$_Tree_val@U?$_Tree_simple_types@U?$pair@$$CBHPAVGraphicsBuffer@@@std@@@std@@@2@$00@2@$00@std@@QAE@U_One_then_variadic_args_t@1@ABU?$less@H@1@$$QAU_Zero_then_variadic_args_t@1@@Z 00446fe0 f i CommonPathfindingLib:GraphicsBufferManager.obj
[...]
 0005:000000d8       __imp_?_Init@?$basic_streambuf@DU?$char_traits@D@std@@@std@@IAEXXZ 004910d8     msvcprtd:MSVCP140D.dll
 0005:000000dc       __imp_?_Pninc@?$basic_streambuf@DU?$char_traits@D@std@@@std@@IAEPADXZ 004910dc     msvcprtd:MSVCP140D.dll
 0005:000000e0       __imp_?_Gninc@?$basic_streambuf@DU?$char_traits@D@std@@@std@@IAEPADXZ 004910e0     msvcprtd:MSVCP140D.dll
 0005:000000e4       __imp_?_Gndec@?$basic_streambuf@DU?$char_traits@D@std@@@std@@IAEPADXZ 004910e4     msvcprtd:MSVCP140D.dll
 0005:000000e8       __imp_?epptr@?$basic_streambuf@DU?$char_traits@D@std@@@std@@IBEPADXZ 004910e8     msvcprtd:MSVCP140D.dll
 0005:000000ec       __imp_?setg@?$basic_streambuf@DU?$char_traits@D@std@@@std@@IAEXPAD00@Z 004910ec     msvcprtd:MSVCP140D.dll
 0005:000000f0       __imp_?egptr@?$basic_streambuf@DU?$char_traits@D@std@@@std@@IBEPADXZ 004910f0     msvcprtd:MSVCP140D.dll
 0005:000000f4       __imp_?pptr@?$basic_streambuf@DU?$char_traits@D@std@@@std@@IBEPADXZ 004910f4     msvcprtd:MSVCP140D.dll
 0005:000000f8       __imp_?gptr@?$basic_streambuf@DU?$char_traits@D@std@@@std@@IBEPADXZ 004910f8     msvcprtd:MSVCP140D.dll
 0005:000000fc       __imp_?eback@?$basic_streambuf@DU?$char_traits@D@std@@@std@@IBEPADXZ 004910fc     msvcprtd:MSVCP140D.dll
 0005:00000100       __imp_?getloc@?$basic_streambuf@DU?$char_traits@D@std@@@std@@QBE?AVlocale@2@XZ 00491100     msvcprtd:MSVCP140D.dll
 0005:00000104       __imp_??6?$basic_ostream@DU?$char_traits@D@std@@@std@@QAEAAV01@I@Z 00491104     msvcprtd:MSVCP140D.dll
 0005:00000108       __imp_??6?$basic_ostream@DU?$char_traits@D@std@@@std@@QAEAAV01@PBX@Z 00491108     msvcprtd:MSVCP140D.dll
 0005:0000010c       __imp_??0?$basic_ostream@DU?$char_traits@D@std@@@std@@QAE@PAV?$basic_streambuf@DU?$char_traits@D@std@@@1@_N@Z 0049110c     msvcprtd:MSVCP140D.dll
 0005:00000110       __imp_?uncaught_exception@std@@YA_NXZ 00491110     msvcprtd:MSVCP140D.dll
 0005:00000114       __imp_?good@ios_base@std@@QBE_NXZ 00491114     msvcprtd:MSVCP140D.dll
 0005:00000118       __imp_?flags@ios_base@std@@QBEHXZ 00491118     msvcprtd:MSVCP140D.dll
 0005:0000011c       __imp_?width@ios_base@std@@QBE_JXZ 0049111c     msvcprtd:MSVCP140D.dll
 0005:00000120       __imp_?width@ios_base@std@@QAE_J_J@Z 00491120     msvcprtd:MSVCP140D.dll
 0005:00000124       __imp_?sputc@?$basic_streambuf@DU?$char_traits@D@std@@@std@@QAEHD@Z 00491124     msvcprtd:MSVCP140D.dll
 0005:00000128       __imp_?sputn@?$basic_streambuf@DU?$char_traits@D@std@@@std@@QAE_JPBD_J@Z 00491128     msvcprtd:MSVCP140D.dll
 0005:0000012c       __imp_?setstate@?$basic_ios@DU?$char_traits@D@std@@@std@@QAEXH_N@Z 0049112c     msvcprtd:MSVCP140D.dll
 0005:00000130       __imp_?tie@?$basic_ios@DU?$char_traits@D@std@@@std@@QBEPAV?$basic_ostream@DU?$char_traits@D@std@@@2@XZ 00491130     msvcprtd:MSVCP140D.dll
 0005:00000134       __imp_?rdbuf@?$basic_ios@DU?$char_traits@D@std@@@std@@QBEPAV?$basic_streambuf@DU?$char_traits@D@std@@@2@XZ 00491134     msvcprtd:MSVCP140D.dll
 0005:00000138       __imp_?fill@?$basic_ios@DU?$char_traits@D@std@@@std@@QBEDXZ 00491138     msvcprtd:MSVCP140D.dll
 0005:0000013c       __imp_?widen@?$basic_ios@DU?$char_traits@D@std@@@std@@QBEDD@Z 0049113c     msvcprtd:MSVCP140D.dll
 0005:00000140       __imp_?_Osfx@?$basic_ostream@DU?$char_traits@D@std@@@std@@QAEXXZ 00491140     msvcprtd:MSVCP140D.dll
 0005:00000144       __imp_??6?$basic_ostream@DU?$char_traits@D@std@@@std@@QAEAAV01@P6AAAV01@AAV01@@Z@Z 00491144     msvcprtd:MSVCP140D.dll
 0005:00000148       __imp_??6?$basic_ostream@DU?$char_traits@D@std@@@std@@QAEAAV01@H@Z 00491148     msvcprtd:MSVCP140D.dll
 0005:0000014c       __imp_?put@?$basic_ostream@DU?$char_traits@D@std@@@std@@QAEAAV12@D@Z 0049114c     msvcprtd:MSVCP140D.dll
 0005:00000150       __imp_?flush@?$basic_ostream@DU?$char_traits@D@std@@@std@@QAEAAV12@XZ 00491150     msvcprtd:MSVCP140D.dll
 0005:00000154       __imp_?cout@std@@3V?$basic_ostream@DU?$char_traits@D@std@@@1@A 00491154     msvcprtd:MSVCP140D.dll
 0005:00000158       __imp_??0_Lockit@std@@QAE@H@Z 00491158     msvcprtd:MSVCP140D.dll
 0005:0000015c       __imp_??1_Lockit@std@@QAE@XZ 0049115c     msvcprtd:MSVCP140D.dll
 0005:00000160       __imp_?_Debug_message@std@@YAXPB_W0I@Z 00491160     msvcprtd:MSVCP140D.dll
 0005:00000164       __imp_?_Xbad_alloc@std@@YAXXZ 00491164     msvcprtd:MSVCP140D.dll
 0005:00000168       __imp_?_Xlength_error@std@@YAXPBD@Z 00491168     msvcprtd:MSVCP140D.dll
 0005:0000016c       __imp_?_Xout_of_range@std@@YAXPBD@Z 0049116c     msvcprtd:MSVCP140D.dll
 0005:00000170       __imp_??Bid@locale@std@@QAEIXZ 00491170     msvcprtd:MSVCP140D.dll
 0005:00000174       __imp_?_Getgloballocale@locale@std@@CAPAV_Locimp@12@XZ 00491174     msvcprtd:MSVCP140D.dll
 0005:00000178       __imp_?always_noconv@codecvt_base@std@@QBE_NXZ 00491178     msvcprtd:MSVCP140D.dll
 0005:0000017c       __imp_?in@?$codecvt@DDU_Mbstatet@@@std@@QBEHAAU_Mbstatet@@PBD1AAPBDPAD3AAPAD@Z 0049117c     msvcprtd:MSVCP140D.dll
 0005:00000180       __imp_?out@?$codecvt@DDU_Mbstatet@@@std@@QBEHAAU_Mbstatet@@PBD1AAPBDPAD3AAPAD@Z 00491180     msvcprtd:MSVCP140D.dll
 0005:00000184       __imp_?unshift@?$codecvt@DDU_Mbstatet@@@std@@QBEHAAU_Mbstatet@@PAD1AAPAD@Z 00491184     msvcprtd:MSVCP140D.dll
 0005:00000188       __imp_?_Getcat@?$codecvt@DDU_Mbstatet@@@std@@SAIPAPBVfacet@locale@2@PBV42@@Z 00491188     msvcprtd:MSVCP140D.dll
 0005:0000018c       __imp_??0?$basic_streambuf@DU?$char_traits@D@std@@@std@@IAE@XZ 0049118c     msvcprtd:MSVCP140D.dll
 0005:00000190       __imp_??1?$basic_streambuf@DU?$char_traits@D@std@@@std@@UAE@XZ 00491190     msvcprtd:MSVCP140D.dll
 0005:00000194       \177MSVCP140D_NULL_THUNK_DATA 00491194     msvcprtd:MSVCP140D.dll
 0005:000001f0       __imp____vcrt_GetModuleHandleW 004911f0     vcruntimed:VCRUNTIME140D.dll
 0005:000001f4       __imp____vcrt_GetModuleFileNameW 004911f4     vcruntimed:VCRUNTIME140D.dll
 0005:000001f8       __imp____std_type_info_destroy_list 004911f8     vcruntimed:VCRUNTIME140D.dll
 0005:000001fc       __imp___except_handler4_common 004911fc     vcruntimed:VCRUNTIME140D.dll
 0005:00000200       __imp__memcmp              00491200     vcruntimed:VCRUNTIME140D.dll
 0005:00000204       __imp___purecall           00491204     vcruntimed:VCRUNTIME140D.dll
 0005:00000208       __imp___CxxThrowException@8 00491208     vcruntimed:VCRUNTIME140D.dll
 0005:0000020c       __imp____std_exception_destroy 0049120c     vcruntimed:VCRUNTIME140D.dll
 0005:00000210       __imp____std_exception_copy 00491210     vcruntimed:VCRUNTIME140D.dll
 0005:00000214       __imp__memset              00491214     vcruntimed:VCRUNTIME140D.dll
 0005:00000218       __imp__memmove             00491218     vcruntimed:VCRUNTIME140D.dll
 0005:0000021c       __imp__memcpy              0049121c     vcruntimed:VCRUNTIME140D.dll
 0005:00000220       __imp____CxxFrameHandler3  00491220     vcruntimed:VCRUNTIME140D.dll
 0005:00000224       __imp____RTDynamicCast     00491224     vcruntimed:VCRUNTIME140D.dll
 0005:00000228       __imp____vcrt_LoadLibraryExW 00491228     vcruntimed:VCRUNTIME140D.dll
 0005:0000022c       \177VCRUNTIME140D_NULL_THUNK_DATA 0049122c     vcruntimed:VCRUNTIME140D.dll
 0005:00000264       __imp__al_shutdown_primitives_addon 00491264     allegro-5.0.10-monolith-md-debug:allegro-5.0.10-monolith-md-debug.dll
 0005:00000268       __imp__al_init_primitives_addon 00491268     allegro-5.0.10-monolith-md-debug:allegro-5.0.10-monolith-md-debug.dll
 0005:0000026c       __imp__al_shutdown_ttf_addon 0049126c     allegro-5.0.10-monolith-md-debug:allegro-5.0.10-monolith-md-debug.dll
 0005:00000270       __imp__al_init_ttf_addon   00491270     allegro-5.0.10-monolith-md-debug:allegro-5.0.10-monolith-md-debug.dll
 0005:00000274       __imp__al_load_ttf_font    00491274     allegro-5.0.10-monolith-md-debug:allegro-5.0.10-monolith-md-debug.dll
 0005:00000278       __imp__al_draw_filled_rectangle 00491278     allegro-5.0.10-monolith-md-debug:allegro-5.0.10-monolith-md-debug.dll
 0005:0000027c       __imp__al_init_font_addon  0049127c     allegro-5.0.10-monolith-md-debug:allegro-5.0.10-monolith-md-debug.dll
 0005:00000280       __imp__al_destroy_font     00491280     allegro-5.0.10-monolith-md-debug:allegro-5.0.10-monolith-md-debug.dll
 0005:00000284       __imp__al_shutdown_image_addon 00491284     allegro-5.0.10-monolith-md-debug:allegro-5.0.10-monolith-md-debug.dll
 0005:00000288       __imp__al_init_image_addon 00491288     allegro-5.0.10-monolith-md-debug:allegro-5.0.10-monolith-md-debug.dll
 0005:0000028c       __imp__al_init_acodec_addon 0049128c     allegro-5.0.10-monolith-md-debug:allegro-5.0.10-monolith-md-debug.dll
 0005:00000290       __imp__al_reserve_samples  00491290     allegro-5.0.10-monolith-md-debug:allegro-5.0.10-monolith-md-debug.dll
 0005:00000294       __imp__al_create_display   00491294     allegro-5.0.10-monolith-md-debug:allegro-5.0.10-monolith-md-debug.dll
 0005:00000298       __imp__al_destroy_display  00491298     allegro-5.0.10-monolith-md-debug:allegro-5.0.10-monolith-md-debug.dll
 0005:0000029c       __imp__al_set_target_bitmap 0049129c     allegro-5.0.10-monolith-md-debug:allegro-5.0.10-monolith-md-debug.dll
 0005:000002a0       __imp__al_get_backbuffer   004912a0     allegro-5.0.10-monolith-md-debug:allegro-5.0.10-monolith-md-debug.dll
 0005:000002a4       __imp__al_get_target_bitmap 004912a4     allegro-5.0.10-monolith-md-debug:allegro-5.0.10-monolith-md-debug.dll
 0005:000002a8       __imp__al_flip_display     004912a8     allegro-5.0.10-monolith-md-debug:allegro-5.0.10-monolith-md-debug.dll
 0005:000002ac       __imp__al_create_sub_bitmap 004912ac     allegro-5.0.10-monolith-md-debug:allegro-5.0.10-monolith-md-debug.dll
 0005:000002b0       __imp__al_draw_bitmap      004912b0     allegro-5.0.10-monolith-md-debug:allegro-5.0.10-monolith-md-debug.dll
 0005:000002b4       __imp__al_draw_rotated_bitmap 004912b4     allegro-5.0.10-monolith-md-debug:allegro-5.0.10-monolith-md-debug.dll
 0005:000002b8       __imp__al_create_bitmap    004912b8     allegro-5.0.10-monolith-md-debug:allegro-5.0.10-monolith-md-debug.dll
 0005:000002bc       __imp__al_destroy_bitmap   004912bc     allegro-5.0.10-monolith-md-debug:allegro-5.0.10-monolith-md-debug.dll
 0005:000002c0       __imp__al_clone_bitmap     004912c0     allegro-5.0.10-monolith-md-debug:allegro-5.0.10-monolith-md-debug.dll
 0005:000002c4       __imp__al_load_bitmap      004912c4     allegro-5.0.10-monolith-md-debug:allegro-5.0.10-monolith-md-debug.dll
 0005:000002c8       __imp__al_clear_to_color   004912c8     allegro-5.0.10-monolith-md-debug:allegro-5.0.10-monolith-md-debug.dll
 0005:000002cc       __imp__al_shutdown_font_addon 004912cc     allegro-5.0.10-monolith-md-debug:allegro-5.0.10-monolith-md-debug.dll
 0005:000002d0       __imp__al_get_bitmap_height 004912d0     allegro-5.0.10-monolith-md-debug:allegro-5.0.10-monolith-md-debug.dll
 0005:000002d4       __imp__al_map_rgb          004912d4     allegro-5.0.10-monolith-md-debug:allegro-5.0.10-monolith-md-debug.dll
 0005:000002d8       __imp__al_draw_text        004912d8     allegro-5.0.10-monolith-md-debug:allegro-5.0.10-monolith-md-debug.dll
 0005:000002dc       __imp__al_get_font_line_height 004912dc     allegro-5.0.10-monolith-md-debug:allegro-5.0.10-monolith-md-debug.dll
 0005:000002e0       __imp__al_create_event_queue 004912e0     allegro-5.0.10-monolith-md-debug:allegro-5.0.10-monolith-md-debug.dll
 0005:000002e4       __imp__al_destroy_event_queue 004912e4     allegro-5.0.10-monolith-md-debug:allegro-5.0.10-monolith-md-debug.dll
 0005:000002e8       __imp__al_register_event_source 004912e8     allegro-5.0.10-monolith-md-debug:allegro-5.0.10-monolith-md-debug.dll
 0005:000002ec       __imp__al_unregister_event_source 004912ec     allegro-5.0.10-monolith-md-debug:allegro-5.0.10-monolith-md-debug.dll
 0005:000002f0       __imp__al_is_event_queue_empty 004912f0     allegro-5.0.10-monolith-md-debug:allegro-5.0.10-monolith-md-debug.dll
 0005:000002f4       __imp__al_wait_for_event   004912f4     allegro-5.0.10-monolith-md-debug:allegro-5.0.10-monolith-md-debug.dll
 0005:000002f8       __imp__al_install_keyboard 004912f8     allegro-5.0.10-monolith-md-debug:allegro-5.0.10-monolith-md-debug.dll
 0005:000002fc       __imp__al_uninstall_keyboard 004912fc     allegro-5.0.10-monolith-md-debug:allegro-5.0.10-monolith-md-debug.dll
 0005:00000300       __imp__al_get_keyboard_state 00491300     allegro-5.0.10-monolith-md-debug:allegro-5.0.10-monolith-md-debug.dll
 0005:00000304       __imp__al_get_keyboard_event_source 00491304     allegro-5.0.10-monolith-md-debug:allegro-5.0.10-monolith-md-debug.dll
 0005:00000308       __imp__al_install_mouse    00491308     allegro-5.0.10-monolith-md-debug:allegro-5.0.10-monolith-md-debug.dll
 0005:0000030c       __imp__al_uninstall_mouse  0049130c     allegro-5.0.10-monolith-md-debug:allegro-5.0.10-monolith-md-debug.dll
 0005:00000310       __imp__al_get_mouse_state  00491310     allegro-5.0.10-monolith-md-debug:allegro-5.0.10-monolith-md-debug.dll
 0005:00000314       __imp__al_mouse_button_down 00491314     allegro-5.0.10-monolith-md-debug:allegro-5.0.10-monolith-md-debug.dll
 0005:00000318       __imp__al_install_system   00491318     allegro-5.0.10-monolith-md-debug:allegro-5.0.10-monolith-md-debug.dll
 0005:0000031c       __imp__al_install_audio    0049131c     allegro-5.0.10-monolith-md-debug:allegro-5.0.10-monolith-md-debug.dll
 0005:00000320       __imp__al_uninstall_audio  00491320     allegro-5.0.10-monolith-md-debug:allegro-5.0.10-monolith-md-debug.dll
 0005:00000324       __imp__al_get_bitmap_width 00491324     allegro-5.0.10-monolith-md-debug:allegro-5.0.10-monolith-md-debug.dll
 0005:00000328       \177allegro-5.0.10-monolith-md-debug_NULL_THUNK_DATA 00491328     allegro-5.0.10-monolith-md-debug:allegro-5.0.10-monolith-md-debug.dll
 0005:00000378       __imp__system              00491378     ucrtd:ucrtbased.dll
 0005:0000037c       __imp__rand                0049137c     ucrtd:ucrtbased.dll
 0005:00000380       __imp___time64             00491380     ucrtd:ucrtbased.dll
 0005:00000384       __imp___wassert            00491384     ucrtd:ucrtbased.dll
 0005:00000388       __imp__free                00491388     ucrtd:ucrtbased.dll
 0005:0000038c       __imp__malloc              0049138c     ucrtd:ucrtbased.dll
 0005:00000390       __imp__sqrt                00491390     ucrtd:ucrtbased.dll
 0005:00000394       __imp___free_dbg           00491394     ucrtd:ucrtbased.dll
 0005:00000398       __imp___malloc_dbg         00491398     ucrtd:ucrtbased.dll
 0005:0000039c       __imp___CrtDbgReport       0049139c     ucrtd:ucrtbased.dll
 0005:000003a0       __imp___callnewh           004913a0     ucrtd:ucrtbased.dll
 0005:000003a4       __imp___seh_filter_dll     004913a4     ucrtd:ucrtbased.dll
 0005:000003a8       __imp___configure_narrow_argv 004913a8     ucrtd:ucrtbased.dll
 0005:000003ac       __imp___initialize_narrow_environment 004913ac     ucrtd:ucrtbased.dll
 0005:000003b0       __imp___initialize_onexit_table 004913b0     ucrtd:ucrtbased.dll
 0005:000003b4       __imp___register_onexit_function 004913b4     ucrtd:ucrtbased.dll
 0005:000003b8       __imp___execute_onexit_table 004913b8     ucrtd:ucrtbased.dll
 0005:000003bc       __imp___crt_atexit         004913bc     ucrtd:ucrtbased.dll
 0005:000003c0       __imp___crt_at_quick_exit  004913c0     ucrtd:ucrtbased.dll
 0005:000003c4       __imp___cexit              004913c4     ucrtd:ucrtbased.dll
 0005:000003c8       __imp___seh_filter_exe     004913c8     ucrtd:ucrtbased.dll
 0005:000003cc       __imp___set_app_type       004913cc     ucrtd:ucrtbased.dll
 0005:000003d0       __imp____setusermatherr    004913d0     ucrtd:ucrtbased.dll
 0005:000003d4       __imp___get_initial_narrow_environment 004913d4     ucrtd:ucrtbased.dll
 0005:000003d8       __imp___initterm           004913d8     ucrtd:ucrtbased.dll
 0005:000003dc       __imp___initterm_e         004913dc     ucrtd:ucrtbased.dll
 0005:000003e0       __imp__exit                004913e0     ucrtd:ucrtbased.dll
 0005:000003e4       __imp___exit               004913e4     ucrtd:ucrtbased.dll
 0005:000003e8       __imp___set_fmode          004913e8     ucrtd:ucrtbased.dll
 0005:000003ec       __imp____p___argc          004913ec     ucrtd:ucrtbased.dll
 0005:000003f0       __imp____p___argv          004913f0     ucrtd:ucrtbased.dll
 0005:000003f4       __imp___c_exit             004913f4     ucrtd:ucrtbased.dll
 0005:000003f8       __imp___register_thread_local_exe_atexit_callback 004913f8     ucrtd:ucrtbased.dll
 0005:000003fc       __imp___configthreadlocale 004913fc     ucrtd:ucrtbased.dll
 0005:00000400       __imp___set_new_mode       00491400     ucrtd:ucrtbased.dll
 0005:00000404       __imp____p__commode        00491404     ucrtd:ucrtbased.dll
 0005:00000408       __imp___except1            00491408     ucrtd:ucrtbased.dll
 0005:0000040c       __imp____stdio_common_vsprintf_s 0049140c     ucrtd:ucrtbased.dll
 0005:00000410       __imp__terminate           00491410     ucrtd:ucrtbased.dll
 0005:00000414       __imp___controlfp_s        00491414     ucrtd:ucrtbased.dll
 0005:00000418       __imp___wmakepath_s        00491418     ucrtd:ucrtbased.dll
 0005:0000041c       __imp___wsplitpath_s       0049141c     ucrtd:ucrtbased.dll
 0005:00000420       __imp__wcscpy_s            00491420     ucrtd:ucrtbased.dll
 0005:00000424       __imp____stdio_common_vfprintf 00491424     ucrtd:ucrtbased.dll
 0005:00000428       __imp____acrt_iob_func     00491428     ucrtd:ucrtbased.dll
 0005:0000042c       __imp___CrtDbgReportW      0049142c     ucrtd:ucrtbased.dll
 0005:00000430       __imp___unlock_file        00491430     ucrtd:ucrtbased.dll
 0005:00000434       __imp___lock_file          00491434     ucrtd:ucrtbased.dll
 0005:00000438       __imp__ungetc              00491438     ucrtd:ucrtbased.dll
 0005:0000043c       __imp__setvbuf             0049143c     ucrtd:ucrtbased.dll
 0005:00000440       __imp__fwrite              00491440     ucrtd:ucrtbased.dll
 0005:00000444       __imp___fseeki64           00491444     ucrtd:ucrtbased.dll
 0005:00000448       __imp__fsetpos             00491448     ucrtd:ucrtbased.dll
 0005:0000044c       __imp__fputc               0049144c     ucrtd:ucrtbased.dll
 0005:00000450       __imp__fgetpos             00491450     ucrtd:ucrtbased.dll
 0005:00000454       __imp__fgetc               00491454     ucrtd:ucrtbased.dll
 0005:00000458       __imp__fflush              00491458     ucrtd:ucrtbased.dll
 0005:0000045c       __imp__fclose              0049145c     ucrtd:ucrtbased.dll
 0005:00000460       __imp___get_stream_buffer_pointers 00491460     ucrtd:ucrtbased.dll
 0005:00000464       __imp___errno              00491464     ucrtd:ucrtbased.dll
 0005:00000468       __imp___invalid_parameter_noinfo 00491468     ucrtd:ucrtbased.dll
 0005:0000046c       __imp___invalid_parameter  0049146c     ucrtd:ucrtbased.dll
 0005:00000470       __imp__strlen              00491470     ucrtd:ucrtbased.dll
 0005:00000474       __imp__atan                00491474     ucrtd:ucrtbased.dll
 0005:00000478       __imp__srand               00491478     ucrtd:ucrtbased.dll
 0005:0000047c       \177ucrtbased_NULL_THUNK_DATA 0049147c     ucrtd:ucrtbased.dll
 0005:000004dc       __IMPORT_DESCRIPTOR_allegro-5.0.10-monolith-md-debug 004914dc     allegro-5.0.10-monolith-md-debug:allegro-5.0.10-monolith-md-debug.dll
 0005:000004f0       __IMPORT_DESCRIPTOR_KERNEL32 004914f0     kernel32:KERNEL32.dll
 0005:00000504       __IMPORT_DESCRIPTOR_MSVCP140D 00491504     msvcprtd:MSVCP140D.dll
 0005:00000518       __IMPORT_DESCRIPTOR_VCRUNTIME140D 00491518     vcruntimed:VCRUNTIME140D.dll
 0005:0000052c       __IMPORT_DESCRIPTOR_ucrtbased 0049152c     ucrtd:ucrtbased.dll
 0005:00000540       __NULL_IMPORT_DESCRIPTOR   00491540     allegro-5.0.10-monolith-md-debug:allegro-5.0.10-monolith-md-debug.dll
 0007:00000000       ___guard_check_icall_fptr  00495000     MSVCRTD:guard_support.obj
