 Editor

 Timestamp is 581bd728 (Thu Nov  3 20:32:40 2016)

 Preferred load address is 00400000

 Start         Length     Name                   Class
 0001:00000000 000237f9H .textbss                DATA
 0002:00000000 00004680H .text$di                CODE
 0002:00004680 00045270H .text$mn                CODE
 0002:000498f0 000047e0H .text$x                 CODE
 0002:0004e0d0 00001106H .text$yd                CODE
 0003:00000000 00000104H .CRT$XCA                DATA
 0003:00000104 00000104H .CRT$XCAA               DATA
 0003:00000208 00000104H .CRT$XCL                DATA
 0003:0000030c 0000012cH .CRT$XCU                DATA
 0003:00000438 00000104H .CRT$XCZ                DATA
 0003:0000053c 00000104H .CRT$XIA                DATA
 0003:00000640 00000104H .CRT$XIAA               DATA
 0003:00000744 00000104H .CRT$XIAC               DATA
 0003:00000848 00000104H .CRT$XIZ                DATA
 0003:0000094c 00000104H .CRT$XPA                DATA
 0003:00000a50 00000104H .CRT$XPZ                DATA
 0003:00000b54 00000104H .CRT$XTA                DATA
 0003:00000c58 00000108H .CRT$XTZ                DATA
 0003:00000d60 000042c4H .rdata                  DATA
 0003:00005024 0000077cH .rdata$r                DATA
 0003:000057a0 000001a4H .rdata$zzzdbg           DATA
 0003:00005944 00000104H .rtc$IAA                DATA
 0003:00005a48 00000144H .rtc$IMZ                DATA
 0003:00005b8c 00000104H .rtc$IZZ                DATA
 0003:00005c90 00000104H .rtc$TAA                DATA
 0003:00005d94 00000144H .rtc$TMZ                DATA
 0003:00005ed8 00000108H .rtc$TZZ                DATA
 0003:00005fe0 0000384aH .xdata$x                DATA
 0003:0000982a 00000000H .edata                  DATA
 0004:00000000 000001a0H .data                   DATA
 0004:000001a0 00000448H .data$r                 DATA
 0004:000005e8 00000504H .bss                    DATA
 0005:00000000 000004acH .idata$5                DATA
 0005:000004ac 00000064H .idata$2                DATA
 0005:00000510 00000014H .idata$3                DATA
 0005:00000524 000004acH .idata$4                DATA
 0005:000009d0 00001c4bH .idata$6                DATA
 0006:00000000 00000176H .gfids$y                DATA
 0007:00000000 00000104H .00cfg                  DATA
 0008:00000000 00000170H .rsrc$01                DATA
 0008:00000170 000002ccH .rsrc$02                DATA

  Address         Publics by Value              Rva+Base       Lib:Object

 0000:00000000       ___dynamic_value_reloc_table 00000000     <absolute>
 0000:00000000       ___guard_fids_table        00000000     <absolute>
 0000:00000000       ___guard_iat_count         00000000     <absolute>
 0000:00000000       ___guard_longjmp_count     00000000     <absolute>
 0000:00000000       ___safe_se_handler_count   00000000     <absolute>
 0000:00000000       ___guard_longjmp_table     00000000     <absolute>
 0000:00000000       ___safe_se_handler_table   00000000     <absolute>
 0000:00000000       ___guard_fids_count        00000000     <absolute>
 0000:00000000       ___guard_iat_table         00000000     <absolute>
 0000:00000100       ___guard_flags             00000100     <absolute>
 0000:00000000       ___ImageBase               00400000     <linker-defined>
 0001:00000000       __enc$textbss$begin        00401000     <linker-defined>
 0001:000237f9       __enc$textbss$end          004247f9     <linker-defined>
 0002:00004680       ??$?0$$V@?$_Compressed_pair@U?$_Wrap_alloc@V?$allocator@D@std@@@std@@V?$_String_val@U?$_Simple_types@D@std@@@2@$00@std@@QAE@U_Zero_then_variadic_args_t@1@@Z 00429680 f i Editor.obj
 0002:000046e0       ??$?0AAU?$_Wrap_alloc@V?$allocator@D@std@@@std@@@?$_Wrap_alloc@V?$allocator@U_Container_proxy@std@@@std@@@std@@QAE@AAU?$_Wrap_alloc@V?$allocator@D@std@@@1@@Z 004296e0 f i Editor.obj
 0002:00004750       ??$?0D@?$allocator@U_Container_proxy@std@@@std@@QAE@ABV?$allocator@D@1@@Z 00429750 f i Editor.obj
 0002:00004790       ??$_Debug_pointer@$$CBD@std@@YAXPBDPB_WI@Z 00429790 f i Editor.obj
 0002:00004800       ??$_Debug_pointer_if@$$CBD@std@@YAX_NPBDPB_WI@Z 00429800 f i Editor.obj
 0002:00004880       ??$_Unfancy@D@std@@YAPADPAD@Z 00429880 f i Editor.obj
 0002:000048c0       ??$_Unfancy@U_Container_proxy@std@@@std@@YAPAU_Container_proxy@0@PAU10@@Z 004298c0 f i Editor.obj
 0002:00004900       ??$addressof@PAD@std@@YAPAPADAAPAD@Z 00429900 f i Editor.obj
 0002:00004940       ??$addressof@U_Container_proxy@std@@@std@@YAPAU_Container_proxy@0@AAU10@@Z 00429940 f i Editor.obj
 0002:00004980       ??$construct@PADAAPAD@?$_Wrap_alloc@V?$allocator@D@std@@@std@@QAEXPAPADAAPAD@Z 00429980 f i Editor.obj
 0002:000049f0       ??$construct@PADAAPAD@?$allocator@D@std@@QAEXPAPADAAPAD@Z 004299f0 f i Editor.obj
 0002:00004aa0       ??$construct@PADAAPAD@?$allocator_traits@V?$allocator@D@std@@@std@@SAXAAV?$allocator@D@1@PAPADAAPAD@Z 00429aa0 f i Editor.obj
 0002:00004b00       ??$construct@U_Container_proxy@std@@U12@@?$_Wrap_alloc@V?$allocator@U_Container_proxy@std@@@std@@@std@@QAEXPAU_Container_proxy@1@$$QAU21@@Z 00429b00 f i Editor.obj
 0002:00004b70       ??$construct@U_Container_proxy@std@@U12@@?$allocator@U_Container_proxy@std@@@std@@QAEXPAU_Container_proxy@1@$$QAU21@@Z 00429b70 f i Editor.obj
 0002:00004c20       ??$construct@U_Container_proxy@std@@U12@@?$allocator_traits@V?$allocator@U_Container_proxy@std@@@std@@@std@@SAXAAV?$allocator@U_Container_proxy@std@@@1@PAU_Container_proxy@1@$$QAU31@@Z 00429c20 f i Editor.obj
 0002:00004c80       ??$destroy@PAD@?$_Wrap_alloc@V?$allocator@D@std@@@std@@QAEXPAPAD@Z 00429c80 f i Editor.obj
 0002:00004ce0       ??$destroy@PAD@?$allocator@D@std@@QAEXPAPAD@Z 00429ce0 f i Editor.obj
 0002:00004d20       ??$destroy@PAD@?$allocator_traits@V?$allocator@D@std@@@std@@SAXAAV?$allocator@D@1@PAPAD@Z 00429d20 f i Editor.obj
 0002:00004d70       ??$destroy@U_Container_proxy@std@@@?$_Wrap_alloc@V?$allocator@U_Container_proxy@std@@@std@@@std@@QAEXPAU_Container_proxy@1@@Z 00429d70 f i Editor.obj
 0002:00004dd0       ??$destroy@U_Container_proxy@std@@@?$allocator@U_Container_proxy@std@@@std@@QAEXPAU_Container_proxy@1@@Z 00429dd0 f i Editor.obj
 0002:00004e10       ??$destroy@U_Container_proxy@std@@@?$allocator_traits@V?$allocator@U_Container_proxy@std@@@std@@@std@@SAXAAV?$allocator@U_Container_proxy@std@@@1@PAU_Container_proxy@1@@Z 00429e10 f i Editor.obj
 0002:00004e60       ??$forward@AAPAD@std@@YAAAPADAAPAD@Z 00429e60 f i Editor.obj
 0002:00004ea0       ??$forward@AAU?$_Wrap_alloc@V?$allocator@D@std@@@std@@@std@@YAAAU?$_Wrap_alloc@V?$allocator@D@std@@@0@AAU10@@Z 00429ea0 f i Editor.obj
 0002:00004ee0       ??$forward@U_Container_proxy@std@@@std@@YA$$QAU_Container_proxy@0@AAU10@@Z 00429ee0 f i Editor.obj
 0002:00004f20       ??0?$_String_alloc@U?$_String_base_types@DV?$allocator@D@std@@@std@@@std@@QAE@XZ 00429f20 f i Editor.obj
 0002:00004fd0       ??0?$_String_val@U?$_Simple_types@D@std@@@std@@QAE@XZ 00429fd0 f i Editor.obj
 0002:00005090       ??0?$_Wrap_alloc@V?$allocator@D@std@@@std@@QAE@XZ 0042a090 f i Editor.obj
 0002:000050f0       ??0?$allocator@D@std@@QAE@XZ 0042a0f0 f i Editor.obj
 0002:00005130       ??0?$basic_string@DU?$char_traits@D@std@@V?$allocator@D@2@@std@@QAE@PBD@Z 0042a130 f i Editor.obj
 0002:000051f0       ??0Editor@@QAE@XZ          0042a1f0 f   Editor.obj
 0002:00005270       ??0_Bxty@?$_String_val@U?$_Simple_types@D@std@@@std@@QAE@XZ 0042a270 f i Editor.obj
 0002:000052b0       ??0_Container_base12@std@@QAE@XZ 0042a2b0 f i Editor.obj
 0002:00005300       ??0_Container_proxy@std@@QAE@XZ 0042a300 f i Editor.obj
 0002:00005350       ??1?$_Compressed_pair@U?$_Wrap_alloc@V?$allocator@D@std@@@std@@V?$_String_val@U?$_Simple_types@D@std@@@2@$00@std@@QAE@XZ 0042a350 f i Editor.obj
 0002:000053a0       ??1?$_String_alloc@U?$_String_base_types@DV?$allocator@D@std@@@std@@@std@@QAE@XZ 0042a3a0 f i Editor.obj
 0002:00005430       ??1?$_String_val@U?$_Simple_types@D@std@@@std@@QAE@XZ 0042a430 f i Editor.obj
 0002:00005490       ??1?$basic_string@DU?$char_traits@D@std@@V?$allocator@D@2@@std@@QAE@XZ 0042a490 f i Editor.obj
 0002:00005530       ??1Editor@@UAE@XZ          0042a530 f   Editor.obj
 0002:000055d0       ??1_Bxty@?$_String_val@U?$_Simple_types@D@std@@@std@@QAE@XZ 0042a5d0 f i Editor.obj
 0002:00005610       ??1_Container_base12@std@@QAE@XZ 0042a610 f i Editor.obj
 0002:000056a0       ??2@YAPAXIPAX@Z            0042a6a0 f i Editor.obj
 0002:000056e0       ??_GEditor@@UAEPAXI@Z      0042a6e0 f i Editor.obj
 0002:000056e0       ??_EEditor@@UAEPAXI@Z      0042a6e0 f i Editor.obj
 0002:00005770       ??_GGrid@@QAEPAXI@Z        0042a770 f i Editor.obj
 0002:00005800       ??_GGridVisualizer@@QAEPAXI@Z 0042a800 f i Editor.obj
 0002:00005890       ?_Alloc_proxy@?$_String_alloc@U?$_String_base_types@DV?$allocator@D@std@@@std@@@std@@QAEXXZ 0042a890 f i Editor.obj
 0002:00005990       ?_Allocate@std@@YAPAXII_N@Z 0042a990 f i Editor.obj
 0002:00005bf0       ?_Bx@?$_String_alloc@U?$_String_base_types@DV?$allocator@D@std@@@std@@@std@@QAEAAT_Bxty@?$_String_val@U?$_Simple_types@D@std@@@2@XZ 0042abf0 f i Editor.obj
 0002:00005c50       ?_Check_offset@?$basic_string@DU?$char_traits@D@std@@V?$allocator@D@2@@std@@QBEXI@Z 0042ac50 f i Editor.obj
 0002:00005cc0       ?_Clamp_suffix_size@?$basic_string@DU?$char_traits@D@std@@V?$allocator@D@2@@std@@QBEIII@Z 0042acc0 f i Editor.obj
 0002:00005d40       ?_Copy@?$basic_string@DU?$char_traits@D@std@@V?$allocator@D@2@@std@@QAEXII@Z 0042ad40 f i Editor.obj
 0002:00006000       ?_Deallocate@std@@YAXPAXII@Z 0042b000 f i Editor.obj
 0002:00006420       ?_Eos@?$basic_string@DU?$char_traits@D@std@@V?$allocator@D@2@@std@@QAEXI@Z 0042b420 f i Editor.obj
 0002:000064b0       ?_Free_proxy@?$_String_alloc@U?$_String_base_types@DV?$allocator@D@std@@@std@@@std@@QAEXXZ 0042b4b0 f i Editor.obj
 0002:000065a0       ?_Get_data@?$_String_alloc@U?$_String_base_types@DV?$allocator@D@std@@@std@@@std@@QAEAAV?$_String_val@U?$_Simple_types@D@std@@@2@XZ 0042b5a0 f i Editor.obj
 0002:000065f0       ?_Get_data@?$_String_alloc@U?$_String_base_types@DV?$allocator@D@std@@@std@@@std@@QBEABV?$_String_val@U?$_Simple_types@D@std@@@2@XZ 0042b5f0 f i Editor.obj
 0002:00006640       ?_Get_first@?$_Compressed_pair@U?$_Wrap_alloc@V?$allocator@D@std@@@std@@V?$_String_val@U?$_Simple_types@D@std@@@2@$00@std@@QAEAAU?$_Wrap_alloc@V?$allocator@D@std@@@2@XZ 0042b640 f i Editor.obj
 0002:00006680       ?_Get_first@?$_Compressed_pair@U?$_Wrap_alloc@V?$allocator@D@std@@@std@@V?$_String_val@U?$_Simple_types@D@std@@@2@$00@std@@QBEABU?$_Wrap_alloc@V?$allocator@D@std@@@2@XZ 0042b680 f i Editor.obj
 0002:000066c0       ?_Get_second@?$_Compressed_pair@U?$_Wrap_alloc@V?$allocator@D@std@@@std@@V?$_String_val@U?$_Simple_types@D@std@@@2@$00@std@@QAEAAV?$_String_val@U?$_Simple_types@D@std@@@2@XZ 0042b6c0 f i Editor.obj
 0002:00006700       ?_Get_second@?$_Compressed_pair@U?$_Wrap_alloc@V?$allocator@D@std@@@std@@V?$_String_val@U?$_Simple_types@D@std@@@2@$00@std@@QBEABV?$_String_val@U?$_Simple_types@D@std@@@2@XZ 0042b700 f i Editor.obj
 0002:00006740       ?_Getal@?$_String_alloc@U?$_String_base_types@DV?$allocator@D@std@@@std@@@std@@QAEAAU?$_Wrap_alloc@V?$allocator@D@std@@@2@XZ 0042b740 f i Editor.obj
 0002:00006790       ?_Getal@?$_String_alloc@U?$_String_base_types@DV?$allocator@D@std@@@std@@@std@@QBEABU?$_Wrap_alloc@V?$allocator@D@std@@@2@XZ 0042b790 f i Editor.obj
 0002:000067e0       ?_Grow@?$basic_string@DU?$char_traits@D@std@@V?$allocator@D@2@@std@@QAE_NI_N@Z 0042b7e0 f i Editor.obj
 0002:00006910       ?_Inside@?$basic_string@DU?$char_traits@D@std@@V?$allocator@D@2@@std@@QAE_NPBD@Z 0042b910 f i Editor.obj
 0002:000069a0       ?_Myproxy@?$_String_alloc@U?$_String_base_types@DV?$allocator@D@std@@@std@@@std@@QAEAAPAU_Container_proxy@2@XZ 0042b9a0 f i Editor.obj
 0002:000069f0       ?_Myptr@?$_String_alloc@U?$_String_base_types@DV?$allocator@D@std@@@std@@@std@@QAEPADXZ 0042b9f0 f i Editor.obj
 0002:00006a50       ?_Myptr@?$_String_alloc@U?$_String_base_types@DV?$allocator@D@std@@@std@@@std@@QBEPBDXZ 0042ba50 f i Editor.obj
 0002:00006ab0       ?_Myptr@?$_String_val@U?$_Simple_types@D@std@@@std@@QAEPADXZ 0042bab0 f i Editor.obj
 0002:00006b40       ?_Myptr@?$_String_val@U?$_Simple_types@D@std@@@std@@QBEPBDXZ 0042bb40 f i Editor.obj
 0002:00006bd0       ?_Myres@?$_String_alloc@U?$_String_base_types@DV?$allocator@D@std@@@std@@@std@@QAEAAIXZ 0042bbd0 f i Editor.obj
 0002:00006c30       ?_Mysize@?$_String_alloc@U?$_String_base_types@DV?$allocator@D@std@@@std@@@std@@QAEAAIXZ 0042bc30 f i Editor.obj
 0002:00006c90       ?_Mysize@?$_String_alloc@U?$_String_base_types@DV?$allocator@D@std@@@std@@@std@@QBEABIXZ 0042bc90 f i Editor.obj
 0002:00006cf0       ?_Orphan_all@?$_String_alloc@U?$_String_base_types@DV?$allocator@D@std@@@std@@@std@@QAEXXZ 0042bcf0 f i Editor.obj
 0002:00006d50       ?_Orphan_all@_Container_base12@std@@QAEXXZ 0042bd50 f i Editor.obj
 0002:00006e60       ?_Tidy@?$basic_string@DU?$char_traits@D@std@@V?$allocator@D@2@@std@@QAEX_NI@Z 0042be60 f i Editor.obj
 0002:00006f80       ?_Xlen@?$basic_string@DU?$char_traits@D@std@@V?$allocator@D@2@@std@@QBEXXZ 0042bf80 f i Editor.obj
 0002:00006fe0       ?_Xran@?$basic_string@DU?$char_traits@D@std@@V?$allocator@D@2@@std@@QBEXXZ 0042bfe0 f i Editor.obj
 0002:00007040       ?__empty_global_delete@@YAXPAX@Z 0042c040 f i Editor.obj
 0002:00007070       ?__global_delete@@YAXPAXI@Z 0042c070 f i Editor.obj
 0002:00007070       ?__empty_global_delete@@YAXPAXI@Z 0042c070 f i Editor.obj
 0002:000070a0       ?address@?$_Wrap_alloc@V?$allocator@U_Container_proxy@std@@@std@@@std@@QBEPAU_Container_proxy@2@AAU32@@Z 0042c0a0 f i Editor.obj
 0002:00007100       ?allocate@?$_Wrap_alloc@V?$allocator@D@std@@@std@@QAEPADI@Z 0042c100 f i Editor.obj
 0002:00007160       ?allocate@?$_Wrap_alloc@V?$allocator@U_Container_proxy@std@@@std@@@std@@QAEPAU_Container_proxy@2@I@Z 0042c160 f i Editor.obj
 0002:000071c0       ?allocate@?$allocator@D@std@@QAEPADI@Z 0042c1c0 f i Editor.obj
 0002:00007220       ?allocate@?$allocator@U_Container_proxy@std@@@std@@QAEPAU_Container_proxy@2@I@Z 0042c220 f i Editor.obj
 0002:00007280       ?assign@?$basic_string@DU?$char_traits@D@std@@V?$allocator@D@2@@std@@QAEAAV12@ABV12@II@Z 0042c280 f i Editor.obj
 0002:00007380       ?assign@?$basic_string@DU?$char_traits@D@std@@V?$allocator@D@2@@std@@QAEAAV12@PBD@Z 0042c380 f i Editor.obj
 0002:00007410       ?assign@?$basic_string@DU?$char_traits@D@std@@V?$allocator@D@2@@std@@QAEAAV12@PBDI@Z 0042c410 f i Editor.obj
 0002:00007530       ?assign@?$char_traits@D@std@@SAXAADABD@Z 0042c530 f i Editor.obj
 0002:00007570       ?beginLoop@Editor@@UAEXXZ  0042c570 f   Editor.obj
 0002:000075c0       ?cleanup@Editor@@UAEXXZ    0042c5c0 f   Editor.obj
 0002:000076c0       ?copy@?$char_traits@D@std@@SAPADPADPBDI@Z 0042c6c0 f i Editor.obj
 0002:00007740       ?deallocate@?$_Wrap_alloc@V?$allocator@D@std@@@std@@QAEXPADI@Z 0042c740 f i Editor.obj
 0002:000077a0       ?deallocate@?$_Wrap_alloc@V?$allocator@U_Container_proxy@std@@@std@@@std@@QAEXPAU_Container_proxy@2@I@Z 0042c7a0 f i Editor.obj
 0002:00007800       ?deallocate@?$allocator@D@std@@QAEXPADI@Z 0042c800 f i Editor.obj
 0002:00007860       ?deallocate@?$allocator@U_Container_proxy@std@@@std@@QAEXPAU_Container_proxy@2@I@Z 0042c860 f i Editor.obj
 0002:000078c0       ?endLoop@Editor@@UAE_NXZ   0042c8c0 f   Editor.obj
 0002:00007910       ?erase@?$basic_string@DU?$char_traits@D@std@@V?$allocator@D@2@@std@@QAEAAV12@I@Z 0042c910 f i Editor.obj
 0002:00007980       ?erase@?$basic_string@DU?$char_traits@D@std@@V?$allocator@D@2@@std@@QAEAAV12@II@Z 0042c980 f i Editor.obj
 0002:00007a60       ?getBackBuffer@GraphicsSystem@@QAEPAVGraphicsBuffer@@XZ 0042ca60 f i Editor.obj
 0002:00007aa0       ?getHeight@GraphicsBuffer@@QBEHXZ 0042caa0 f i Editor.obj
 0002:00007b10       ?getHeight@GraphicsSystem@@QBEHXZ 0042cb10 f i Editor.obj
 0002:00007b50       ?getWidth@GraphicsBuffer@@QBEHXZ 0042cb50 f i Editor.obj
 0002:00007bc0       ?getWidth@GraphicsSystem@@QBEHXZ 0042cbc0 f i Editor.obj
 0002:00007c00       ?init@Editor@@UAE_NXZ      0042cc00 f   Editor.obj
 0002:00007ea0       ?length@?$char_traits@D@std@@SAIPBD@Z 0042cea0 f i Editor.obj
 0002:00007f20       ?loadGrid@Editor@@QAEXAAV?$basic_ifstream@DU?$char_traits@D@std@@@std@@@Z 0042cf20 f   Editor.obj
 0002:00007f80       ?max_size@?$_Wrap_alloc@V?$allocator@D@std@@@std@@QBEIU_Nil@2@@Z 0042cf80 f i Editor.obj
 0002:00007fe0       ?max_size@?$allocator@D@std@@QBEIXZ 0042cfe0 f i Editor.obj
 0002:00008020       ?max_size@?$allocator_traits@V?$allocator@D@std@@@std@@SAIABV?$allocator@D@2@@Z 0042d020 f i Editor.obj
 0002:00008070       ?max_size@?$basic_string@DU?$char_traits@D@std@@V?$allocator@D@2@@std@@QBEIXZ 0042d070 f i Editor.obj
 0002:00008110       ?move@?$char_traits@D@std@@SAPADPADPBDI@Z 0042d110 f i Editor.obj
 0002:000081a0       ?pointer_to@?$pointer_traits@PAU_Container_proxy@std@@@std@@SAPAU_Container_proxy@2@AAU32@@Z 0042d1a0 f i Editor.obj
 0002:000081f0       ?processLoop@Editor@@UAEXXZ 0042d1f0 f   Editor.obj
 0002:00008370       ?saveGrid@Editor@@QAEXAAV?$basic_ofstream@DU?$char_traits@D@std@@@std@@@Z 0042d370 f   Editor.obj
 0002:000083d0       ?setModified@GridVisualizer@@QAEXXZ 0042d3d0 f i Editor.obj
 0002:00008410       ??$?6U?$char_traits@D@std@@@std@@YAAAV?$basic_ostream@DU?$char_traits@D@std@@@0@AAV10@PBD@Z 0042d410 f i main.obj
 0002:000089d0       ??$_Fgetc@D@std@@YA_NAADPAU_iobuf@@@Z 0042d9d0 f i main.obj
 0002:00008a50       ??$_Fputc@D@std@@YA_NDPAU_iobuf@@@Z 0042da50 f i main.obj
 0002:00008ae0       ??$_Unfancy@$$CBD@std@@YAPBDPBD@Z 0042dae0 f i main.obj
 0002:00008b20       ??$_Ungetc@D@std@@YA_NABDPAU_iobuf@@@Z 0042db20 f i main.obj
 0002:00008bb0       ??$addressof@D@std@@YAPADAAD@Z 0042dbb0 f i main.obj
 0002:00008bf0       ??$use_facet@V?$codecvt@DDU_Mbstatet@@@std@@@std@@YAABV?$codecvt@DDU_Mbstatet@@@0@ABVlocale@0@@Z 0042dbf0 f i main.obj
 0002:00008df0       ??0?$_Iterator012@Urandom_access_iterator_tag@std@@DHPBDABDU_Iterator_base12@2@@std@@QAE@XZ 0042ddf0 f i main.obj
 0002:00008e50       ??0?$_String_const_iterator@V?$_String_val@U?$_Simple_types@D@std@@@std@@@std@@QAE@PBDPBU_Container_base12@1@@Z 0042de50 f i main.obj
 0002:00008f10       ??0?$_String_iterator@V?$_String_val@U?$_Simple_types@D@std@@@std@@@std@@QAE@PADPBU_Container_base12@1@@Z 0042df10 f i main.obj
 0002:00008f70       ??0?$basic_filebuf@DU?$char_traits@D@std@@@std@@QAE@PAU_iobuf@@@Z 0042df70 f i main.obj
 0002:00009040       ??0?$basic_ifstream@DU?$char_traits@D@std@@@std@@QAE@ABV?$basic_string@DU?$char_traits@D@std@@V?$allocator@D@2@@1@HH@Z 0042e040 f i main.obj
 0002:000091f0       ??0?$basic_ofstream@DU?$char_traits@D@std@@@std@@QAE@ABV?$basic_string@DU?$char_traits@D@std@@V?$allocator@D@2@@1@HH@Z 0042e1f0 f i main.obj
 0002:000093a0       ??0?$basic_string@DU?$char_traits@D@std@@V?$allocator@D@2@@std@@QAE@ID@Z 0042e3a0 f i main.obj
 0002:00009460       ??0?$basic_string@DU?$char_traits@D@std@@V?$allocator@D@2@@std@@QAE@XZ 0042e460 f i main.obj
 0002:00009500       ??0?$fpos@U_Mbstatet@@@std@@QAE@U_Mbstatet@@_J@Z 0042e500 f i main.obj
 0002:00009580       ??0?$fpos@U_Mbstatet@@@std@@QAE@_J@Z 0042e580 f i main.obj
 0002:00009600       ??0_Iterator_base12@std@@QAE@XZ 0042e600 f i main.obj
 0002:00009650       ??0_Sentry_base@?$basic_ostream@DU?$char_traits@D@std@@@std@@QAE@AAV12@@Z 0042e650 f i main.obj
 0002:00009740       ??0bad_cast@std@@QAE@ABV01@@Z 0042e740 f i main.obj
 0002:000097b0       ??0bad_cast@std@@QAE@XZ    0042e7b0 f i main.obj
 0002:00009820       ??0exception@std@@QAE@ABV01@@Z 0042e820 f i main.obj
 0002:000098b0       ??0exception@std@@QAE@QBDH@Z 0042e8b0 f i main.obj
 0002:00009920       ??0sentry@?$basic_ostream@DU?$char_traits@D@std@@@std@@QAE@AAV12@@Z 0042e920 f i main.obj
 0002:00009aa0       ??1?$_Iterator012@Urandom_access_iterator_tag@std@@DHPBDABDU_Iterator_base12@2@@std@@QAE@XZ 0042eaa0 f i main.obj
 0002:00009af0       ??1?$_String_const_iterator@V?$_String_val@U?$_Simple_types@D@std@@@std@@@std@@QAE@XZ 0042eaf0 f i main.obj
 0002:00009b40       ??1?$_String_iterator@V?$_String_val@U?$_Simple_types@D@std@@@std@@@std@@QAE@XZ 0042eb40 f i main.obj
 0002:00009b90       ??1?$basic_filebuf@DU?$char_traits@D@std@@@std@@UAE@XZ 0042eb90 f i main.obj
 0002:00009c60       ??1?$basic_ifstream@DU?$char_traits@D@std@@@std@@UAE@XZ 0042ec60 f i main.obj
 0002:00009d10       ??1?$basic_ofstream@DU?$char_traits@D@std@@@std@@UAE@XZ 0042ed10 f i main.obj
 0002:00009dc0       ??1_Iterator_base12@std@@QAE@XZ 0042edc0 f i main.obj
 0002:00009eb0       ??1_Sentry_base@?$basic_ostream@DU?$char_traits@D@std@@@std@@QAE@XZ 0042eeb0 f i main.obj
 0002:00009fd0       ??1bad_cast@std@@UAE@XZ    0042efd0 f i main.obj
 0002:0000a020       ??1exception@std@@UAE@XZ   0042f020 f i main.obj
 0002:0000a090       ??1locale@std@@QAE@XZ      0042f090 f i main.obj
 0002:0000a1a0       ??1sentry@?$basic_ostream@DU?$char_traits@D@std@@@std@@QAE@XZ 0042f1a0 f i main.obj
 0002:0000a260       ??B?$fpos@U_Mbstatet@@@std@@QBE_JXZ 0042f260 f i main.obj
 0002:0000a2b0       ??Bsentry@?$basic_ostream@DU?$char_traits@D@std@@@std@@QBE_NXZ 0042f2b0 f i main.obj
 0002:0000a2f0       ??D?$_String_const_iterator@V?$_String_val@U?$_Simple_types@D@std@@@std@@@std@@QBEABDXZ 0042f2f0 f i main.obj
 0002:0000a470       ??D?$_String_iterator@V?$_String_val@U?$_Simple_types@D@std@@@std@@@std@@QBEAADXZ 0042f470 f i main.obj
 0002:0000a4c0       ??_D?$basic_ifstream@DU?$char_traits@D@std@@@std@@QAEXXZ 0042f4c0 f i main.obj
 0002:0000a530       ??_D?$basic_ofstream@DU?$char_traits@D@std@@@std@@QAEXXZ 0042f530 f i main.obj
 0002:0000a59c       ??_E?$basic_ifstream@DU?$char_traits@D@std@@@std@@$4PPPPPPPM@A@AEPAXI@Z 0042f59c f i main.obj
 0002:0000a5a6       ??_E?$basic_ofstream@DU?$char_traits@D@std@@@std@@$4PPPPPPPM@A@AEPAXI@Z 0042f5a6 f i main.obj
 0002:0000a5b0       ??_G?$basic_filebuf@DU?$char_traits@D@std@@@std@@UAEPAXI@Z 0042f5b0 f i main.obj
 0002:0000a5b0       ??_E?$basic_filebuf@DU?$char_traits@D@std@@@std@@UAEPAXI@Z 0042f5b0 f i main.obj
 0002:0000a620       ??_G?$basic_ifstream@DU?$char_traits@D@std@@@std@@UAEPAXI@Z 0042f620 f i main.obj
 0002:0000a620       ??_E?$basic_ifstream@DU?$char_traits@D@std@@@std@@UAEPAXI@Z 0042f620 f i main.obj
 0002:0000a6a0       ??_G?$basic_ofstream@DU?$char_traits@D@std@@@std@@UAEPAXI@Z 0042f6a0 f i main.obj
 0002:0000a6a0       ??_E?$basic_ofstream@DU?$char_traits@D@std@@@std@@UAEPAXI@Z 0042f6a0 f i main.obj
 0002:0000a720       ??_Ebad_cast@std@@UAEPAXI@Z 0042f720 f i main.obj
 0002:0000a720       ??_Gbad_cast@std@@UAEPAXI@Z 0042f720 f i main.obj
 0002:0000a790       ??_Eexception@std@@UAEPAXI@Z 0042f790 f i main.obj
 0002:0000a790       ??_Gexception@std@@UAEPAXI@Z 0042f790 f i main.obj
 0002:0000a800       ?_Adopt@_Iterator_base12@std@@QAEXPBU_Container_base12@2@@Z 0042f800 f i main.obj
 0002:0000a9b0       ?_Chassign@?$basic_string@DU?$char_traits@D@std@@V?$allocator@D@2@@std@@QAEXIID@Z 0042f9b0 f i main.obj
 0002:0000aa50       ?_Endwrite@?$basic_filebuf@DU?$char_traits@D@std@@@std@@IAE_NXZ 0042fa50 f i main.obj
 0002:0000af30       ?_Getcont@_Iterator_base12@std@@QBEPBU_Container_base12@2@XZ 0042ff30 f i main.obj
 0002:0000afa0       ?_Getfacet@locale@std@@QBEPBVfacet@12@I@Z 0042ffa0 f i main.obj
 0002:0000b0a0       ?_Init@?$basic_filebuf@DU?$char_traits@D@std@@@std@@IAEXPAU_iobuf@@W4_Initfl@12@@Z 004300a0 f i main.obj
 0002:0000b260       ?_Initcvt@?$basic_filebuf@DU?$char_traits@D@std@@@std@@IAEXPBV?$codecvt@DDU_Mbstatet@@@2@@Z 00430260 f i main.obj
 0002:0000b300       ?_Lock@?$basic_filebuf@DU?$char_traits@D@std@@@std@@UAEXXZ 00430300 f i main.obj
 0002:0000b370       ?_Orphan_me@_Iterator_base12@std@@QAEXXZ 00430370 f i main.obj
 0002:0000b440       ?_Reset_back@?$basic_filebuf@DU?$char_traits@D@std@@@std@@AAEXXZ 00430440 f i main.obj
 0002:0000b4e0       ?_Set_back@?$basic_filebuf@DU?$char_traits@D@std@@@std@@AAEXXZ 004304e0 f i main.obj
 0002:0000b5c0       ?_Unlock@?$basic_filebuf@DU?$char_traits@D@std@@@std@@UAEXXZ 004305c0 f i main.obj
 0002:0000b630       ?address@?$_Wrap_alloc@V?$allocator@D@std@@@std@@QBEPADAAD@Z 00430630 f i main.obj
 0002:0000b690       ?append@?$basic_string@DU?$char_traits@D@std@@V?$allocator@D@2@@std@@QAEAAV12@ID@Z 00430690 f i main.obj
 0002:0000b770       ?assign@?$basic_string@DU?$char_traits@D@std@@V?$allocator@D@2@@std@@QAEAAV12@ID@Z 00430770 f i main.obj
 0002:0000b820       ?assign@?$char_traits@D@std@@SAPADPADID@Z 00430820 f i main.obj
 0002:0000b880       ?begin@?$basic_string@DU?$char_traits@D@std@@V?$allocator@D@2@@std@@QAE?AV?$_String_iterator@V?$_String_val@U?$_Simple_types@D@std@@@std@@@2@XZ 00430880 f i main.obj
 0002:0000b940       ?c_str@?$basic_string@DU?$char_traits@D@std@@V?$allocator@D@2@@std@@QBEPBDXZ 00430940 f i main.obj
 0002:0000b9d0       ?close@?$basic_filebuf@DU?$char_traits@D@std@@@std@@QAEPAV12@XZ 004309d0 f i main.obj
 0002:0000ba90       ?close@?$basic_ifstream@DU?$char_traits@D@std@@@std@@QAEXXZ 00430a90 f i main.obj
 0002:0000bb10       ?close@?$basic_ofstream@DU?$char_traits@D@std@@@std@@QAEXXZ 00430b10 f i main.obj
 0002:0000bb90       ?eof@?$char_traits@D@std@@SAHXZ 00430b90 f i main.obj
 0002:0000bbd0       ?eq_int_type@?$char_traits@D@std@@SA_NABH0@Z 00430bd0 f i main.obj
 0002:0000bc30       ?getGridVisualizer@Editor@@QAEPAVGridVisualizer@@XZ 00430c30 f i main.obj
 0002:0000bc70       ?imbue@?$basic_filebuf@DU?$char_traits@D@std@@@std@@MAEXABVlocale@2@@Z 00430c70 f i main.obj
 0002:0000bce0       ?markForExit@Game@@QAEXXZ  00430ce0 f i main.obj
 0002:0000bd20       ?not_eof@?$char_traits@D@std@@SAHABH@Z 00430d20 f i main.obj
 0002:0000bdc0       ?open@?$basic_filebuf@DU?$char_traits@D@std@@@std@@QAEPAV12@PBDHH@Z 00430dc0 f i main.obj
 0002:0000bf10       ?overflow@?$basic_filebuf@DU?$char_traits@D@std@@@std@@MAEHH@Z 00430f10 f i main.obj
 0002:0000c5a0       ?pbackfail@?$basic_filebuf@DU?$char_traits@D@std@@@std@@MAEHH@Z 004315a0 f i main.obj
 0002:0000c7f0       ?pointer_to@?$pointer_traits@PAD@std@@SAPADAAD@Z 004317f0 f i main.obj
 0002:0000c840       ?seekoff@?$basic_filebuf@DU?$char_traits@D@std@@@std@@MAE?AV?$fpos@U_Mbstatet@@@2@_JHH@Z 00431840 f i main.obj
 0002:0000c9f0       ?seekpos@?$basic_filebuf@DU?$char_traits@D@std@@@std@@MAE?AV?$fpos@U_Mbstatet@@@2@V32@H@Z 004319f0 f i main.obj
 0002:0000cbd0       ?seekpos@?$fpos@U_Mbstatet@@@std@@QBE_JXZ 00431bd0 f i main.obj
 0002:0000cc10       ?setbuf@?$basic_filebuf@DU?$char_traits@D@std@@@std@@MAEPAV?$basic_streambuf@DU?$char_traits@D@std@@@2@PAD_J@Z 00431c10 f i main.obj
 0002:0000ccf0       ?size@?$basic_string@DU?$char_traits@D@std@@V?$allocator@D@2@@std@@QBEIXZ 00431cf0 f i main.obj
 0002:0000cd50       ?state@?$fpos@U_Mbstatet@@@std@@QBE?AU_Mbstatet@@XZ 00431d50 f i main.obj
 0002:0000cda0       ?sync@?$basic_filebuf@DU?$char_traits@D@std@@@std@@MAEHXZ 00431da0 f i main.obj
 0002:0000cea0       ?to_char_type@?$char_traits@D@std@@SADABH@Z 00431ea0 f i main.obj
 0002:0000cee0       ?to_int_type@?$char_traits@D@std@@SAHABD@Z 00431ee0 f i main.obj
 0002:0000cf20       ?uflow@?$basic_filebuf@DU?$char_traits@D@std@@@std@@MAEHXZ 00431f20 f i main.obj
 0002:0000d540       ?underflow@?$basic_filebuf@DU?$char_traits@D@std@@@std@@MAEHXZ 00432540 f i main.obj
 0002:0000d6b0       ?what@exception@std@@UBEPBDXZ 004326b0 f i main.obj
 0002:0000d720       _main                      00432720 f   main.obj
 0002:0000de30       ??$__vcrt_va_start_verify_argument_type@QBD@@YAXXZ 00432e30 f i CommonPathfindingLib:Game.obj
 0002:0000de60       ??0Game@@QAE@XZ            00432e60 f   CommonPathfindingLib:Game.obj
 0002:0000df10       ??1Game@@UAE@XZ            00432f10 f   CommonPathfindingLib:Game.obj
 0002:0000dfa0       ??_EGame@@UAEPAXI@Z        00432fa0 f i CommonPathfindingLib:Game.obj
 0002:0000dfa0       ??_GGame@@UAEPAXI@Z        00432fa0 f i CommonPathfindingLib:Game.obj
 0002:0000e030       ??_GGraphicsBufferManager@@QAEPAXI@Z 00433030 f i CommonPathfindingLib:Game.obj
 0002:0000e0c0       ??_GGraphicsSystem@@QAEPAXI@Z 004330c0 f i CommonPathfindingLib:Game.obj
 0002:0000e150       ??_GSpriteManager@@QAEPAXI@Z 00433150 f i CommonPathfindingLib:Game.obj
 0002:0000e1e0       ??_GTimer@@QAEPAXI@Z       004331e0 f i CommonPathfindingLib:Game.obj
 0002:0000e270       ?beginLoop@Game@@UAEXXZ    00433270 f   CommonPathfindingLib:Game.obj
 0002:0000e320       ?cleanup@Game@@UAEXXZ      00433320 f   CommonPathfindingLib:Game.obj
 0002:0000e5f0       ?endLoop@Game@@UAE_NXZ     004335f0 f   CommonPathfindingLib:Game.obj
 0002:0000e660       ?genRandomBinomial@@YAMXZ  00433660 f   CommonPathfindingLib:Game.obj
 0002:0000e700       ?genRandomFloat@@YAMXZ     00433700 f   CommonPathfindingLib:Game.obj
 0002:0000e770       ?init@Game@@UAE_NXZ        00433770 f   CommonPathfindingLib:Game.obj
 0002:0000ed80       ?lerp@@YAMHHH@Z            00433d80 f   CommonPathfindingLib:Game.obj
 0002:0000ee40       ?mapRotationToRange@@YAMMMM@Z 00433e40 f   CommonPathfindingLib:Game.obj
 0002:0000eef0       ?processLoop@Game@@UAEXXZ  00433ef0 f   CommonPathfindingLib:Game.obj
 0002:0000ef50       ___local_stdio_printf_options 00433f50 f i CommonPathfindingLib:Game.obj
 0002:0000ef90       __vfprintf_l               00433f90 f i CommonPathfindingLib:Game.obj
 0002:0000f010       _fprintf                   00434010 f i CommonPathfindingLib:Game.obj
 0002:0000f090       _printf                    00434090 f i CommonPathfindingLib:Game.obj
 0002:0000f180       ??$?0$$V@?$_Compressed_pair@U?$_Wrap_alloc@V?$allocator@U?$_Tree_node@U?$pair@$$CBHPAVGraphicsBuffer@@@std@@PAX@std@@@std@@@std@@V?$_Tree_val@U?$_Tree_simple_types@U?$pair@$$CBHPAVGraphicsBuffer@@@std@@@std@@@2@$00@std@@QAE@U_Zero_then_variadic_args_t@1@@Z 00434180 f i CommonPathfindingLib:GraphicsBufferManager.obj
 0002:0000f1e0       ??$?0$$V@?$_Compressed_pair@U?$_Wrap_alloc@V?$allocator@U?$_Tree_node@U?$pair@$$CBV?$basic_string@DU?$char_traits@D@std@@V?$allocator@D@2@@std@@H@std@@PAX@std@@@std@@@std@@V?$_Tree_val@U?$_Tree_simple_types@U?$pair@$$CBV?$basic_string@DU?$char_traits@D@std@@V?$allocator@D@2@@std@@H@std@@@std@@@2@$00@std@@QAE@U_Zero_then_variadic_args_t@1@@Z 004341e0 f i CommonPathfindingLib:GraphicsBufferManager.obj
 0002:0000f240       ??$?0AAU?$_Wrap_alloc@V?$allocator@U?$_Tree_node@U?$pair@$$CBHPAVGraphicsBuffer@@@std@@PAX@std@@@std@@@std@@@?$_Wrap_alloc@V?$allocator@U_Container_proxy@std@@@std@@@std@@QAE@AAU?$_Wrap_alloc@V?$allocator@U?$_Tree_node@U?$pair@$$CBHPAVGraphicsBuffer@@@std@@PAX@std@@@std@@@1@@Z 00434240 f i CommonPathfindingLib:GraphicsBufferManager.obj
 0002:0000f2b0       ??$?0AAU?$_Wrap_alloc@V?$allocator@U?$_Tree_node@U?$pair@$$CBV?$basic_string@DU?$char_traits@D@std@@V?$allocator@D@2@@std@@H@std@@PAX@std@@@std@@@std@@@?$_Wrap_alloc@V?$allocator@U_Container_proxy@std@@@std@@@std@@QAE@AAU?$_Wrap_alloc@V?$allocator@U?$_Tree_node@U?$pair@$$CBV?$basic_string@DU?$char_traits@D@std@@V?$allocator@D@2@@std@@H@std@@PAX@std@@@std@@@1@@Z 004342b0 f i CommonPathfindingLib:GraphicsBufferManager.obj
 0002:0000f320       ??$?0AAV?$_Tree_iterator@V?$_Tree_val@U?$_Tree_simple_types@U?$pair@$$CBHPAVGraphicsBuffer@@@std@@@std@@@std@@@std@@_NX$0A@@?$pair@V?$_Tree_iterator@V?$_Tree_val@U?$_Tree_simple_types@U?$pair@$$CBHPAVGraphicsBuffer@@@std@@@std@@@std@@@std@@_N@std@@QAE@AAV?$_Tree_iterator@V?$_Tree_val@U?$_Tree_simple_types@U?$pair@$$CBHPAVGraphicsBuffer@@@std@@@std@@@std@@@1@$$QA_N@Z 00434320 f i CommonPathfindingLib:GraphicsBufferManager.obj
 0002:0000f3a0       ??$?0AAV?$_Tree_iterator@V?$_Tree_val@U?$_Tree_simple_types@U?$pair@$$CBV?$basic_string@DU?$char_traits@D@std@@V?$allocator@D@2@@std@@H@std@@@std@@@std@@@std@@_NX$0A@@?$pair@V?$_Tree_iterator@V?$_Tree_val@U?$_Tree_simple_types@U?$pair@$$CBV?$basic_string@DU?$char_traits@D@std@@V?$allocator@D@2@@std@@H@std@@@std@@@std@@@std@@_N@std@@QAE@AAV?$_Tree_iterator@V?$_Tree_val@U?$_Tree_simple_types@U?$pair@$$CBV?$basic_string@DU?$char_traits@D@std@@V?$allocator@D@2@@std@@H@std@@@std@@@std@@@1@$$QA_N@Z 004343a0 f i CommonPathfindingLib:GraphicsBufferManager.obj
 0002:0000f420       ??$?0ABH$$Z$$V@?$pair@$$CBHPAVGraphicsBuffer@@@std@@QAE@Upiecewise_construct_t@1@V?$tuple@ABH@1@V?$tuple@$$V@1@@Z 00434420 f i CommonPathfindingLib:GraphicsBufferManager.obj
 0002:0000f4a0       ??$?0ABH$0A@@?$tuple@ABH@std@@QAE@ABH@Z 004344a0 f i CommonPathfindingLib:GraphicsBufferManager.obj
 0002:0000f520       ??$?0ABH@?$_Tuple_val@ABH@std@@QAE@ABH@Z 00434520 f i CommonPathfindingLib:GraphicsBufferManager.obj
 0002:0000f580       ??$?0ABU?$less@H@std@@U_Zero_then_variadic_args_t@1@@?$_Compressed_pair@U?$less@H@std@@V?$_Compressed_pair@U?$_Wrap_alloc@V?$allocator@U?$_Tree_node@U?$pair@$$CBHPAVGraphicsBuffer@@@std@@PAX@std@@@std@@@std@@V?$_Tree_val@U?$_Tree_simple_types@U?$pair@$$CBHPAVGraphicsBuffer@@@std@@@std@@@2@$00@2@$00@std@@QAE@U_One_then_variadic_args_t@1@ABU?$less@H@1@$$QAU_Zero_then_variadic_args_t@1@@Z 00434580 f i CommonPathfindingLib:GraphicsBufferManager.obj
 0002:0000f600       ??$?0ABU?$less@V?$basic_string@DU?$char_traits@D@std@@V?$allocator@D@2@@std@@@std@@U_Zero_then_variadic_args_t@1@@?$_Compressed_pair@U?$less@V?$basic_string@DU?$char_traits@D@std@@V?$allocator@D@2@@std@@@std@@V?$_Compressed_pair@U?$_Wrap_alloc@V?$allocator@U?$_Tree_node@U?$pair@$$CBV?$basic_string@DU?$char_traits@D@std@@V?$allocator@D@2@@std@@H@std@@PAX@std@@@std@@@std@@V?$_Tree_val@U?$_Tree_simple_types@U?$pair@$$CBV?$basic_string@DU?$char_traits@D@std@@V?$allocator@D@2@@std@@H@std@@@std@@@2@$00@2@$00@std@@QAE@U_One_then_variadic_args_t@1@ABU?$less@V?$basic_string@DU?$char_traits@D@std@@V?$allocator@D@2@@std@@@1@$$QAU_Zero_then_variadic_args_t@1@@Z 00434600 f i CommonPathfindingLib:GraphicsBufferManager.obj
 0002:0000f680       ??$?0ABV?$basic_string@DU?$char_traits@D@std@@V?$allocator@D@2@@std@@$$Z$$V@?$pair@$$CBV?$basic_string@DU?$char_traits@D@std@@V?$allocator@D@2@@std@@H@std@@QAE@Upiecewise_construct_t@1@V?$tuple@ABV?$basic_string@DU?$char_traits@D@std@@V?$allocator@D@2@@std@@@1@V?$tuple@$$V@1@@Z 00434680 f i CommonPathfindingLib:GraphicsBufferManager.obj
 0002:0000f700       ??$?0ABV?$basic_string@DU?$char_traits@D@std@@V?$allocator@D@2@@std@@$0A@@?$tuple@ABV?$basic_string@DU?$char_traits@D@std@@V?$allocator@D@2@@std@@@std@@QAE@ABV?$basic_string@DU?$char_traits@D@std@@V?$allocator@D@2@@1@@Z 00434700 f i CommonPathfindingLib:GraphicsBufferManager.obj
 0002:0000f780       ??$?0ABV?$basic_string@DU?$char_traits@D@std@@V?$allocator@D@2@@std@@@?$_Tuple_val@ABV?$basic_string@DU?$char_traits@D@std@@V?$allocator@D@2@@std@@@std@@QAE@ABV?$basic_string@DU?$char_traits@D@std@@V?$allocator@D@2@@1@@Z 00434780 f i CommonPathfindingLib:GraphicsBufferManager.obj
 0002:0000f7e0       ??$?0U?$_Tree_node@U?$pair@$$CBHPAVGraphicsBuffer@@@std@@PAX@std@@@?$allocator@U_Container_proxy@std@@@std@@QAE@ABV?$allocator@U?$_Tree_node@U?$pair@$$CBHPAVGraphicsBuffer@@@std@@PAX@std@@@1@@Z 004347e0 f i CommonPathfindingLib:GraphicsBufferManager.obj
 0002:0000f820       ??$?0U?$_Tree_node@U?$pair@$$CBV?$basic_string@DU?$char_traits@D@std@@V?$allocator@D@2@@std@@H@std@@PAX@std@@@?$allocator@U_Container_proxy@std@@@std@@QAE@ABV?$allocator@U?$_Tree_node@U?$pair@$$CBV?$basic_string@DU?$char_traits@D@std@@V?$allocator@D@2@@std@@H@std@@PAX@std@@@1@@Z 00434820 f i CommonPathfindingLib:GraphicsBufferManager.obj
 0002:0000f860       ??$?0U?$_Wrap_alloc@V?$allocator@D@std@@@std@@$$V@?$_Compressed_pair@U?$_Wrap_alloc@V?$allocator@D@std@@@std@@V?$_String_val@U?$_Simple_types@D@std@@@2@$00@std@@QAE@U_One_then_variadic_args_t@1@$$QAU?$_Wrap_alloc@V?$allocator@D@std@@@1@@Z 00434860 f i CommonPathfindingLib:GraphicsBufferManager.obj
 0002:0000f8d0       ??$?0U?$_Wrap_alloc@V?$allocator@D@std@@@std@@X@?$_String_alloc@U?$_String_base_types@DV?$allocator@D@std@@@std@@@std@@QAE@$$QAU?$_Wrap_alloc@V?$allocator@D@std@@@1@@Z 004348d0 f i CommonPathfindingLib:GraphicsBufferManager.obj
 0002:0000f990       ??$?0U_Exact_args_t@std@@$0A@@?$tuple@$$V@std@@QAE@U_Exact_args_t@1@@Z 00434990 f i CommonPathfindingLib:GraphicsBufferManager.obj
 0002:0000f9d0       ??$?0V?$_Tree_iterator@V?$_Tree_val@U?$_Tree_simple_types@U?$pair@$$CBHPAVGraphicsBuffer@@@std@@@std@@@std@@@std@@_NX$0A@@?$pair@V?$_Tree_iterator@V?$_Tree_val@U?$_Tree_simple_types@U?$pair@$$CBHPAVGraphicsBuffer@@@std@@@std@@@std@@@std@@_N@std@@QAE@$$QAV?$_Tree_iterator@V?$_Tree_val@U?$_Tree_simple_types@U?$pair@$$CBHPAVGraphicsBuffer@@@std@@@std@@@std@@@1@$$QA_N@Z 004349d0 f i CommonPathfindingLib:GraphicsBufferManager.obj
 0002:0000fa50       ??$?0V?$_Tree_iterator@V?$_Tree_val@U?$_Tree_simple_types@U?$pair@$$CBV?$basic_string@DU?$char_traits@D@std@@V?$allocator@D@2@@std@@H@std@@@std@@@std@@@std@@_NX$0A@@?$pair@V?$_Tree_iterator@V?$_Tree_val@U?$_Tree_simple_types@U?$pair@$$CBV?$basic_string@DU?$char_traits@D@std@@V?$allocator@D@2@@std@@H@std@@@std@@@std@@@std@@_N@std@@QAE@$$QAV?$_Tree_iterator@V?$_Tree_val@U?$_Tree_simple_types@U?$pair@$$CBV?$basic_string@DU?$char_traits@D@std@@V?$allocator@D@2@@std@@H@std@@@std@@@std@@@1@$$QA_N@Z 00434a50 f i CommonPathfindingLib:GraphicsBufferManager.obj
 0002:0000fad0       ??$?0V?$allocator@D@std@@@?$_Wrap_alloc@V?$allocator@D@std@@@std@@QAE@$$QAV?$allocator@D@1@@Z 00434ad0 f i CommonPathfindingLib:GraphicsBufferManager.obj
 0002:0000fb40       ??$?0V?$tuple@ABH@std@@V?$tuple@$$V@1@$0A@$$Z$S@?$pair@$$CBHPAVGraphicsBuffer@@@std@@QAE@AAV?$tuple@ABH@1@AAV?$tuple@$$V@1@U?$integer_sequence@I$0A@@1@U?$integer_sequence@I$S@1@@Z 00434b40 f i CommonPathfindingLib:GraphicsBufferManager.obj
 0002:0000fbc0       ??$?0V?$tuple@ABV?$basic_string@DU?$char_traits@D@std@@V?$allocator@D@2@@std@@@std@@V?$tuple@$$V@1@$0A@$$Z$S@?$pair@$$CBV?$basic_string@DU?$char_traits@D@std@@V?$allocator@D@2@@std@@H@std@@QAE@AAV?$tuple@ABV?$basic_string@DU?$char_traits@D@std@@V?$allocator@D@2@@std@@@1@AAV?$tuple@$$V@1@U?$integer_sequence@I$0A@@1@U?$integer_sequence@I$S@1@@Z 00434bc0 f i CommonPathfindingLib:GraphicsBufferManager.obj
 0002:0000fc40       ??$?MDU?$char_traits@D@std@@V?$allocator@D@1@@std@@YA_NABV?$basic_string@DU?$char_traits@D@std@@V?$allocator@D@2@@0@0@Z 00434c40 f i CommonPathfindingLib:GraphicsBufferManager.obj
 0002:0000fcc0       ??$_Buynode@ABUpiecewise_construct_t@std@@V?$tuple@ABH@2@V?$tuple@$$V@2@@?$_Tree_comp_alloc@V?$_Tmap_traits@HPAVGraphicsBuffer@@U?$less@H@std@@V?$allocator@U?$pair@$$CBHPAVGraphicsBuffer@@@std@@@3@$0A@@std@@@std@@QAEPAU?$_Tree_node@U?$pair@$$CBHPAVGraphicsBuffer@@@std@@PAX@1@ABUpiecewise_construct_t@1@$$QAV?$tuple@ABH@1@$$QAV?$tuple@$$V@1@@Z 00434cc0 f i CommonPathfindingLib:GraphicsBufferManager.obj
 0002:0000fe30       ??$_Buynode@ABUpiecewise_construct_t@std@@V?$tuple@ABV?$basic_string@DU?$char_traits@D@std@@V?$allocator@D@2@@std@@@2@V?$tuple@$$V@2@@?$_Tree_comp_alloc@V?$_Tmap_traits@V?$basic_string@DU?$char_traits@D@std@@V?$allocator@D@2@@std@@HU?$less@V?$basic_string@DU?$char_traits@D@std@@V?$allocator@D@2@@std@@@2@V?$allocator@U?$pair@$$CBV?$basic_string@DU?$char_traits@D@std@@V?$allocator@D@2@@std@@H@std@@@2@$0A@@std@@@std@@QAEPAU?$_Tree_node@U?$pair@$$CBV?$basic_string@DU?$char_traits@D@std@@V?$allocator@D@2@@std@@H@std@@PAX@1@ABUpiecewise_construct_t@1@$$QAV?$tuple@ABV?$basic_string@DU?$char_traits@D@std@@V?$allocator@D@2@@std@@@1@$$QAV?$tuple@$$V@1@@Z 00434e30 f i CommonPathfindingLib:GraphicsBufferManager.obj
 0002:0000ffa0       ??$_Buynode_if_nil@AAU?$pair@$$CBHPAVGraphicsBuffer@@@std@@@?$_Tree@V?$_Tmap_traits@HPAVGraphicsBuffer@@U?$less@H@std@@V?$allocator@U?$pair@$$CBHPAVGraphicsBuffer@@@std@@@3@$0A@@std@@@std@@IAEPAU?$_Tree_node@U?$pair@$$CBHPAVGraphicsBuffer@@@std@@PAX@1@PAU21@AAU?$pair@$$CBHPAVGraphicsBuffer@@@1@@Z 00434fa0 f i CommonPathfindingLib:GraphicsBufferManager.obj
 0002:0000ffe0       ??$_Buynode_if_nil@AAU?$pair@$$CBV?$basic_string@DU?$char_traits@D@std@@V?$allocator@D@2@@std@@H@std@@@?$_Tree@V?$_Tmap_traits@V?$basic_string@DU?$char_traits@D@std@@V?$allocator@D@2@@std@@HU?$less@V?$basic_string@DU?$char_traits@D@std@@V?$allocator@D@2@@std@@@2@V?$allocator@U?$pair@$$CBV?$basic_string@DU?$char_traits@D@std@@V?$allocator@D@2@@std@@H@std@@@2@$0A@@std@@@std@@IAEPAU?$_Tree_node@U?$pair@$$CBV?$basic_string@DU?$char_traits@D@std@@V?$allocator@D@2@@std@@H@std@@PAX@1@PAU21@AAU?$pair@$$CBV?$basic_string@DU?$char_traits@D@std@@V?$allocator@D@2@@std@@H@1@@Z 00434fe0 f i CommonPathfindingLib:GraphicsBufferManager.obj
 0002:00010020       ??$_Debug_lt_pred@AAU?$less@H@std@@ABHABH@std@@YA_NAAU?$less@H@0@ABH1PB_WI@Z 00435020 f i CommonPathfindingLib:GraphicsBufferManager.obj
 0002:00010100       ??$_Debug_lt_pred@AAU?$less@V?$basic_string@DU?$char_traits@D@std@@V?$allocator@D@2@@std@@@std@@ABV?$basic_string@DU?$char_traits@D@std@@V?$allocator@D@2@@2@ABV32@@std@@YA_NAAU?$less@V?$basic_string@DU?$char_traits@D@std@@V?$allocator@D@2@@std@@@0@ABV?$basic_string@DU?$char_traits@D@std@@V?$allocator@D@2@@0@1PB_WI@Z 00435100 f i CommonPathfindingLib:GraphicsBufferManager.obj
 0002:000101e0       ??$_Debug_lt_pred@ABU?$less@H@std@@ABHABH@std@@YA_NABU?$less@H@0@ABH1PB_WI@Z 004351e0 f i CommonPathfindingLib:GraphicsBufferManager.obj
 0002:000102c0       ??$_Debug_lt_pred@ABU?$less@V?$basic_string@DU?$char_traits@D@std@@V?$allocator@D@2@@std@@@std@@ABV?$basic_string@DU?$char_traits@D@std@@V?$allocator@D@2@@2@ABV32@@std@@YA_NABU?$less@V?$basic_string@DU?$char_traits@D@std@@V?$allocator@D@2@@std@@@0@ABV?$basic_string@DU?$char_traits@D@std@@V?$allocator@D@2@@0@1PB_WI@Z 004352c0 f i CommonPathfindingLib:GraphicsBufferManager.obj
 0002:000103a0       ??$_Insert_at@AAU?$pair@$$CBHPAVGraphicsBuffer@@@std@@PAU?$_Tree_node@U?$pair@$$CBHPAVGraphicsBuffer@@@std@@PAX@2@@?$_Tree@V?$_Tmap_traits@HPAVGraphicsBuffer@@U?$less@H@std@@V?$allocator@U?$pair@$$CBHPAVGraphicsBuffer@@@std@@@3@$0A@@std@@@std@@IAE?AV?$_Tree_iterator@V?$_Tree_val@U?$_Tree_simple_types@U?$pair@$$CBHPAVGraphicsBuffer@@@std@@@std@@@std@@@1@_NPAU?$_Tree_node@U?$pair@$$CBHPAVGraphicsBuffer@@@std@@PAX@1@AAU?$pair@$$CBHPAVGraphicsBuffer@@@1@1@Z 004353a0 f i CommonPathfindingLib:GraphicsBufferManager.obj
 0002:00010960       ??$_Insert_at@AAU?$pair@$$CBV?$basic_string@DU?$char_traits@D@std@@V?$allocator@D@2@@std@@H@std@@PAU?$_Tree_node@U?$pair@$$CBV?$basic_string@DU?$char_traits@D@std@@V?$allocator@D@2@@std@@H@std@@PAX@2@@?$_Tree@V?$_Tmap_traits@V?$basic_string@DU?$char_traits@D@std@@V?$allocator@D@2@@std@@HU?$less@V?$basic_string@DU?$char_traits@D@std@@V?$allocator@D@2@@std@@@2@V?$allocator@U?$pair@$$CBV?$basic_string@DU?$char_traits@D@std@@V?$allocator@D@2@@std@@H@std@@@2@$0A@@std@@@std@@IAE?AV?$_Tree_iterator@V?$_Tree_val@U?$_Tree_simple_types@U?$pair@$$CBV?$basic_string@DU?$char_traits@D@std@@V?$allocator@D@2@@std@@H@std@@@std@@@std@@@1@_NPAU?$_Tree_node@U?$pair@$$CBV?$basic_string@DU?$char_traits@D@std@@V?$allocator@D@2@@std@@H@std@@PAX@1@AAU?$pair@$$CBV?$basic_string@DU?$char_traits@D@std@@V?$allocator@D@2@@std@@H@1@1@Z 00435960 f i CommonPathfindingLib:GraphicsBufferManager.obj
 0002:00010f20       ??$_Insert_hint@AAU?$pair@$$CBHPAVGraphicsBuffer@@@std@@PAU?$_Tree_node@U?$pair@$$CBHPAVGraphicsBuffer@@@std@@PAX@2@@?$_Tree@V?$_Tmap_traits@HPAVGraphicsBuffer@@U?$less@H@std@@V?$allocator@U?$pair@$$CBHPAVGraphicsBuffer@@@std@@@3@$0A@@std@@@std@@IAE?AV?$_Tree_iterator@V?$_Tree_val@U?$_Tree_simple_types@U?$pair@$$CBHPAVGraphicsBuffer@@@std@@@std@@@std@@@1@V?$_Tree_const_iterator@V?$_Tree_val@U?$_Tree_simple_types@U?$pair@$$CBHPAVGraphicsBuffer@@@std@@@std@@@std@@@1@AAU?$pair@$$CBHPAVGraphicsBuffer@@@1@PAU?$_Tree_node@U?$pair@$$CBHPAVGraphicsBuffer@@@std@@PAX@1@@Z 00435f20 f i CommonPathfindingLib:GraphicsBufferManager.obj
 0002:00012470       ??$_Insert_hint@AAU?$pair@$$CBV?$basic_string@DU?$char_traits@D@std@@V?$allocator@D@2@@std@@H@std@@PAU?$_Tree_node@U?$pair@$$CBV?$basic_string@DU?$char_traits@D@std@@V?$allocator@D@2@@std@@H@std@@PAX@2@@?$_Tree@V?$_Tmap_traits@V?$basic_string@DU?$char_traits@D@std@@V?$allocator@D@2@@std@@HU?$less@V?$basic_string@DU?$char_traits@D@std@@V?$allocator@D@2@@std@@@2@V?$allocator@U?$pair@$$CBV?$basic_string@DU?$char_traits@D@std@@V?$allocator@D@2@@std@@H@std@@@2@$0A@@std@@@std@@IAE?AV?$_Tree_iterator@V?$_Tree_val@U?$_Tree_simple_types@U?$pair@$$CBV?$basic_string@DU?$char_traits@D@std@@V?$allocator@D@2@@std@@H@std@@@std@@@std@@@1@V?$_Tree_const_iterator@V?$_Tree_val@U?$_Tree_simple_types@U?$pair@$$CBV?$basic_string@DU?$char_traits@D@std@@V?$allocator@D@2@@std@@H@std@@@std@@@std@@@1@AAU?$pair@$$CBV?$basic_string@DU?$char_traits@D@std@@V?$allocator@D@2@@std@@H@1@PAU?$_Tree_node@U?$pair@$$CBV?$basic_string@DU?$char_traits@D@std@@V?$allocator@D@2@@std@@H@std@@PAX@1@@Z 00437470 f i CommonPathfindingLib:GraphicsBufferManager.obj
 0002:000139c0       ??$_Insert_nohint@AAU?$pair@$$CBHPAVGraphicsBuffer@@@std@@PAU?$_Tree_node@U?$pair@$$CBHPAVGraphicsBuffer@@@std@@PAX@2@@?$_Tree@V?$_Tmap_traits@HPAVGraphicsBuffer@@U?$less@H@std@@V?$allocator@U?$pair@$$CBHPAVGraphicsBuffer@@@std@@@3@$0A@@std@@@std@@IAE?AU?$pair@V?$_Tree_iterator@V?$_Tree_val@U?$_Tree_simple_types@U?$pair@$$CBHPAVGraphicsBuffer@@@std@@@std@@@std@@@std@@_N@1@_NAAU?$pair@$$CBHPAVGraphicsBuffer@@@1@PAU?$_Tree_node@U?$pair@$$CBHPAVGraphicsBuffer@@@std@@PAX@1@@Z 004389c0 f i CommonPathfindingLib:GraphicsBufferManager.obj
 0002:00014090       ??$_Insert_nohint@AAU?$pair@$$CBV?$basic_string@DU?$char_traits@D@std@@V?$allocator@D@2@@std@@H@std@@PAU?$_Tree_node@U?$pair@$$CBV?$basic_string@DU?$char_traits@D@std@@V?$allocator@D@2@@std@@H@std@@PAX@2@@?$_Tree@V?$_Tmap_traits@V?$basic_string@DU?$char_traits@D@std@@V?$allocator@D@2@@std@@HU?$less@V?$basic_string@DU?$char_traits@D@std@@V?$allocator@D@2@@std@@@2@V?$allocator@U?$pair@$$CBV?$basic_string@DU?$char_traits@D@std@@V?$allocator@D@2@@std@@H@std@@@2@$0A@@std@@@std@@IAE?AU?$pair@V?$_Tree_iterator@V?$_Tree_val@U?$_Tree_simple_types@U?$pair@$$CBV?$basic_string@DU?$char_traits@D@std@@V?$allocator@D@2@@std@@H@std@@@std@@@std@@@std@@_N@1@_NAAU?$pair@$$CBV?$basic_string@DU?$char_traits@D@std@@V?$allocator@D@2@@std@@H@1@PAU?$_Tree_node@U?$pair@$$CBV?$basic_string@DU?$char_traits@D@std@@V?$allocator@D@2@@std@@H@std@@PAX@1@@Z 00439090 f i CommonPathfindingLib:GraphicsBufferManager.obj
 0002:00014760       ??$_Kfn@$$CBHPAVGraphicsBuffer@@@?$_Tmap_traits@HPAVGraphicsBuffer@@U?$less@H@std@@V?$allocator@U?$pair@$$CBHPAVGraphicsBuffer@@@std@@@3@$0A@@std@@SAABHABU?$pair@$$CBHPAVGraphicsBuffer@@@1@@Z 00439760 f i CommonPathfindingLib:GraphicsBufferManager.obj
 0002:000147a0       ??$_Kfn@$$CBV?$basic_string@DU?$char_traits@D@std@@V?$allocator@D@2@@std@@H@?$_Tmap_traits@V?$basic_string@DU?$char_traits@D@std@@V?$allocator@D@2@@std@@HU?$less@V?$basic_string@DU?$char_traits@D@std@@V?$allocator@D@2@@std@@@2@V?$allocator@U?$pair@$$CBV?$basic_string@DU?$char_traits@D@std@@V?$allocator@D@2@@std@@H@std@@@2@$0A@@std@@SAABV?$basic_string@DU?$char_traits@D@std@@V?$allocator@D@2@@1@ABU?$pair@$$CBV?$basic_string@DU?$char_traits@D@std@@V?$allocator@D@2@@std@@H@1@@Z 004397a0 f i CommonPathfindingLib:GraphicsBufferManager.obj
 0002:000147e0       ??$_Lbound@H@?$_Tree@V?$_Tmap_traits@HPAVGraphicsBuffer@@U?$less@H@std@@V?$allocator@U?$pair@$$CBHPAVGraphicsBuffer@@@std@@@3@$0A@@std@@@std@@IBEPAU?$_Tree_node@U?$pair@$$CBHPAVGraphicsBuffer@@@std@@PAX@1@ABH@Z 004397e0 f i CommonPathfindingLib:GraphicsBufferManager.obj
 0002:000148d0       ??$_Lbound@V?$basic_string@DU?$char_traits@D@std@@V?$allocator@D@2@@std@@@?$_Tree@V?$_Tmap_traits@V?$basic_string@DU?$char_traits@D@std@@V?$allocator@D@2@@std@@HU?$less@V?$basic_string@DU?$char_traits@D@std@@V?$allocator@D@2@@std@@@2@V?$allocator@U?$pair@$$CBV?$basic_string@DU?$char_traits@D@std@@V?$allocator@D@2@@std@@H@std@@@2@$0A@@std@@@std@@IBEPAU?$_Tree_node@U?$pair@$$CBV?$basic_string@DU?$char_traits@D@std@@V?$allocator@D@2@@std@@H@std@@PAX@1@ABV?$basic_string@DU?$char_traits@D@std@@V?$allocator@D@2@@1@@Z 004398d0 f i CommonPathfindingLib:GraphicsBufferManager.obj
 0002:000149c0       ??$_Try_emplace@ABH$$V@?$map@HPAVGraphicsBuffer@@U?$less@H@std@@V?$allocator@U?$pair@$$CBHPAVGraphicsBuffer@@@std@@@3@@std@@QAE?AU?$pair@V?$_Tree_iterator@V?$_Tree_val@U?$_Tree_simple_types@U?$pair@$$CBHPAVGraphicsBuffer@@@std@@@std@@@std@@@std@@_N@1@ABH@Z 004399c0 f i CommonPathfindingLib:GraphicsBufferManager.obj
 0002:00014d10       ??$_Try_emplace@ABV?$basic_string@DU?$char_traits@D@std@@V?$allocator@D@2@@std@@$$V@?$map@V?$basic_string@DU?$char_traits@D@std@@V?$allocator@D@2@@std@@HU?$less@V?$basic_string@DU?$char_traits@D@std@@V?$allocator@D@2@@std@@@2@V?$allocator@U?$pair@$$CBV?$basic_string@DU?$char_traits@D@std@@V?$allocator@D@2@@std@@H@std@@@2@@std@@QAE?AU?$pair@V?$_Tree_iterator@V?$_Tree_val@U?$_Tree_simple_types@U?$pair@$$CBV?$basic_string@DU?$char_traits@D@std@@V?$allocator@D@2@@std@@H@std@@@std@@@std@@@std@@_N@1@ABV?$basic_string@DU?$char_traits@D@std@@V?$allocator@D@2@@1@@Z 00439d10 f i CommonPathfindingLib:GraphicsBufferManager.obj
 0002:00015060       ??$addressof@PAU?$_Tree_node@U?$pair@$$CBHPAVGraphicsBuffer@@@std@@PAX@std@@@std@@YAPAPAU?$_Tree_node@U?$pair@$$CBHPAVGraphicsBuffer@@@std@@PAX@0@AAPAU10@@Z 0043a060 f i CommonPathfindingLib:GraphicsBufferManager.obj
 0002:000150a0       ??$addressof@PAU?$_Tree_node@U?$pair@$$CBV?$basic_string@DU?$char_traits@D@std@@V?$allocator@D@2@@std@@H@std@@PAX@std@@@std@@YAPAPAU?$_Tree_node@U?$pair@$$CBV?$basic_string@DU?$char_traits@D@std@@V?$allocator@D@2@@std@@H@std@@PAX@0@AAPAU10@@Z 0043a0a0 f i CommonPathfindingLib:GraphicsBufferManager.obj
 0002:000150e0       ??$addressof@U?$pair@$$CBHPAVGraphicsBuffer@@@std@@@std@@YAPAU?$pair@$$CBHPAVGraphicsBuffer@@@0@AAU10@@Z 0043a0e0 f i CommonPathfindingLib:GraphicsBufferManager.obj
 0002:00015120       ??$addressof@U?$pair@$$CBV?$basic_string@DU?$char_traits@D@std@@V?$allocator@D@2@@std@@H@std@@@std@@YAPAU?$pair@$$CBV?$basic_string@DU?$char_traits@D@std@@V?$allocator@D@2@@std@@H@0@AAU10@@Z 0043a120 f i CommonPathfindingLib:GraphicsBufferManager.obj
 0002:00015160       ??$construct@PAU?$_Tree_node@U?$pair@$$CBHPAVGraphicsBuffer@@@std@@PAX@std@@AAPAU12@@?$_Wrap_alloc@V?$allocator@U?$_Tree_node@U?$pair@$$CBHPAVGraphicsBuffer@@@std@@PAX@std@@@std@@@std@@QAEXPAPAU?$_Tree_node@U?$pair@$$CBHPAVGraphicsBuffer@@@std@@PAX@1@AAPAU21@@Z 0043a160 f i CommonPathfindingLib:GraphicsBufferManager.obj
 0002:000151d0       ??$construct@PAU?$_Tree_node@U?$pair@$$CBHPAVGraphicsBuffer@@@std@@PAX@std@@AAPAU12@@?$allocator@U?$_Tree_node@U?$pair@$$CBHPAVGraphicsBuffer@@@std@@PAX@std@@@std@@QAEXPAPAU?$_Tree_node@U?$pair@$$CBHPAVGraphicsBuffer@@@std@@PAX@1@AAPAU21@@Z 0043a1d0 f i CommonPathfindingLib:GraphicsBufferManager.obj
 0002:00015280       ??$construct@PAU?$_Tree_node@U?$pair@$$CBHPAVGraphicsBuffer@@@std@@PAX@std@@AAPAU12@@?$allocator_traits@V?$allocator@U?$_Tree_node@U?$pair@$$CBHPAVGraphicsBuffer@@@std@@PAX@std@@@std@@@std@@SAXAAV?$allocator@U?$_Tree_node@U?$pair@$$CBHPAVGraphicsBuffer@@@std@@PAX@std@@@1@PAPAU?$_Tree_node@U?$pair@$$CBHPAVGraphicsBuffer@@@std@@PAX@1@AAPAU31@@Z 0043a280 f i CommonPathfindingLib:GraphicsBufferManager.obj
 0002:000152e0       ??$construct@PAU?$_Tree_node@U?$pair@$$CBV?$basic_string@DU?$char_traits@D@std@@V?$allocator@D@2@@std@@H@std@@PAX@std@@AAPAU12@@?$_Wrap_alloc@V?$allocator@U?$_Tree_node@U?$pair@$$CBV?$basic_string@DU?$char_traits@D@std@@V?$allocator@D@2@@std@@H@std@@PAX@std@@@std@@@std@@QAEXPAPAU?$_Tree_node@U?$pair@$$CBV?$basic_string@DU?$char_traits@D@std@@V?$allocator@D@2@@std@@H@std@@PAX@1@AAPAU21@@Z 0043a2e0 f i CommonPathfindingLib:GraphicsBufferManager.obj
 0002:00015350       ??$construct@PAU?$_Tree_node@U?$pair@$$CBV?$basic_string@DU?$char_traits@D@std@@V?$allocator@D@2@@std@@H@std@@PAX@std@@AAPAU12@@?$allocator@U?$_Tree_node@U?$pair@$$CBV?$basic_string@DU?$char_traits@D@std@@V?$allocator@D@2@@std@@H@std@@PAX@std@@@std@@QAEXPAPAU?$_Tree_node@U?$pair@$$CBV?$basic_string@DU?$char_traits@D@std@@V?$allocator@D@2@@std@@H@std@@PAX@1@AAPAU21@@Z 0043a350 f i CommonPathfindingLib:GraphicsBufferManager.obj
 0002:00015400       ??$construct@PAU?$_Tree_node@U?$pair@$$CBV?$basic_string@DU?$char_traits@D@std@@V?$allocator@D@2@@std@@H@std@@PAX@std@@AAPAU12@@?$allocator_traits@V?$allocator@U?$_Tree_node@U?$pair@$$CBV?$basic_string@DU?$char_traits@D@std@@V?$allocator@D@2@@std@@H@std@@PAX@std@@@std@@@std@@SAXAAV?$allocator@U?$_Tree_node@U?$pair@$$CBV?$basic_string@DU?$char_traits@D@std@@V?$allocator@D@2@@std@@H@std@@PAX@std@@@1@PAPAU?$_Tree_node@U?$pair@$$CBV?$basic_string@DU?$char_traits@D@std@@V?$allocator@D@2@@std@@H@std@@PAX@1@AAPAU31@@Z 0043a400 f i CommonPathfindingLib:GraphicsBufferManager.obj
 0002:00015460       ??$construct@U?$pair@$$CBHPAVGraphicsBuffer@@@std@@ABUpiecewise_construct_t@2@V?$tuple@ABH@2@V?$tuple@$$V@2@@?$_Wrap_alloc@V?$allocator@U?$_Tree_node@U?$pair@$$CBHPAVGraphicsBuffer@@@std@@PAX@std@@@std@@@std@@QAEXPAU?$pair@$$CBHPAVGraphicsBuffer@@@1@ABUpiecewise_construct_t@1@$$QAV?$tuple@ABH@1@$$QAV?$tuple@$$V@1@@Z 0043a460 f i CommonPathfindingLib:GraphicsBufferManager.obj
 0002:000154f0       ??$construct@U?$pair@$$CBHPAVGraphicsBuffer@@@std@@ABUpiecewise_construct_t@2@V?$tuple@ABH@2@V?$tuple@$$V@2@@?$allocator@U?$_Tree_node@U?$pair@$$CBHPAVGraphicsBuffer@@@std@@PAX@std@@@std@@QAEXPAU?$pair@$$CBHPAVGraphicsBuffer@@@1@ABUpiecewise_construct_t@1@$$QAV?$tuple@ABH@1@$$QAV?$tuple@$$V@1@@Z 0043a4f0 f i CommonPathfindingLib:GraphicsBufferManager.obj
 0002:00015630       ??$construct@U?$pair@$$CBHPAVGraphicsBuffer@@@std@@ABUpiecewise_construct_t@2@V?$tuple@ABH@2@V?$tuple@$$V@2@@?$allocator_traits@V?$allocator@U?$_Tree_node@U?$pair@$$CBHPAVGraphicsBuffer@@@std@@PAX@std@@@std@@@std@@SAXAAV?$allocator@U?$_Tree_node@U?$pair@$$CBHPAVGraphicsBuffer@@@std@@PAX@std@@@1@PAU?$pair@$$CBHPAVGraphicsBuffer@@@1@ABUpiecewise_construct_t@1@$$QAV?$tuple@ABH@1@$$QAV?$tuple@$$V@1@@Z 0043a630 f i CommonPathfindingLib:GraphicsBufferManager.obj
 0002:000156b0       ??$construct@U?$pair@$$CBV?$basic_string@DU?$char_traits@D@std@@V?$allocator@D@2@@std@@H@std@@ABUpiecewise_construct_t@2@V?$tuple@ABV?$basic_string@DU?$char_traits@D@std@@V?$allocator@D@2@@std@@@2@V?$tuple@$$V@2@@?$_Wrap_alloc@V?$allocator@U?$_Tree_node@U?$pair@$$CBV?$basic_string@DU?$char_traits@D@std@@V?$allocator@D@2@@std@@H@std@@PAX@std@@@std@@@std@@QAEXPAU?$pair@$$CBV?$basic_string@DU?$char_traits@D@std@@V?$allocator@D@2@@std@@H@1@ABUpiecewise_construct_t@1@$$QAV?$tuple@ABV?$basic_string@DU?$char_traits@D@std@@V?$allocator@D@2@@std@@@1@$$QAV?$tuple@$$V@1@@Z 0043a6b0 f i CommonPathfindingLib:GraphicsBufferManager.obj
 0002:00015740       ??$construct@U?$pair@$$CBV?$basic_string@DU?$char_traits@D@std@@V?$allocator@D@2@@std@@H@std@@ABUpiecewise_construct_t@2@V?$tuple@ABV?$basic_string@DU?$char_traits@D@std@@V?$allocator@D@2@@std@@@2@V?$tuple@$$V@2@@?$allocator@U?$_Tree_node@U?$pair@$$CBV?$basic_string@DU?$char_traits@D@std@@V?$allocator@D@2@@std@@H@std@@PAX@std@@@std@@QAEXPAU?$pair@$$CBV?$basic_string@DU?$char_traits@D@std@@V?$allocator@D@2@@std@@H@1@ABUpiecewise_construct_t@1@$$QAV?$tuple@ABV?$basic_string@DU?$char_traits@D@std@@V?$allocator@D@2@@std@@@1@$$QAV?$tuple@$$V@1@@Z 0043a740 f i CommonPathfindingLib:GraphicsBufferManager.obj
 0002:00015880       ??$construct@U?$pair@$$CBV?$basic_string@DU?$char_traits@D@std@@V?$allocator@D@2@@std@@H@std@@ABUpiecewise_construct_t@2@V?$tuple@ABV?$basic_string@DU?$char_traits@D@std@@V?$allocator@D@2@@std@@@2@V?$tuple@$$V@2@@?$allocator_traits@V?$allocator@U?$_Tree_node@U?$pair@$$CBV?$basic_string@DU?$char_traits@D@std@@V?$allocator@D@2@@std@@H@std@@PAX@std@@@std@@@std@@SAXAAV?$allocator@U?$_Tree_node@U?$pair@$$CBV?$basic_string@DU?$char_traits@D@std@@V?$allocator@D@2@@std@@H@std@@PAX@std@@@1@PAU?$pair@$$CBV?$basic_string@DU?$char_traits@D@std@@V?$allocator@D@2@@std@@H@1@ABUpiecewise_construct_t@1@$$QAV?$tuple@ABV?$basic_string@DU?$char_traits@D@std@@V?$allocator@D@2@@std@@@1@$$QAV?$tuple@$$V@1@@Z 0043a880 f i CommonPathfindingLib:GraphicsBufferManager.obj
 0002:00015900       ??$destroy@PAU?$_Tree_node@U?$pair@$$CBHPAVGraphicsBuffer@@@std@@PAX@std@@@?$_Wrap_alloc@V?$allocator@U?$_Tree_node@U?$pair@$$CBHPAVGraphicsBuffer@@@std@@PAX@std@@@std@@@std@@QAEXPAPAU?$_Tree_node@U?$pair@$$CBHPAVGraphicsBuffer@@@std@@PAX@1@@Z 0043a900 f i CommonPathfindingLib:GraphicsBufferManager.obj
 0002:00015960       ??$destroy@PAU?$_Tree_node@U?$pair@$$CBHPAVGraphicsBuffer@@@std@@PAX@std@@@?$allocator@U?$_Tree_node@U?$pair@$$CBHPAVGraphicsBuffer@@@std@@PAX@std@@@std@@QAEXPAPAU?$_Tree_node@U?$pair@$$CBHPAVGraphicsBuffer@@@std@@PAX@1@@Z 0043a960 f i CommonPathfindingLib:GraphicsBufferManager.obj
 0002:000159a0       ??$destroy@PAU?$_Tree_node@U?$pair@$$CBHPAVGraphicsBuffer@@@std@@PAX@std@@@?$allocator_traits@V?$allocator@U?$_Tree_node@U?$pair@$$CBHPAVGraphicsBuffer@@@std@@PAX@std@@@std@@@std@@SAXAAV?$allocator@U?$_Tree_node@U?$pair@$$CBHPAVGraphicsBuffer@@@std@@PAX@std@@@1@PAPAU?$_Tree_node@U?$pair@$$CBHPAVGraphicsBuffer@@@std@@PAX@1@@Z 0043a9a0 f i CommonPathfindingLib:GraphicsBufferManager.obj
 0002:000159f0       ??$destroy@PAU?$_Tree_node@U?$pair@$$CBV?$basic_string@DU?$char_traits@D@std@@V?$allocator@D@2@@std@@H@std@@PAX@std@@@?$_Wrap_alloc@V?$allocator@U?$_Tree_node@U?$pair@$$CBV?$basic_string@DU?$char_traits@D@std@@V?$allocator@D@2@@std@@H@std@@PAX@std@@@std@@@std@@QAEXPAPAU?$_Tree_node@U?$pair@$$CBV?$basic_string@DU?$char_traits@D@std@@V?$allocator@D@2@@std@@H@std@@PAX@1@@Z 0043a9f0 f i CommonPathfindingLib:GraphicsBufferManager.obj
 0002:00015a50       ??$destroy@PAU?$_Tree_node@U?$pair@$$CBV?$basic_string@DU?$char_traits@D@std@@V?$allocator@D@2@@std@@H@std@@PAX@std@@@?$allocator@U?$_Tree_node@U?$pair@$$CBV?$basic_string@DU?$char_traits@D@std@@V?$allocator@D@2@@std@@H@std@@PAX@std@@@std@@QAEXPAPAU?$_Tree_node@U?$pair@$$CBV?$basic_string@DU?$char_traits@D@std@@V?$allocator@D@2@@std@@H@std@@PAX@1@@Z 0043aa50 f i CommonPathfindingLib:GraphicsBufferManager.obj
 0002:00015a90       ??$destroy@PAU?$_Tree_node@U?$pair@$$CBV?$basic_string@DU?$char_traits@D@std@@V?$allocator@D@2@@std@@H@std@@PAX@std@@@?$allocator_traits@V?$allocator@U?$_Tree_node@U?$pair@$$CBV?$basic_string@DU?$char_traits@D@std@@V?$allocator@D@2@@std@@H@std@@PAX@std@@@std@@@std@@SAXAAV?$allocator@U?$_Tree_node@U?$pair@$$CBV?$basic_string@DU?$char_traits@D@std@@V?$allocator@D@2@@std@@H@std@@PAX@std@@@1@PAPAU?$_Tree_node@U?$pair@$$CBV?$basic_string@DU?$char_traits@D@std@@V?$allocator@D@2@@std@@H@std@@PAX@1@@Z 0043aa90 f i CommonPathfindingLib:GraphicsBufferManager.obj
 0002:00015ae0       ??$destroy@U?$pair@$$CBHPAVGraphicsBuffer@@@std@@@?$_Wrap_alloc@V?$allocator@U?$_Tree_node@U?$pair@$$CBHPAVGraphicsBuffer@@@std@@PAX@std@@@std@@@std@@QAEXPAU?$pair@$$CBHPAVGraphicsBuffer@@@1@@Z 0043aae0 f i CommonPathfindingLib:GraphicsBufferManager.obj
 0002:00015b40       ??$destroy@U?$pair@$$CBHPAVGraphicsBuffer@@@std@@@?$allocator@U?$_Tree_node@U?$pair@$$CBHPAVGraphicsBuffer@@@std@@PAX@std@@@std@@QAEXPAU?$pair@$$CBHPAVGraphicsBuffer@@@1@@Z 0043ab40 f i CommonPathfindingLib:GraphicsBufferManager.obj
 0002:00015b80       ??$destroy@U?$pair@$$CBHPAVGraphicsBuffer@@@std@@@?$allocator_traits@V?$allocator@U?$_Tree_node@U?$pair@$$CBHPAVGraphicsBuffer@@@std@@PAX@std@@@std@@@std@@SAXAAV?$allocator@U?$_Tree_node@U?$pair@$$CBHPAVGraphicsBuffer@@@std@@PAX@std@@@1@PAU?$pair@$$CBHPAVGraphicsBuffer@@@1@@Z 0043ab80 f i CommonPathfindingLib:GraphicsBufferManager.obj
 0002:00015bd0       ??$destroy@U?$pair@$$CBV?$basic_string@DU?$char_traits@D@std@@V?$allocator@D@2@@std@@H@std@@@?$_Wrap_alloc@V?$allocator@U?$_Tree_node@U?$pair@$$CBV?$basic_string@DU?$char_traits@D@std@@V?$allocator@D@2@@std@@H@std@@PAX@std@@@std@@@std@@QAEXPAU?$pair@$$CBV?$basic_string@DU?$char_traits@D@std@@V?$allocator@D@2@@std@@H@1@@Z 0043abd0 f i CommonPathfindingLib:GraphicsBufferManager.obj
 0002:00015c30       ??$destroy@U?$pair@$$CBV?$basic_string@DU?$char_traits@D@std@@V?$allocator@D@2@@std@@H@std@@@?$allocator@U?$_Tree_node@U?$pair@$$CBV?$basic_string@DU?$char_traits@D@std@@V?$allocator@D@2@@std@@H@std@@PAX@std@@@std@@QAEXPAU?$pair@$$CBV?$basic_string@DU?$char_traits@D@std@@V?$allocator@D@2@@std@@H@1@@Z 0043ac30 f i CommonPathfindingLib:GraphicsBufferManager.obj
 0002:00015c90       ??$destroy@U?$pair@$$CBV?$basic_string@DU?$char_traits@D@std@@V?$allocator@D@2@@std@@H@std@@@?$allocator_traits@V?$allocator@U?$_Tree_node@U?$pair@$$CBV?$basic_string@DU?$char_traits@D@std@@V?$allocator@D@2@@std@@H@std@@PAX@std@@@std@@@std@@SAXAAV?$allocator@U?$_Tree_node@U?$pair@$$CBV?$basic_string@DU?$char_traits@D@std@@V?$allocator@D@2@@std@@H@std@@PAX@std@@@1@PAU?$pair@$$CBV?$basic_string@DU?$char_traits@D@std@@V?$allocator@D@2@@std@@H@1@@Z 0043ac90 f i CommonPathfindingLib:GraphicsBufferManager.obj
 0002:00015ce0       ??$emplace_hint@ABUpiecewise_construct_t@std@@V?$tuple@ABH@2@V?$tuple@$$V@2@@?$_Tree@V?$_Tmap_traits@HPAVGraphicsBuffer@@U?$less@H@std@@V?$allocator@U?$pair@$$CBHPAVGraphicsBuffer@@@std@@@3@$0A@@std@@@std@@QAE?AV?$_Tree_iterator@V?$_Tree_val@U?$_Tree_simple_types@U?$pair@$$CBHPAVGraphicsBuffer@@@std@@@std@@@std@@@1@V?$_Tree_const_iterator@V?$_Tree_val@U?$_Tree_simple_types@U?$pair@$$CBHPAVGraphicsBuffer@@@std@@@std@@@std@@@1@ABUpiecewise_construct_t@1@$$QAV?$tuple@ABH@1@$$QAV?$tuple@$$V@1@@Z 0043ace0 f i CommonPathfindingLib:GraphicsBufferManager.obj
 0002:00015e30       ??$emplace_hint@ABUpiecewise_construct_t@std@@V?$tuple@ABV?$basic_string@DU?$char_traits@D@std@@V?$allocator@D@2@@std@@@2@V?$tuple@$$V@2@@?$_Tree@V?$_Tmap_traits@V?$basic_string@DU?$char_traits@D@std@@V?$allocator@D@2@@std@@HU?$less@V?$basic_string@DU?$char_traits@D@std@@V?$allocator@D@2@@std@@@2@V?$allocator@U?$pair@$$CBV?$basic_string@DU?$char_traits@D@std@@V?$allocator@D@2@@std@@H@std@@@2@$0A@@std@@@std@@QAE?AV?$_Tree_iterator@V?$_Tree_val@U?$_Tree_simple_types@U?$pair@$$CBV?$basic_string@DU?$char_traits@D@std@@V?$allocator@D@2@@std@@H@std@@@std@@@std@@@1@V?$_Tree_const_iterator@V?$_Tree_val@U?$_Tree_simple_types@U?$pair@$$CBV?$basic_string@DU?$char_traits@D@std@@V?$allocator@D@2@@std@@H@std@@@std@@@std@@@1@ABUpiecewise_construct_t@1@$$QAV?$tuple@ABV?$basic_string@DU?$char_traits@D@std@@V?$allocator@D@2@@std@@@1@$$QAV?$tuple@$$V@1@@Z 0043ae30 f i CommonPathfindingLib:GraphicsBufferManager.obj
 0002:00015f80       ??$forward@AAPAU?$_Tree_node@U?$pair@$$CBHPAVGraphicsBuffer@@@std@@PAX@std@@@std@@YAAAPAU?$_Tree_node@U?$pair@$$CBHPAVGraphicsBuffer@@@std@@PAX@0@AAPAU10@@Z 0043af80 f i CommonPathfindingLib:GraphicsBufferManager.obj
 0002:00015fc0       ??$forward@AAPAU?$_Tree_node@U?$pair@$$CBV?$basic_string@DU?$char_traits@D@std@@V?$allocator@D@2@@std@@H@std@@PAX@std@@@std@@YAAAPAU?$_Tree_node@U?$pair@$$CBV?$basic_string@DU?$char_traits@D@std@@V?$allocator@D@2@@std@@H@std@@PAX@0@AAPAU10@@Z 0043afc0 f i CommonPathfindingLib:GraphicsBufferManager.obj
 0002:00016000       ??$forward@AAU?$_Wrap_alloc@V?$allocator@U?$_Tree_node@U?$pair@$$CBHPAVGraphicsBuffer@@@std@@PAX@std@@@std@@@std@@@std@@YAAAU?$_Wrap_alloc@V?$allocator@U?$_Tree_node@U?$pair@$$CBHPAVGraphicsBuffer@@@std@@PAX@std@@@std@@@0@AAU10@@Z 0043b000 f i CommonPathfindingLib:GraphicsBufferManager.obj
 0002:00016040       ??$forward@AAU?$_Wrap_alloc@V?$allocator@U?$_Tree_node@U?$pair@$$CBV?$basic_string@DU?$char_traits@D@std@@V?$allocator@D@2@@std@@H@std@@PAX@std@@@std@@@std@@@std@@YAAAU?$_Wrap_alloc@V?$allocator@U?$_Tree_node@U?$pair@$$CBV?$basic_string@DU?$char_traits@D@std@@V?$allocator@D@2@@std@@H@std@@PAX@std@@@std@@@0@AAU10@@Z 0043b040 f i CommonPathfindingLib:GraphicsBufferManager.obj
 0002:00016080       ??$forward@AAU?$pair@$$CBHPAVGraphicsBuffer@@@std@@@std@@YAAAU?$pair@$$CBHPAVGraphicsBuffer@@@0@AAU10@@Z 0043b080 f i CommonPathfindingLib:GraphicsBufferManager.obj
 0002:000160c0       ??$forward@AAU?$pair@$$CBV?$basic_string@DU?$char_traits@D@std@@V?$allocator@D@2@@std@@H@std@@@std@@YAAAU?$pair@$$CBV?$basic_string@DU?$char_traits@D@std@@V?$allocator@D@2@@std@@H@0@AAU10@@Z 0043b0c0 f i CommonPathfindingLib:GraphicsBufferManager.obj
 0002:00016100       ??$forward@AAV?$_Tree_iterator@V?$_Tree_val@U?$_Tree_simple_types@U?$pair@$$CBHPAVGraphicsBuffer@@@std@@@std@@@std@@@std@@@std@@YAAAV?$_Tree_iterator@V?$_Tree_val@U?$_Tree_simple_types@U?$pair@$$CBHPAVGraphicsBuffer@@@std@@@std@@@std@@@0@AAV10@@Z 0043b100 f i CommonPathfindingLib:GraphicsBufferManager.obj
 0002:00016140       ??$forward@AAV?$_Tree_iterator@V?$_Tree_val@U?$_Tree_simple_types@U?$pair@$$CBV?$basic_string@DU?$char_traits@D@std@@V?$allocator@D@2@@std@@H@std@@@std@@@std@@@std@@@std@@YAAAV?$_Tree_iterator@V?$_Tree_val@U?$_Tree_simple_types@U?$pair@$$CBV?$basic_string@DU?$char_traits@D@std@@V?$allocator@D@2@@std@@H@std@@@std@@@std@@@0@AAV10@@Z 0043b140 f i CommonPathfindingLib:GraphicsBufferManager.obj
 0002:00016180       ??$forward@ABH@std@@YAABHABH@Z 0043b180 f i CommonPathfindingLib:GraphicsBufferManager.obj
 0002:000161c0       ??$forward@ABU?$less@H@std@@@std@@YAABU?$less@H@0@ABU10@@Z 0043b1c0 f i CommonPathfindingLib:GraphicsBufferManager.obj
 0002:00016200       ??$forward@ABU?$less@V?$basic_string@DU?$char_traits@D@std@@V?$allocator@D@2@@std@@@std@@@std@@YAABU?$less@V?$basic_string@DU?$char_traits@D@std@@V?$allocator@D@2@@std@@@0@ABU10@@Z 0043b200 f i CommonPathfindingLib:GraphicsBufferManager.obj
 0002:00016240       ??$forward@ABUpiecewise_construct_t@std@@@std@@YAABUpiecewise_construct_t@0@ABU10@@Z 0043b240 f i CommonPathfindingLib:GraphicsBufferManager.obj
 0002:00016280       ??$forward@ABV?$basic_string@DU?$char_traits@D@std@@V?$allocator@D@2@@std@@@std@@YAABV?$basic_string@DU?$char_traits@D@std@@V?$allocator@D@2@@0@ABV10@@Z 0043b280 f i CommonPathfindingLib:GraphicsBufferManager.obj
 0002:000162c0       ??$forward@U?$_Wrap_alloc@V?$allocator@D@std@@@std@@@std@@YA$$QAU?$_Wrap_alloc@V?$allocator@D@std@@@0@AAU10@@Z 0043b2c0 f i CommonPathfindingLib:GraphicsBufferManager.obj
 0002:00016300       ??$forward@U_Zero_then_variadic_args_t@std@@@std@@YA$$QAU_Zero_then_variadic_args_t@0@AAU10@@Z 0043b300 f i CommonPathfindingLib:GraphicsBufferManager.obj
 0002:00016340       ??$forward@V?$_Tree_iterator@V?$_Tree_val@U?$_Tree_simple_types@U?$pair@$$CBHPAVGraphicsBuffer@@@std@@@std@@@std@@@std@@@std@@YA$$QAV?$_Tree_iterator@V?$_Tree_val@U?$_Tree_simple_types@U?$pair@$$CBHPAVGraphicsBuffer@@@std@@@std@@@std@@@0@AAV10@@Z 0043b340 f i CommonPathfindingLib:GraphicsBufferManager.obj
 0002:00016380       ??$forward@V?$_Tree_iterator@V?$_Tree_val@U?$_Tree_simple_types@U?$pair@$$CBV?$basic_string@DU?$char_traits@D@std@@V?$allocator@D@2@@std@@H@std@@@std@@@std@@@std@@@std@@YA$$QAV?$_Tree_iterator@V?$_Tree_val@U?$_Tree_simple_types@U?$pair@$$CBV?$basic_string@DU?$char_traits@D@std@@V?$allocator@D@2@@std@@H@std@@@std@@@std@@@0@AAV10@@Z 0043b380 f i CommonPathfindingLib:GraphicsBufferManager.obj
 0002:000163c0       ??$forward@V?$allocator@D@std@@@std@@YA$$QAV?$allocator@D@0@AAV10@@Z 0043b3c0 f i CommonPathfindingLib:GraphicsBufferManager.obj
 0002:00016400       ??$forward@V?$tuple@$$V@std@@@std@@YA$$QAV?$tuple@$$V@0@AAV10@@Z 0043b400 f i CommonPathfindingLib:GraphicsBufferManager.obj
 0002:00016440       ??$forward@V?$tuple@ABH@std@@@std@@YA$$QAV?$tuple@ABH@0@AAV10@@Z 0043b440 f i CommonPathfindingLib:GraphicsBufferManager.obj
 0002:00016480       ??$forward@V?$tuple@ABV?$basic_string@DU?$char_traits@D@std@@V?$allocator@D@2@@std@@@std@@@std@@YA$$QAV?$tuple@ABV?$basic_string@DU?$char_traits@D@std@@V?$allocator@D@2@@std@@@0@AAV10@@Z 0043b480 f i CommonPathfindingLib:GraphicsBufferManager.obj
 0002:000164c0       ??$forward@_N@std@@YA$$QA_NAA_N@Z 0043b4c0 f i CommonPathfindingLib:GraphicsBufferManager.obj
 0002:00016500       ??$forward_as_tuple@$$V@std@@YA?AV?$tuple@$$V@0@XZ 0043b500 f i CommonPathfindingLib:GraphicsBufferManager.obj
 0002:00016550       ??$forward_as_tuple@ABH@std@@YA?AV?$tuple@ABH@0@ABH@Z 0043b550 f i CommonPathfindingLib:GraphicsBufferManager.obj
 0002:000165f0       ??$forward_as_tuple@ABV?$basic_string@DU?$char_traits@D@std@@V?$allocator@D@2@@std@@@std@@YA?AV?$tuple@ABV?$basic_string@DU?$char_traits@D@std@@V?$allocator@D@2@@std@@@0@ABV?$basic_string@DU?$char_traits@D@std@@V?$allocator@D@2@@0@@Z 0043b5f0 f i CommonPathfindingLib:GraphicsBufferManager.obj
 0002:00016690       ??$get@$0A@ABH@std@@YAABH$$QAV?$tuple@ABH@0@@Z 0043b690 f i CommonPathfindingLib:GraphicsBufferManager.obj
 0002:000166e0       ??$get@$0A@ABV?$basic_string@DU?$char_traits@D@std@@V?$allocator@D@2@@std@@@std@@YAABV?$basic_string@DU?$char_traits@D@std@@V?$allocator@D@2@@0@$$QAV?$tuple@ABV?$basic_string@DU?$char_traits@D@std@@V?$allocator@D@2@@std@@@0@@Z 0043b6e0 f i CommonPathfindingLib:GraphicsBufferManager.obj
 0002:00016730       ??$move@AAD@std@@YA$$QADAAD@Z 0043b730 f i CommonPathfindingLib:GraphicsBufferManager.obj
 0002:00016770       ??$move@AAU?$_Wrap_alloc@V?$allocator@D@std@@@std@@@std@@YA$$QAU?$_Wrap_alloc@V?$allocator@D@std@@@0@AAU10@@Z 0043b770 f i CommonPathfindingLib:GraphicsBufferManager.obj
 0002:000167b0       ??$move@AAV?$tuple@ABH@std@@@std@@YA$$QAV?$tuple@ABH@0@AAV10@@Z 0043b7b0 f i CommonPathfindingLib:GraphicsBufferManager.obj
 0002:000167f0       ??$move@AAV?$tuple@ABV?$basic_string@DU?$char_traits@D@std@@V?$allocator@D@2@@std@@@std@@@std@@YA$$QAV?$tuple@ABV?$basic_string@DU?$char_traits@D@std@@V?$allocator@D@2@@std@@@0@AAV10@@Z 0043b7f0 f i CommonPathfindingLib:GraphicsBufferManager.obj
 0002:00016830       ??$swap@DX@std@@YAXAAD0@Z  0043b830 f i CommonPathfindingLib:GraphicsBufferManager.obj
 0002:000168f0       ??$try_emplace@$$V@?$map@HPAVGraphicsBuffer@@U?$less@H@std@@V?$allocator@U?$pair@$$CBHPAVGraphicsBuffer@@@std@@@3@@std@@QAE?AU?$pair@V?$_Tree_iterator@V?$_Tree_val@U?$_Tree_simple_types@U?$pair@$$CBHPAVGraphicsBuffer@@@std@@@std@@@std@@@std@@_N@1@ABH@Z 0043b8f0 f i CommonPathfindingLib:GraphicsBufferManager.obj
 0002:00016970       ??$try_emplace@$$V@?$map@V?$basic_string@DU?$char_traits@D@std@@V?$allocator@D@2@@std@@HU?$less@V?$basic_string@DU?$char_traits@D@std@@V?$allocator@D@2@@std@@@2@V?$allocator@U?$pair@$$CBV?$basic_string@DU?$char_traits@D@std@@V?$allocator@D@2@@std@@H@std@@@2@@std@@QAE?AU?$pair@V?$_Tree_iterator@V?$_Tree_val@U?$_Tree_simple_types@U?$pair@$$CBV?$basic_string@DU?$char_traits@D@std@@V?$allocator@D@2@@std@@H@std@@@std@@@std@@@std@@_N@1@ABV?$basic_string@DU?$char_traits@D@std@@V?$allocator@D@2@@1@@Z 0043b970 f i CommonPathfindingLib:GraphicsBufferManager.obj
 0002:000169f0       ??0?$_Iterator012@Ubidirectional_iterator_tag@std@@U?$pair@$$CBHPAVGraphicsBuffer@@@2@HPBU32@ABU32@U_Iterator_base12@2@@std@@QAE@$$QAU01@@Z 0043b9f0 f i CommonPathfindingLib:GraphicsBufferManager.obj
 0002:00016a50       ??0?$_Iterator012@Ubidirectional_iterator_tag@std@@U?$pair@$$CBHPAVGraphicsBuffer@@@2@HPBU32@ABU32@U_Iterator_base12@2@@std@@QAE@ABU01@@Z 0043ba50 f i CommonPathfindingLib:GraphicsBufferManager.obj
 0002:00016ab0       ??0?$_Iterator012@Ubidirectional_iterator_tag@std@@U?$pair@$$CBHPAVGraphicsBuffer@@@2@HPBU32@ABU32@U_Iterator_base12@2@@std@@QAE@XZ 0043bab0 f i CommonPathfindingLib:GraphicsBufferManager.obj
 0002:00016b10       ??0?$_Iterator012@Ubidirectional_iterator_tag@std@@U?$pair@$$CBV?$basic_string@DU?$char_traits@D@std@@V?$allocator@D@2@@std@@H@2@HPBU32@ABU32@U_Iterator_base12@2@@std@@QAE@$$QAU01@@Z 0043bb10 f i CommonPathfindingLib:GraphicsBufferManager.obj
 0002:00016b70       ??0?$_Iterator012@Ubidirectional_iterator_tag@std@@U?$pair@$$CBV?$basic_string@DU?$char_traits@D@std@@V?$allocator@D@2@@std@@H@2@HPBU32@ABU32@U_Iterator_base12@2@@std@@QAE@ABU01@@Z 0043bb70 f i CommonPathfindingLib:GraphicsBufferManager.obj
 0002:00016bd0       ??0?$_Iterator012@Ubidirectional_iterator_tag@std@@U?$pair@$$CBV?$basic_string@DU?$char_traits@D@std@@V?$allocator@D@2@@std@@H@2@HPBU32@ABU32@U_Iterator_base12@2@@std@@QAE@XZ 0043bbd0 f i CommonPathfindingLib:GraphicsBufferManager.obj
 0002:00016c30       ??0?$_Tree@V?$_Tmap_traits@HPAVGraphicsBuffer@@U?$less@H@std@@V?$allocator@U?$pair@$$CBHPAVGraphicsBuffer@@@std@@@3@$0A@@std@@@std@@QAE@ABU?$less@H@1@@Z 0043bc30 f i CommonPathfindingLib:GraphicsBufferManager.obj
 0002:00016c90       ??0?$_Tree@V?$_Tmap_traits@V?$basic_string@DU?$char_traits@D@std@@V?$allocator@D@2@@std@@HU?$less@V?$basic_string@DU?$char_traits@D@std@@V?$allocator@D@2@@std@@@2@V?$allocator@U?$pair@$$CBV?$basic_string@DU?$char_traits@D@std@@V?$allocator@D@2@@std@@H@std@@@2@$0A@@std@@@std@@QAE@ABU?$less@V?$basic_string@DU?$char_traits@D@std@@V?$allocator@D@2@@std@@@1@@Z 0043bc90 f i CommonPathfindingLib:GraphicsBufferManager.obj
 0002:00016cf0       ??0?$_Tree_comp_alloc@V?$_Tmap_traits@HPAVGraphicsBuffer@@U?$less@H@std@@V?$allocator@U?$pair@$$CBHPAVGraphicsBuffer@@@std@@@3@$0A@@std@@@std@@QAE@ABU?$less@H@1@@Z 0043bcf0 f i CommonPathfindingLib:GraphicsBufferManager.obj
 0002:00016db0       ??0?$_Tree_comp_alloc@V?$_Tmap_traits@V?$basic_string@DU?$char_traits@D@std@@V?$allocator@D@2@@std@@HU?$less@V?$basic_string@DU?$char_traits@D@std@@V?$allocator@D@2@@std@@@2@V?$allocator@U?$pair@$$CBV?$basic_string@DU?$char_traits@D@std@@V?$allocator@D@2@@std@@H@std@@@2@$0A@@std@@@std@@QAE@ABU?$less@V?$basic_string@DU?$char_traits@D@std@@V?$allocator@D@2@@std@@@1@@Z 0043bdb0 f i CommonPathfindingLib:GraphicsBufferManager.obj
 0002:00016e70       ??0?$_Tree_const_iterator@V?$_Tree_val@U?$_Tree_simple_types@U?$pair@$$CBHPAVGraphicsBuffer@@@std@@@std@@@std@@@std@@QAE@$$QAV01@@Z 0043be70 f i CommonPathfindingLib:GraphicsBufferManager.obj
 0002:00016ed0       ??0?$_Tree_const_iterator@V?$_Tree_val@U?$_Tree_simple_types@U?$pair@$$CBHPAVGraphicsBuffer@@@std@@@std@@@std@@@std@@QAE@ABV01@@Z 0043bed0 f i CommonPathfindingLib:GraphicsBufferManager.obj
 0002:00016f30       ??0?$_Tree_const_iterator@V?$_Tree_val@U?$_Tree_simple_types@U?$pair@$$CBHPAVGraphicsBuffer@@@std@@@std@@@std@@@std@@QAE@PAU?$_Tree_node@U?$pair@$$CBHPAVGraphicsBuffer@@@std@@PAX@1@PBV?$_Tree_val@U?$_Tree_simple_types@U?$pair@$$CBHPAVGraphicsBuffer@@@std@@@std@@@1@@Z 0043bf30 f i CommonPathfindingLib:GraphicsBufferManager.obj
 0002:00016f90       ??0?$_Tree_const_iterator@V?$_Tree_val@U?$_Tree_simple_types@U?$pair@$$CBHPAVGraphicsBuffer@@@std@@@std@@@std@@@std@@QAE@XZ 0043bf90 f i CommonPathfindingLib:GraphicsBufferManager.obj
 0002:00016ff0       ??0?$_Tree_const_iterator@V?$_Tree_val@U?$_Tree_simple_types@U?$pair@$$CBV?$basic_string@DU?$char_traits@D@std@@V?$allocator@D@2@@std@@H@std@@@std@@@std@@@std@@QAE@$$QAV01@@Z 0043bff0 f i CommonPathfindingLib:GraphicsBufferManager.obj
 0002:00017050       ??0?$_Tree_const_iterator@V?$_Tree_val@U?$_Tree_simple_types@U?$pair@$$CBV?$basic_string@DU?$char_traits@D@std@@V?$allocator@D@2@@std@@H@std@@@std@@@std@@@std@@QAE@ABV01@@Z 0043c050 f i CommonPathfindingLib:GraphicsBufferManager.obj
 0002:000170b0       ??0?$_Tree_const_iterator@V?$_Tree_val@U?$_Tree_simple_types@U?$pair@$$CBV?$basic_string@DU?$char_traits@D@std@@V?$allocator@D@2@@std@@H@std@@@std@@@std@@@std@@QAE@PAU?$_Tree_node@U?$pair@$$CBV?$basic_string@DU?$char_traits@D@std@@V?$allocator@D@2@@std@@H@std@@PAX@1@PBV?$_Tree_val@U?$_Tree_simple_types@U?$pair@$$CBV?$basic_string@DU?$char_traits@D@std@@V?$allocator@D@2@@std@@H@std@@@std@@@1@@Z 0043c0b0 f i CommonPathfindingLib:GraphicsBufferManager.obj
 0002:00017110       ??0?$_Tree_const_iterator@V?$_Tree_val@U?$_Tree_simple_types@U?$pair@$$CBV?$basic_string@DU?$char_traits@D@std@@V?$allocator@D@2@@std@@H@std@@@std@@@std@@@std@@QAE@XZ 0043c110 f i CommonPathfindingLib:GraphicsBufferManager.obj
 0002:00017170       ??0?$_Tree_iterator@V?$_Tree_val@U?$_Tree_simple_types@U?$pair@$$CBHPAVGraphicsBuffer@@@std@@@std@@@std@@@std@@QAE@$$QAV01@@Z 0043c170 f i CommonPathfindingLib:GraphicsBufferManager.obj
 0002:000171d0       ??0?$_Tree_iterator@V?$_Tree_val@U?$_Tree_simple_types@U?$pair@$$CBHPAVGraphicsBuffer@@@std@@@std@@@std@@@std@@QAE@ABV01@@Z 0043c1d0 f i CommonPathfindingLib:GraphicsBufferManager.obj
 0002:00017230       ??0?$_Tree_iterator@V?$_Tree_val@U?$_Tree_simple_types@U?$pair@$$CBHPAVGraphicsBuffer@@@std@@@std@@@std@@@std@@QAE@PAU?$_Tree_node@U?$pair@$$CBHPAVGraphicsBuffer@@@std@@PAX@1@PBV?$_Tree_val@U?$_Tree_simple_types@U?$pair@$$CBHPAVGraphicsBuffer@@@std@@@std@@@1@@Z 0043c230 f i CommonPathfindingLib:GraphicsBufferManager.obj
 0002:00017290       ??0?$_Tree_iterator@V?$_Tree_val@U?$_Tree_simple_types@U?$pair@$$CBHPAVGraphicsBuffer@@@std@@@std@@@std@@@std@@QAE@XZ 0043c290 f i CommonPathfindingLib:GraphicsBufferManager.obj
 0002:000172f0       ??0?$_Tree_iterator@V?$_Tree_val@U?$_Tree_simple_types@U?$pair@$$CBV?$basic_string@DU?$char_traits@D@std@@V?$allocator@D@2@@std@@H@std@@@std@@@std@@@std@@QAE@$$QAV01@@Z 0043c2f0 f i CommonPathfindingLib:GraphicsBufferManager.obj
 0002:00017350       ??0?$_Tree_iterator@V?$_Tree_val@U?$_Tree_simple_types@U?$pair@$$CBV?$basic_string@DU?$char_traits@D@std@@V?$allocator@D@2@@std@@H@std@@@std@@@std@@@std@@QAE@ABV01@@Z 0043c350 f i CommonPathfindingLib:GraphicsBufferManager.obj
 0002:000173b0       ??0?$_Tree_iterator@V?$_Tree_val@U?$_Tree_simple_types@U?$pair@$$CBV?$basic_string@DU?$char_traits@D@std@@V?$allocator@D@2@@std@@H@std@@@std@@@std@@@std@@QAE@PAU?$_Tree_node@U?$pair@$$CBV?$basic_string@DU?$char_traits@D@std@@V?$allocator@D@2@@std@@H@std@@PAX@1@PBV?$_Tree_val@U?$_Tree_simple_types@U?$pair@$$CBV?$basic_string@DU?$char_traits@D@std@@V?$allocator@D@2@@std@@H@std@@@std@@@1@@Z 0043c3b0 f i CommonPathfindingLib:GraphicsBufferManager.obj
 0002:00017410       ??0?$_Tree_iterator@V?$_Tree_val@U?$_Tree_simple_types@U?$pair@$$CBV?$basic_string@DU?$char_traits@D@std@@V?$allocator@D@2@@std@@H@std@@@std@@@std@@@std@@QAE@XZ 0043c410 f i CommonPathfindingLib:GraphicsBufferManager.obj
 0002:00017470       ??0?$_Tree_unchecked_const_iterator@V?$_Tree_val@U?$_Tree_simple_types@U?$pair@$$CBHPAVGraphicsBuffer@@@std@@@std@@@std@@U_Iterator_base12@2@@std@@QAE@$$QAV01@@Z 0043c470 f i CommonPathfindingLib:GraphicsBufferManager.obj
 0002:000174e0       ??0?$_Tree_unchecked_const_iterator@V?$_Tree_val@U?$_Tree_simple_types@U?$pair@$$CBHPAVGraphicsBuffer@@@std@@@std@@@std@@U_Iterator_base12@2@@std@@QAE@ABV01@@Z 0043c4e0 f i CommonPathfindingLib:GraphicsBufferManager.obj
 0002:00017550       ??0?$_Tree_unchecked_const_iterator@V?$_Tree_val@U?$_Tree_simple_types@U?$pair@$$CBHPAVGraphicsBuffer@@@std@@@std@@@std@@U_Iterator_base12@2@@std@@QAE@PAU?$_Tree_node@U?$pair@$$CBHPAVGraphicsBuffer@@@std@@PAX@1@PBV?$_Tree_val@U?$_Tree_simple_types@U?$pair@$$CBHPAVGraphicsBuffer@@@std@@@std@@@1@@Z 0043c550 f i CommonPathfindingLib:GraphicsBufferManager.obj
 0002:00017610       ??0?$_Tree_unchecked_const_iterator@V?$_Tree_val@U?$_Tree_simple_types@U?$pair@$$CBHPAVGraphicsBuffer@@@std@@@std@@@std@@U_Iterator_base12@2@@std@@QAE@XZ 0043c610 f i CommonPathfindingLib:GraphicsBufferManager.obj
 0002:00017670       ??0?$_Tree_unchecked_const_iterator@V?$_Tree_val@U?$_Tree_simple_types@U?$pair@$$CBV?$basic_string@DU?$char_traits@D@std@@V?$allocator@D@2@@std@@H@std@@@std@@@std@@U_Iterator_base12@2@@std@@QAE@$$QAV01@@Z 0043c670 f i CommonPathfindingLib:GraphicsBufferManager.obj
 0002:000176e0       ??0?$_Tree_unchecked_const_iterator@V?$_Tree_val@U?$_Tree_simple_types@U?$pair@$$CBV?$basic_string@DU?$char_traits@D@std@@V?$allocator@D@2@@std@@H@std@@@std@@@std@@U_Iterator_base12@2@@std@@QAE@ABV01@@Z 0043c6e0 f i CommonPathfindingLib:GraphicsBufferManager.obj
 0002:00017750       ??0?$_Tree_unchecked_const_iterator@V?$_Tree_val@U?$_Tree_simple_types@U?$pair@$$CBV?$basic_string@DU?$char_traits@D@std@@V?$allocator@D@2@@std@@H@std@@@std@@@std@@U_Iterator_base12@2@@std@@QAE@PAU?$_Tree_node@U?$pair@$$CBV?$basic_string@DU?$char_traits@D@std@@V?$allocator@D@2@@std@@H@std@@PAX@1@PBV?$_Tree_val@U?$_Tree_simple_types@U?$pair@$$CBV?$basic_string@DU?$char_traits@D@std@@V?$allocator@D@2@@std@@H@std@@@std@@@1@@Z 0043c750 f i CommonPathfindingLib:GraphicsBufferManager.obj
 0002:00017810       ??0?$_Tree_unchecked_const_iterator@V?$_Tree_val@U?$_Tree_simple_types@U?$pair@$$CBV?$basic_string@DU?$char_traits@D@std@@V?$allocator@D@2@@std@@H@std@@@std@@@std@@U_Iterator_base12@2@@std@@QAE@XZ 0043c810 f i CommonPathfindingLib:GraphicsBufferManager.obj
 0002:00017870       ??0?$_Tree_val@U?$_Tree_simple_types@U?$pair@$$CBHPAVGraphicsBuffer@@@std@@@std@@@std@@QAE@XZ 0043c870 f i CommonPathfindingLib:GraphicsBufferManager.obj
 0002:000178e0       ??0?$_Tree_val@U?$_Tree_simple_types@U?$pair@$$CBV?$basic_string@DU?$char_traits@D@std@@V?$allocator@D@2@@std@@H@std@@@std@@@std@@QAE@XZ 0043c8e0 f i CommonPathfindingLib:GraphicsBufferManager.obj
[...]
 0005:000000ac       __imp_??5?$basic_istream@DU?$char_traits@D@std@@@std@@QAEAAV01@AAH@Z 004800ac     msvcprtd:MSVCP140D.dll
 0005:000000b0       __imp_??6?$basic_ostream@DU?$char_traits@D@std@@@std@@QAEAAV01@H@Z 004800b0     msvcprtd:MSVCP140D.dll
 0005:000000b4       __imp_?cout@std@@3V?$basic_ostream@DU?$char_traits@D@std@@@1@A 004800b4     msvcprtd:MSVCP140D.dll
 0005:000000b8       __imp_?id@?$codecvt@DDU_Mbstatet@@@std@@2V0locale@2@A 004800b8     msvcprtd:MSVCP140D.dll
 0005:000000bc       __imp_?_BADOFF@std@@3_JB   004800bc     msvcprtd:MSVCP140D.dll
 0005:000000c0       __imp_?xsputn@?$basic_streambuf@DU?$char_traits@D@std@@@std@@MAE_JPBD_J@Z 004800c0     msvcprtd:MSVCP140D.dll
 0005:000000c4       __imp_?xsgetn@?$basic_streambuf@DU?$char_traits@D@std@@@std@@MAE_JPAD_J@Z 004800c4     msvcprtd:MSVCP140D.dll
 0005:000000c8       __imp_?showmanyc@?$basic_streambuf@DU?$char_traits@D@std@@@std@@MAE_JXZ 004800c8     msvcprtd:MSVCP140D.dll
 0005:000000cc       __imp_?_Fiopen@std@@YAPAU_iobuf@@PBDHH@Z 004800cc     msvcprtd:MSVCP140D.dll
 0005:000000d0       __imp_??1?$basic_istream@DU?$char_traits@D@std@@@std@@UAE@XZ 004800d0     msvcprtd:MSVCP140D.dll
 0005:000000d4       __imp_??0?$basic_istream@DU?$char_traits@D@std@@@std@@QAE@PAV?$basic_streambuf@DU?$char_traits@D@std@@@1@_N@Z 004800d4     msvcprtd:MSVCP140D.dll
 0005:000000d8       __imp_?flush@?$basic_ostream@DU?$char_traits@D@std@@@std@@QAEAAV12@XZ 004800d8     msvcprtd:MSVCP140D.dll
 0005:000000dc       __imp_?_Osfx@?$basic_ostream@DU?$char_traits@D@std@@@std@@QAEXXZ 004800dc     msvcprtd:MSVCP140D.dll
 0005:000000e0       __imp_??6?$basic_ostream@DU?$char_traits@D@std@@@std@@QAEAAV01@I@Z 004800e0     msvcprtd:MSVCP140D.dll
 0005:000000e4       __imp_??6?$basic_ostream@DU?$char_traits@D@std@@@std@@QAEAAV01@PBX@Z 004800e4     msvcprtd:MSVCP140D.dll
 0005:000000e8       __imp_?put@?$basic_ostream@DU?$char_traits@D@std@@@std@@QAEAAV12@D@Z 004800e8     msvcprtd:MSVCP140D.dll
 0005:000000ec       __imp_??0_Lockit@std@@QAE@H@Z 004800ec     msvcprtd:MSVCP140D.dll
 0005:000000f0       __imp_??1_Lockit@std@@QAE@XZ 004800f0     msvcprtd:MSVCP140D.dll
 0005:000000f4       __imp_?_Debug_message@std@@YAXPB_W0I@Z 004800f4     msvcprtd:MSVCP140D.dll
 0005:000000f8       __imp_?_Xbad_alloc@std@@YAXXZ 004800f8     msvcprtd:MSVCP140D.dll
 0005:000000fc       __imp_?_Xlength_error@std@@YAXPBD@Z 004800fc     msvcprtd:MSVCP140D.dll
 0005:00000100       __imp_?_Xout_of_range@std@@YAXPBD@Z 00480100     msvcprtd:MSVCP140D.dll
 0005:00000104       __imp_?uncaught_exception@std@@YA_NXZ 00480104     msvcprtd:MSVCP140D.dll
 0005:00000108       __imp_??Bid@locale@std@@QAEIXZ 00480108     msvcprtd:MSVCP140D.dll
 0005:0000010c       __imp_?_Getgloballocale@locale@std@@CAPAV_Locimp@12@XZ 0048010c     msvcprtd:MSVCP140D.dll
 0005:00000110       __imp_?always_noconv@codecvt_base@std@@QBE_NXZ 00480110     msvcprtd:MSVCP140D.dll
 0005:00000114       __imp_?in@?$codecvt@DDU_Mbstatet@@@std@@QBEHAAU_Mbstatet@@PBD1AAPBDPAD3AAPAD@Z 00480114     msvcprtd:MSVCP140D.dll
 0005:00000118       __imp_?out@?$codecvt@DDU_Mbstatet@@@std@@QBEHAAU_Mbstatet@@PBD1AAPBDPAD3AAPAD@Z 00480118     msvcprtd:MSVCP140D.dll
 0005:0000011c       __imp_?unshift@?$codecvt@DDU_Mbstatet@@@std@@QBEHAAU_Mbstatet@@PAD1AAPAD@Z 0048011c     msvcprtd:MSVCP140D.dll
 0005:00000120       __imp_?_Getcat@?$codecvt@DDU_Mbstatet@@@std@@SAIPAPBVfacet@locale@2@PBV42@@Z 00480120     msvcprtd:MSVCP140D.dll
 0005:00000124       __imp_?good@ios_base@std@@QBE_NXZ 00480124     msvcprtd:MSVCP140D.dll
 0005:00000128       __imp_?flags@ios_base@std@@QBEHXZ 00480128     msvcprtd:MSVCP140D.dll
 0005:0000012c       __imp_?width@ios_base@std@@QBE_JXZ 0048012c     msvcprtd:MSVCP140D.dll
 0005:00000130       __imp_?width@ios_base@std@@QAE_J_J@Z 00480130     msvcprtd:MSVCP140D.dll
 0005:00000134       __imp_??0?$basic_streambuf@DU?$char_traits@D@std@@@std@@IAE@XZ 00480134     msvcprtd:MSVCP140D.dll
 0005:00000138       __imp_??1?$basic_streambuf@DU?$char_traits@D@std@@@std@@UAE@XZ 00480138     msvcprtd:MSVCP140D.dll
 0005:0000013c       __imp_?getloc@?$basic_streambuf@DU?$char_traits@D@std@@@std@@QBE?AVlocale@2@XZ 0048013c     msvcprtd:MSVCP140D.dll
 0005:00000140       __imp_?sputc@?$basic_streambuf@DU?$char_traits@D@std@@@std@@QAEHD@Z 00480140     msvcprtd:MSVCP140D.dll
 0005:00000144       __imp_?sputn@?$basic_streambuf@DU?$char_traits@D@std@@@std@@QAE_JPBD_J@Z 00480144     msvcprtd:MSVCP140D.dll
 0005:00000148       __imp_?eback@?$basic_streambuf@DU?$char_traits@D@std@@@std@@IBEPADXZ 00480148     msvcprtd:MSVCP140D.dll
 0005:0000014c       __imp_?gptr@?$basic_streambuf@DU?$char_traits@D@std@@@std@@IBEPADXZ 0048014c     msvcprtd:MSVCP140D.dll
 0005:00000150       __imp_?pptr@?$basic_streambuf@DU?$char_traits@D@std@@@std@@IBEPADXZ 00480150     msvcprtd:MSVCP140D.dll
 0005:00000154       __imp_?egptr@?$basic_streambuf@DU?$char_traits@D@std@@@std@@IBEPADXZ 00480154     msvcprtd:MSVCP140D.dll
 0005:00000158       __imp_?setg@?$basic_streambuf@DU?$char_traits@D@std@@@std@@IAEXPAD00@Z 00480158     msvcprtd:MSVCP140D.dll
 0005:0000015c       __imp_?epptr@?$basic_streambuf@DU?$char_traits@D@std@@@std@@IBEPADXZ 0048015c     msvcprtd:MSVCP140D.dll
 0005:00000160       __imp_?_Gndec@?$basic_streambuf@DU?$char_traits@D@std@@@std@@IAEPADXZ 00480160     msvcprtd:MSVCP140D.dll
 0005:00000164       __imp_?_Gninc@?$basic_streambuf@DU?$char_traits@D@std@@@std@@IAEPADXZ 00480164     msvcprtd:MSVCP140D.dll
 0005:00000168       __imp_?_Pninc@?$basic_streambuf@DU?$char_traits@D@std@@@std@@IAEPADXZ 00480168     msvcprtd:MSVCP140D.dll
 0005:0000016c       __imp_?_Init@?$basic_streambuf@DU?$char_traits@D@std@@@std@@IAEXXZ 0048016c     msvcprtd:MSVCP140D.dll
 0005:00000170       __imp_?_Init@?$basic_streambuf@DU?$char_traits@D@std@@@std@@IAEXPAPAD0PAH001@Z 00480170     msvcprtd:MSVCP140D.dll
 0005:00000174       __imp_??1?$basic_ios@DU?$char_traits@D@std@@@std@@UAE@XZ 00480174     msvcprtd:MSVCP140D.dll
 0005:00000178       __imp_?setstate@?$basic_ios@DU?$char_traits@D@std@@@std@@QAEXH_N@Z 00480178     msvcprtd:MSVCP140D.dll
 0005:0000017c       __imp_?tie@?$basic_ios@DU?$char_traits@D@std@@@std@@QBEPAV?$basic_ostream@DU?$char_traits@D@std@@@2@XZ 0048017c     msvcprtd:MSVCP140D.dll
 0005:00000180       __imp_?rdbuf@?$basic_ios@DU?$char_traits@D@std@@@std@@QBEPAV?$basic_streambuf@DU?$char_traits@D@std@@@2@XZ 00480180     msvcprtd:MSVCP140D.dll
 0005:00000184       __imp_?fill@?$basic_ios@DU?$char_traits@D@std@@@std@@QBEDXZ 00480184     msvcprtd:MSVCP140D.dll
 0005:00000188       __imp_??0?$basic_ios@DU?$char_traits@D@std@@@std@@IAE@XZ 00480188     msvcprtd:MSVCP140D.dll
 0005:0000018c       __imp_??0?$basic_ostream@DU?$char_traits@D@std@@@std@@QAE@PAV?$basic_streambuf@DU?$char_traits@D@std@@@1@_N@Z 0048018c     msvcprtd:MSVCP140D.dll
 0005:00000190       __imp_??1?$basic_ostream@DU?$char_traits@D@std@@@std@@UAE@XZ 00480190     msvcprtd:MSVCP140D.dll
 0005:00000194       \177MSVCP140D_NULL_THUNK_DATA 00480194     msvcprtd:MSVCP140D.dll
 0005:000001f0       __imp____vcrt_GetModuleHandleW 004801f0     vcruntimed:VCRUNTIME140D.dll
 0005:000001f4       __imp____vcrt_GetModuleFileNameW 004801f4     vcruntimed:VCRUNTIME140D.dll
 0005:000001f8       __imp____std_type_info_destroy_list 004801f8     vcruntimed:VCRUNTIME140D.dll
 0005:000001fc       __imp___except_handler4_common 004801fc     vcruntimed:VCRUNTIME140D.dll
 0005:00000200       __imp__memcmp              00480200     vcruntimed:VCRUNTIME140D.dll
 0005:00000204       __imp____RTDynamicCast     00480204     vcruntimed:VCRUNTIME140D.dll
 0005:00000208       __imp____std_exception_destroy 00480208     vcruntimed:VCRUNTIME140D.dll
 0005:0000020c       __imp____std_exception_copy 0048020c     vcruntimed:VCRUNTIME140D.dll
 0005:00000210       __imp__memset              00480210     vcruntimed:VCRUNTIME140D.dll
 0005:00000214       __imp____CxxFrameHandler3  00480214     vcruntimed:VCRUNTIME140D.dll
 0005:00000218       __imp___CxxThrowException@8 00480218     vcruntimed:VCRUNTIME140D.dll
 0005:0000021c       __imp__memmove             0048021c     vcruntimed:VCRUNTIME140D.dll
 0005:00000220       __imp__memcpy              00480220     vcruntimed:VCRUNTIME140D.dll
 0005:00000224       __imp____vcrt_LoadLibraryExW 00480224     vcruntimed:VCRUNTIME140D.dll
 0005:00000228       \177VCRUNTIME140D_NULL_THUNK_DATA 00480228     vcruntimed:VCRUNTIME140D.dll
 0005:0000025c       __imp__al_draw_filled_rectangle 0048025c     allegro-5.0.10-monolith-md-debug:allegro-5.0.10-monolith-md-debug.dll
 0005:00000260       __imp__al_create_display   00480260     allegro-5.0.10-monolith-md-debug:allegro-5.0.10-monolith-md-debug.dll
 0005:00000264       __imp__al_init_primitives_addon 00480264     allegro-5.0.10-monolith-md-debug:allegro-5.0.10-monolith-md-debug.dll
 0005:00000268       __imp__al_shutdown_ttf_addon 00480268     allegro-5.0.10-monolith-md-debug:allegro-5.0.10-monolith-md-debug.dll
 0005:0000026c       __imp__al_destroy_display  0048026c     allegro-5.0.10-monolith-md-debug:allegro-5.0.10-monolith-md-debug.dll
 0005:00000270       __imp__al_set_target_bitmap 00480270     allegro-5.0.10-monolith-md-debug:allegro-5.0.10-monolith-md-debug.dll
 0005:00000274       __imp__al_get_backbuffer   00480274     allegro-5.0.10-monolith-md-debug:allegro-5.0.10-monolith-md-debug.dll
 0005:00000278       __imp__al_get_target_bitmap 00480278     allegro-5.0.10-monolith-md-debug:allegro-5.0.10-monolith-md-debug.dll
 0005:0000027c       __imp__al_flip_display     0048027c     allegro-5.0.10-monolith-md-debug:allegro-5.0.10-monolith-md-debug.dll
 0005:00000280       __imp__al_create_sub_bitmap 00480280     allegro-5.0.10-monolith-md-debug:allegro-5.0.10-monolith-md-debug.dll
 0005:00000284       __imp__al_draw_bitmap      00480284     allegro-5.0.10-monolith-md-debug:allegro-5.0.10-monolith-md-debug.dll
 0005:00000288       __imp__al_draw_rotated_bitmap 00480288     allegro-5.0.10-monolith-md-debug:allegro-5.0.10-monolith-md-debug.dll
 0005:0000028c       __imp__al_create_bitmap    0048028c     allegro-5.0.10-monolith-md-debug:allegro-5.0.10-monolith-md-debug.dll
 0005:00000290       __imp__al_destroy_bitmap   00480290     allegro-5.0.10-monolith-md-debug:allegro-5.0.10-monolith-md-debug.dll
 0005:00000294       __imp__al_clone_bitmap     00480294     allegro-5.0.10-monolith-md-debug:allegro-5.0.10-monolith-md-debug.dll
 0005:00000298       __imp__al_load_bitmap      00480298     allegro-5.0.10-monolith-md-debug:allegro-5.0.10-monolith-md-debug.dll
 0005:0000029c       __imp__al_clear_to_color   0048029c     allegro-5.0.10-monolith-md-debug:allegro-5.0.10-monolith-md-debug.dll
 0005:000002a0       __imp__al_shutdown_primitives_addon 004802a0     allegro-5.0.10-monolith-md-debug:allegro-5.0.10-monolith-md-debug.dll
 0005:000002a4       __imp__al_get_bitmap_height 004802a4     allegro-5.0.10-monolith-md-debug:allegro-5.0.10-monolith-md-debug.dll
 0005:000002a8       __imp__al_get_mouse_state  004802a8     allegro-5.0.10-monolith-md-debug:allegro-5.0.10-monolith-md-debug.dll
 0005:000002ac       __imp__al_mouse_button_down 004802ac     allegro-5.0.10-monolith-md-debug:allegro-5.0.10-monolith-md-debug.dll
 0005:000002b0       __imp__al_get_keyboard_state 004802b0     allegro-5.0.10-monolith-md-debug:allegro-5.0.10-monolith-md-debug.dll
 0005:000002b4       __imp__al_key_down         004802b4     allegro-5.0.10-monolith-md-debug:allegro-5.0.10-monolith-md-debug.dll
 0005:000002b8       __imp__al_install_keyboard 004802b8     allegro-5.0.10-monolith-md-debug:allegro-5.0.10-monolith-md-debug.dll
 0005:000002bc       __imp__al_uninstall_keyboard 004802bc     allegro-5.0.10-monolith-md-debug:allegro-5.0.10-monolith-md-debug.dll
 0005:000002c0       __imp__al_install_mouse    004802c0     allegro-5.0.10-monolith-md-debug:allegro-5.0.10-monolith-md-debug.dll
 0005:000002c4       __imp__al_uninstall_mouse  004802c4     allegro-5.0.10-monolith-md-debug:allegro-5.0.10-monolith-md-debug.dll
 0005:000002c8       __imp__al_install_system   004802c8     allegro-5.0.10-monolith-md-debug:allegro-5.0.10-monolith-md-debug.dll
 0005:000002cc       __imp__al_install_audio    004802cc     allegro-5.0.10-monolith-md-debug:allegro-5.0.10-monolith-md-debug.dll
 0005:000002d0       __imp__al_uninstall_audio  004802d0     allegro-5.0.10-monolith-md-debug:allegro-5.0.10-monolith-md-debug.dll
 0005:000002d4       __imp__al_reserve_samples  004802d4     allegro-5.0.10-monolith-md-debug:allegro-5.0.10-monolith-md-debug.dll
 0005:000002d8       __imp__al_init_acodec_addon 004802d8     allegro-5.0.10-monolith-md-debug:allegro-5.0.10-monolith-md-debug.dll
 0005:000002dc       __imp__al_init_image_addon 004802dc     allegro-5.0.10-monolith-md-debug:allegro-5.0.10-monolith-md-debug.dll
 0005:000002e0       __imp__al_shutdown_image_addon 004802e0     allegro-5.0.10-monolith-md-debug:allegro-5.0.10-monolith-md-debug.dll
 0005:000002e4       __imp__al_destroy_font     004802e4     allegro-5.0.10-monolith-md-debug:allegro-5.0.10-monolith-md-debug.dll
 0005:000002e8       __imp__al_init_font_addon  004802e8     allegro-5.0.10-monolith-md-debug:allegro-5.0.10-monolith-md-debug.dll
 0005:000002ec       __imp__al_shutdown_font_addon 004802ec     allegro-5.0.10-monolith-md-debug:allegro-5.0.10-monolith-md-debug.dll
 0005:000002f0       __imp__al_load_ttf_font    004802f0     allegro-5.0.10-monolith-md-debug:allegro-5.0.10-monolith-md-debug.dll
 0005:000002f4       __imp__al_init_ttf_addon   004802f4     allegro-5.0.10-monolith-md-debug:allegro-5.0.10-monolith-md-debug.dll
 0005:000002f8       __imp__al_get_bitmap_width 004802f8     allegro-5.0.10-monolith-md-debug:allegro-5.0.10-monolith-md-debug.dll
 0005:000002fc       \177allegro-5.0.10-monolith-md-debug_NULL_THUNK_DATA 004802fc     allegro-5.0.10-monolith-md-debug:allegro-5.0.10-monolith-md-debug.dll
 0005:00000348       __imp___time64             00480348     ucrtd:ucrtbased.dll
 0005:0000034c       __imp___wassert            0048034c     ucrtd:ucrtbased.dll
 0005:00000350       __imp____acrt_iob_func     00480350     ucrtd:ucrtbased.dll
 0005:00000354       __imp____stdio_common_vfprintf 00480354     ucrtd:ucrtbased.dll
 0005:00000358       __imp__free                00480358     ucrtd:ucrtbased.dll
 0005:0000035c       __imp__rand                0048035c     ucrtd:ucrtbased.dll
 0005:00000360       __imp__sqrt                00480360     ucrtd:ucrtbased.dll
 0005:00000364       __imp___free_dbg           00480364     ucrtd:ucrtbased.dll
 0005:00000368       __imp___malloc_dbg         00480368     ucrtd:ucrtbased.dll
 0005:0000036c       __imp___callnewh           0048036c     ucrtd:ucrtbased.dll
 0005:00000370       __imp___CrtDbgReport       00480370     ucrtd:ucrtbased.dll
 0005:00000374       __imp___seh_filter_dll     00480374     ucrtd:ucrtbased.dll
 0005:00000378       __imp___configure_narrow_argv 00480378     ucrtd:ucrtbased.dll
 0005:0000037c       __imp___initialize_narrow_environment 0048037c     ucrtd:ucrtbased.dll
 0005:00000380       __imp___initialize_onexit_table 00480380     ucrtd:ucrtbased.dll
 0005:00000384       __imp___register_onexit_function 00480384     ucrtd:ucrtbased.dll
 0005:00000388       __imp___execute_onexit_table 00480388     ucrtd:ucrtbased.dll
 0005:0000038c       __imp___crt_atexit         0048038c     ucrtd:ucrtbased.dll
 0005:00000390       __imp___crt_at_quick_exit  00480390     ucrtd:ucrtbased.dll
 0005:00000394       __imp___cexit              00480394     ucrtd:ucrtbased.dll
 0005:00000398       __imp___seh_filter_exe     00480398     ucrtd:ucrtbased.dll
 0005:0000039c       __imp___set_app_type       0048039c     ucrtd:ucrtbased.dll
 0005:000003a0       __imp____setusermatherr    004803a0     ucrtd:ucrtbased.dll
 0005:000003a4       __imp___get_initial_narrow_environment 004803a4     ucrtd:ucrtbased.dll
 0005:000003a8       __imp___initterm           004803a8     ucrtd:ucrtbased.dll
 0005:000003ac       __imp___initterm_e         004803ac     ucrtd:ucrtbased.dll
 0005:000003b0       __imp__exit                004803b0     ucrtd:ucrtbased.dll
 0005:000003b4       __imp___exit               004803b4     ucrtd:ucrtbased.dll
 0005:000003b8       __imp___set_fmode          004803b8     ucrtd:ucrtbased.dll
 0005:000003bc       __imp____p___argc          004803bc     ucrtd:ucrtbased.dll
 0005:000003c0       __imp____p___argv          004803c0     ucrtd:ucrtbased.dll
 0005:000003c4       __imp___c_exit             004803c4     ucrtd:ucrtbased.dll
 0005:000003c8       __imp___register_thread_local_exe_atexit_callback 004803c8     ucrtd:ucrtbased.dll
 0005:000003cc       __imp___configthreadlocale 004803cc     ucrtd:ucrtbased.dll
 0005:000003d0       __imp___set_new_mode       004803d0     ucrtd:ucrtbased.dll
 0005:000003d4       __imp____p__commode        004803d4     ucrtd:ucrtbased.dll
 0005:000003d8       __imp___except1            004803d8     ucrtd:ucrtbased.dll
 0005:000003dc       __imp____stdio_common_vsprintf_s 004803dc     ucrtd:ucrtbased.dll
 0005:000003e0       __imp__terminate           004803e0     ucrtd:ucrtbased.dll
 0005:000003e4       __imp___controlfp_s        004803e4     ucrtd:ucrtbased.dll
 0005:000003e8       __imp___wmakepath_s        004803e8     ucrtd:ucrtbased.dll
 0005:000003ec       __imp___wsplitpath_s       004803ec     ucrtd:ucrtbased.dll
 0005:000003f0       __imp__wcscpy_s            004803f0     ucrtd:ucrtbased.dll
 0005:000003f4       __imp__srand               004803f4     ucrtd:ucrtbased.dll
 0005:000003f8       __imp___unlock_file        004803f8     ucrtd:ucrtbased.dll
 0005:000003fc       __imp___lock_file          004803fc     ucrtd:ucrtbased.dll
 0005:00000400       __imp__ungetc              00480400     ucrtd:ucrtbased.dll
 0005:00000404       __imp__setvbuf             00480404     ucrtd:ucrtbased.dll
 0005:00000408       __imp__fwrite              00480408     ucrtd:ucrtbased.dll
 0005:0000040c       __imp___fseeki64           0048040c     ucrtd:ucrtbased.dll
 0005:00000410       __imp__fsetpos             00480410     ucrtd:ucrtbased.dll
 0005:00000414       __imp__fputc               00480414     ucrtd:ucrtbased.dll
 0005:00000418       __imp__fgetpos             00480418     ucrtd:ucrtbased.dll
 0005:0000041c       __imp__fgetc               0048041c     ucrtd:ucrtbased.dll
 0005:00000420       __imp__fflush              00480420     ucrtd:ucrtbased.dll
 0005:00000424       __imp__fclose              00480424     ucrtd:ucrtbased.dll
 0005:00000428       __imp___get_stream_buffer_pointers 00480428     ucrtd:ucrtbased.dll
 0005:0000042c       __imp__system              0048042c     ucrtd:ucrtbased.dll
 0005:00000430       __imp___errno              00480430     ucrtd:ucrtbased.dll
 0005:00000434       __imp___invalid_parameter_noinfo 00480434     ucrtd:ucrtbased.dll
 0005:00000438       __imp___CrtDbgReportW      00480438     ucrtd:ucrtbased.dll
 0005:0000043c       __imp__strlen              0048043c     ucrtd:ucrtbased.dll
 0005:00000440       __imp__atan                00480440     ucrtd:ucrtbased.dll
 0005:00000444       __imp___invalid_parameter  00480444     ucrtd:ucrtbased.dll
 0005:00000448       __imp__malloc              00480448     ucrtd:ucrtbased.dll
 0005:0000044c       \177ucrtbased_NULL_THUNK_DATA 0048044c     ucrtd:ucrtbased.dll
 0005:000004ac       __IMPORT_DESCRIPTOR_allegro-5.0.10-monolith-md-debug 004804ac     allegro-5.0.10-monolith-md-debug:allegro-5.0.10-monolith-md-debug.dll
 0005:000004c0       __IMPORT_DESCRIPTOR_KERNEL32 004804c0     kernel32:KERNEL32.dll
 0005:000004d4       __IMPORT_DESCRIPTOR_MSVCP140D 004804d4     msvcprtd:MSVCP140D.dll
 0005:000004e8       __IMPORT_DESCRIPTOR_VCRUNTIME140D 004804e8     vcruntimed:VCRUNTIME140D.dll
 0005:000004fc       __IMPORT_DESCRIPTOR_ucrtbased 004804fc     ucrtd:ucrtbased.dll
 0005:00000510       __NULL_IMPORT_DESCRIPTOR   00480510     allegro-5.0.10-monolith-md-debug:allegro-5.0.10-monolith-md-debug.dll
 0007:00000000       ___guard_check_icall_fptr  00484000     MSVCRTD:guard_support.obj
