 Editor

 Timestamp is 581f9115 (Sun Nov  6 15:22:45 2016)

 Preferred load address is 00400000

 Start         Length     Name                   Class
 0001:00000000 000239a9H .textbss                DATA
 0002:00000000 00004700H .text$di                CODE
 0002:00004700 00045540H .text$mn                CODE
 0002:00049c40 000047d0H .text$x                 CODE
 0002:0004e410 00001106H .text$yd                CODE
 0003:00000000 00000104H .CRT$XCA                DATA
 0003:00000104 00000104H .CRT$XCAA               DATA
 0003:00000208 00000104H .CRT$XCL                DATA
 0003:0000030c 00000130H .CRT$XCU                DATA
 0003:0000043c 00000104H .CRT$XCZ                DATA
 0003:00000540 00000104H .CRT$XIA                DATA
 0003:00000644 00000104H .CRT$XIAA               DATA
 0003:00000748 00000104H .CRT$XIAC               DATA
 0003:0000084c 00000104H .CRT$XIZ                DATA
 0003:00000950 00000104H .CRT$XPA                DATA
 0003:00000a54 00000104H .CRT$XPZ                DATA
 0003:00000b58 00000104H .CRT$XTA                DATA
 0003:00000c5c 00000104H .CRT$XTZ                DATA
 0003:00000d60 00004294H .rdata                  DATA
 0003:00004ff4 0000077cH .rdata$r                DATA
 0003:00005770 000001a4H .rdata$zzzdbg           DATA
 0003:00005914 00000104H .rtc$IAA                DATA
 0003:00005a18 00000144H .rtc$IMZ                DATA
 0003:00005b5c 00000104H .rtc$IZZ                DATA
 0003:00005c60 00000104H .rtc$TAA                DATA
 0003:00005d64 00000144H .rtc$TMZ                DATA
 0003:00005ea8 00000108H .rtc$TZZ                DATA
 0003:00005fb0 0000384aH .xdata$x                DATA
 0003:000097fa 00000000H .edata                  DATA
 0004:00000000 000001a0H .data                   DATA
 0004:000001a0 00000448H .data$r                 DATA
 0004:000005e8 00000514H .bss                    DATA
 0005:00000000 000004a0H .idata$5                DATA
 0005:000004a0 00000064H .idata$2                DATA
 0005:00000504 00000014H .idata$3                DATA
 0005:00000518 000004a0H .idata$4                DATA
 0005:000009b8 00001c0bH .idata$6                DATA
 0006:00000000 00000176H .gfids$y                DATA
 0007:00000000 00000104H .00cfg                  DATA
 0008:00000000 00000170H .rsrc$01                DATA
 0008:00000170 000002ccH .rsrc$02                DATA

  Address         Publics by Value              Rva+Base       Lib:Object

 0000:00000000       ___guard_fids_table        00000000     <absolute>
 0000:00000000       ___safe_se_handler_table   00000000     <absolute>
 0000:00000000       ___dynamic_value_reloc_table 00000000     <absolute>
 0000:00000000       ___guard_longjmp_table     00000000     <absolute>
 0000:00000000       ___guard_iat_count         00000000     <absolute>
 0000:00000000       ___guard_longjmp_count     00000000     <absolute>
 0000:00000000       ___guard_iat_table         00000000     <absolute>
 0000:00000000       ___safe_se_handler_count   00000000     <absolute>
 0000:00000000       ___guard_fids_count        00000000     <absolute>
 0000:00000100       ___guard_flags             00000100     <absolute>
 0000:00000000       ___ImageBase               00400000     <linker-defined>
 0001:00000000       __enc$textbss$begin        00401000     <linker-defined>
 0001:000239a9       __enc$textbss$end          004249a9     <linker-defined>
 0002:00004700       ??$?0$$V@?$_Compressed_pair@U?$_Wrap_alloc@V?$allocator@D@std@@@std@@V?$_String_val@U?$_Simple_types@D@std@@@2@$00@std@@QAE@U_Zero_then_variadic_args_t@1@@Z 00429700 f i Editor.obj
 0002:00004760       ??$?0AAU?$_Wrap_alloc@V?$allocator@D@std@@@std@@@?$_Wrap_alloc@V?$allocator@U_Container_proxy@std@@@std@@@std@@QAE@AAU?$_Wrap_alloc@V?$allocator@D@std@@@1@@Z 00429760 f i Editor.obj
 0002:000047d0       ??$?0D@?$allocator@U_Container_proxy@std@@@std@@QAE@ABV?$allocator@D@1@@Z 004297d0 f i Editor.obj
 0002:00004810       ??$_Debug_pointer@$$CBD@std@@YAXPBDPB_WI@Z 00429810 f i Editor.obj
 0002:00004880       ??$_Debug_pointer_if@$$CBD@std@@YAX_NPBDPB_WI@Z 00429880 f i Editor.obj
 0002:00004900       ??$_Unfancy@D@std@@YAPADPAD@Z 00429900 f i Editor.obj
 0002:00004940       ??$_Unfancy@U_Container_proxy@std@@@std@@YAPAU_Container_proxy@0@PAU10@@Z 00429940 f i Editor.obj
 0002:00004980       ??$addressof@PAD@std@@YAPAPADAAPAD@Z 00429980 f i Editor.obj
 0002:000049c0       ??$addressof@U_Container_proxy@std@@@std@@YAPAU_Container_proxy@0@AAU10@@Z 004299c0 f i Editor.obj
 0002:00004a00       ??$construct@PADAAPAD@?$_Wrap_alloc@V?$allocator@D@std@@@std@@QAEXPAPADAAPAD@Z 00429a00 f i Editor.obj
 0002:00004a70       ??$construct@PADAAPAD@?$allocator@D@std@@QAEXPAPADAAPAD@Z 00429a70 f i Editor.obj
 0002:00004b20       ??$construct@PADAAPAD@?$allocator_traits@V?$allocator@D@std@@@std@@SAXAAV?$allocator@D@1@PAPADAAPAD@Z 00429b20 f i Editor.obj
 0002:00004b80       ??$construct@U_Container_proxy@std@@U12@@?$_Wrap_alloc@V?$allocator@U_Container_proxy@std@@@std@@@std@@QAEXPAU_Container_proxy@1@$$QAU21@@Z 00429b80 f i Editor.obj
 0002:00004bf0       ??$construct@U_Container_proxy@std@@U12@@?$allocator@U_Container_proxy@std@@@std@@QAEXPAU_Container_proxy@1@$$QAU21@@Z 00429bf0 f i Editor.obj
 0002:00004ca0       ??$construct@U_Container_proxy@std@@U12@@?$allocator_traits@V?$allocator@U_Container_proxy@std@@@std@@@std@@SAXAAV?$allocator@U_Container_proxy@std@@@1@PAU_Container_proxy@1@$$QAU31@@Z 00429ca0 f i Editor.obj
 0002:00004d00       ??$destroy@PAD@?$_Wrap_alloc@V?$allocator@D@std@@@std@@QAEXPAPAD@Z 00429d00 f i Editor.obj
 0002:00004d60       ??$destroy@PAD@?$allocator@D@std@@QAEXPAPAD@Z 00429d60 f i Editor.obj
 0002:00004da0       ??$destroy@PAD@?$allocator_traits@V?$allocator@D@std@@@std@@SAXAAV?$allocator@D@1@PAPAD@Z 00429da0 f i Editor.obj
 0002:00004df0       ??$destroy@U_Container_proxy@std@@@?$_Wrap_alloc@V?$allocator@U_Container_proxy@std@@@std@@@std@@QAEXPAU_Container_proxy@1@@Z 00429df0 f i Editor.obj
 0002:00004e50       ??$destroy@U_Container_proxy@std@@@?$allocator@U_Container_proxy@std@@@std@@QAEXPAU_Container_proxy@1@@Z 00429e50 f i Editor.obj
 0002:00004e90       ??$destroy@U_Container_proxy@std@@@?$allocator_traits@V?$allocator@U_Container_proxy@std@@@std@@@std@@SAXAAV?$allocator@U_Container_proxy@std@@@1@PAU_Container_proxy@1@@Z 00429e90 f i Editor.obj
 0002:00004ee0       ??$forward@AAPAD@std@@YAAAPADAAPAD@Z 00429ee0 f i Editor.obj
 0002:00004f20       ??$forward@AAU?$_Wrap_alloc@V?$allocator@D@std@@@std@@@std@@YAAAU?$_Wrap_alloc@V?$allocator@D@std@@@0@AAU10@@Z 00429f20 f i Editor.obj
 0002:00004f60       ??$forward@U_Container_proxy@std@@@std@@YA$$QAU_Container_proxy@0@AAU10@@Z 00429f60 f i Editor.obj
 0002:00004fa0       ??0?$_String_alloc@U?$_String_base_types@DV?$allocator@D@std@@@std@@@std@@QAE@XZ 00429fa0 f i Editor.obj
 0002:00005050       ??0?$_String_val@U?$_Simple_types@D@std@@@std@@QAE@XZ 0042a050 f i Editor.obj
 0002:00005110       ??0?$_Wrap_alloc@V?$allocator@D@std@@@std@@QAE@XZ 0042a110 f i Editor.obj
 0002:00005170       ??0?$allocator@D@std@@QAE@XZ 0042a170 f i Editor.obj
 0002:000051b0       ??0?$basic_string@DU?$char_traits@D@std@@V?$allocator@D@2@@std@@QAE@PBD@Z 0042a1b0 f i Editor.obj
 0002:00005270       ??0Editor@@QAE@XZ          0042a270 f   Editor.obj
 0002:000052f0       ??0_Bxty@?$_String_val@U?$_Simple_types@D@std@@@std@@QAE@XZ 0042a2f0 f i Editor.obj
 0002:00005330       ??0_Container_base12@std@@QAE@XZ 0042a330 f i Editor.obj
 0002:00005380       ??0_Container_proxy@std@@QAE@XZ 0042a380 f i Editor.obj
 0002:000053d0       ??1?$_Compressed_pair@U?$_Wrap_alloc@V?$allocator@D@std@@@std@@V?$_String_val@U?$_Simple_types@D@std@@@2@$00@std@@QAE@XZ 0042a3d0 f i Editor.obj
 0002:00005420       ??1?$_String_alloc@U?$_String_base_types@DV?$allocator@D@std@@@std@@@std@@QAE@XZ 0042a420 f i Editor.obj
 0002:000054b0       ??1?$_String_val@U?$_Simple_types@D@std@@@std@@QAE@XZ 0042a4b0 f i Editor.obj
 0002:00005510       ??1?$basic_string@DU?$char_traits@D@std@@V?$allocator@D@2@@std@@QAE@XZ 0042a510 f i Editor.obj
 0002:000055b0       ??1Editor@@UAE@XZ          0042a5b0 f   Editor.obj
 0002:00005650       ??1_Bxty@?$_String_val@U?$_Simple_types@D@std@@@std@@QAE@XZ 0042a650 f i Editor.obj
 0002:00005690       ??1_Container_base12@std@@QAE@XZ 0042a690 f i Editor.obj
 0002:00005720       ??2@YAPAXIPAX@Z            0042a720 f i Editor.obj
 0002:00005760       ??_EEditor@@UAEPAXI@Z      0042a760 f i Editor.obj
 0002:00005760       ??_GEditor@@UAEPAXI@Z      0042a760 f i Editor.obj
 0002:000057f0       ??_GGrid@@QAEPAXI@Z        0042a7f0 f i Editor.obj
 0002:00005880       ??_GGridVisualizer@@QAEPAXI@Z 0042a880 f i Editor.obj
 0002:00005910       ?_Alloc_proxy@?$_String_alloc@U?$_String_base_types@DV?$allocator@D@std@@@std@@@std@@QAEXXZ 0042a910 f i Editor.obj
 0002:00005a10       ?_Allocate@std@@YAPAXII_N@Z 0042aa10 f i Editor.obj
 0002:00005c70       ?_Bx@?$_String_alloc@U?$_String_base_types@DV?$allocator@D@std@@@std@@@std@@QAEAAT_Bxty@?$_String_val@U?$_Simple_types@D@std@@@2@XZ 0042ac70 f i Editor.obj
 0002:00005cd0       ?_Check_offset@?$basic_string@DU?$char_traits@D@std@@V?$allocator@D@2@@std@@QBEXI@Z 0042acd0 f i Editor.obj
 0002:00005d40       ?_Clamp_suffix_size@?$basic_string@DU?$char_traits@D@std@@V?$allocator@D@2@@std@@QBEIII@Z 0042ad40 f i Editor.obj
 0002:00005dc0       ?_Copy@?$basic_string@DU?$char_traits@D@std@@V?$allocator@D@2@@std@@QAEXII@Z 0042adc0 f i Editor.obj
 0002:00006080       ?_Deallocate@std@@YAXPAXII@Z 0042b080 f i Editor.obj
 0002:000064a0       ?_Eos@?$basic_string@DU?$char_traits@D@std@@V?$allocator@D@2@@std@@QAEXI@Z 0042b4a0 f i Editor.obj
 0002:00006530       ?_Free_proxy@?$_String_alloc@U?$_String_base_types@DV?$allocator@D@std@@@std@@@std@@QAEXXZ 0042b530 f i Editor.obj
 0002:00006620       ?_Get_data@?$_String_alloc@U?$_String_base_types@DV?$allocator@D@std@@@std@@@std@@QAEAAV?$_String_val@U?$_Simple_types@D@std@@@2@XZ 0042b620 f i Editor.obj
 0002:00006670       ?_Get_data@?$_String_alloc@U?$_String_base_types@DV?$allocator@D@std@@@std@@@std@@QBEABV?$_String_val@U?$_Simple_types@D@std@@@2@XZ 0042b670 f i Editor.obj
 0002:000066c0       ?_Get_first@?$_Compressed_pair@U?$_Wrap_alloc@V?$allocator@D@std@@@std@@V?$_String_val@U?$_Simple_types@D@std@@@2@$00@std@@QAEAAU?$_Wrap_alloc@V?$allocator@D@std@@@2@XZ 0042b6c0 f i Editor.obj
 0002:00006700       ?_Get_first@?$_Compressed_pair@U?$_Wrap_alloc@V?$allocator@D@std@@@std@@V?$_String_val@U?$_Simple_types@D@std@@@2@$00@std@@QBEABU?$_Wrap_alloc@V?$allocator@D@std@@@2@XZ 0042b700 f i Editor.obj
 0002:00006740       ?_Get_second@?$_Compressed_pair@U?$_Wrap_alloc@V?$allocator@D@std@@@std@@V?$_String_val@U?$_Simple_types@D@std@@@2@$00@std@@QAEAAV?$_String_val@U?$_Simple_types@D@std@@@2@XZ 0042b740 f i Editor.obj
 0002:00006780       ?_Get_second@?$_Compressed_pair@U?$_Wrap_alloc@V?$allocator@D@std@@@std@@V?$_String_val@U?$_Simple_types@D@std@@@2@$00@std@@QBEABV?$_String_val@U?$_Simple_types@D@std@@@2@XZ 0042b780 f i Editor.obj
 0002:000067c0       ?_Getal@?$_String_alloc@U?$_String_base_types@DV?$allocator@D@std@@@std@@@std@@QAEAAU?$_Wrap_alloc@V?$allocator@D@std@@@2@XZ 0042b7c0 f i Editor.obj
 0002:00006810       ?_Getal@?$_String_alloc@U?$_String_base_types@DV?$allocator@D@std@@@std@@@std@@QBEABU?$_Wrap_alloc@V?$allocator@D@std@@@2@XZ 0042b810 f i Editor.obj
 0002:00006860       ?_Grow@?$basic_string@DU?$char_traits@D@std@@V?$allocator@D@2@@std@@QAE_NI_N@Z 0042b860 f i Editor.obj
 0002:00006990       ?_Inside@?$basic_string@DU?$char_traits@D@std@@V?$allocator@D@2@@std@@QAE_NPBD@Z 0042b990 f i Editor.obj
 0002:00006a20       ?_Myproxy@?$_String_alloc@U?$_String_base_types@DV?$allocator@D@std@@@std@@@std@@QAEAAPAU_Container_proxy@2@XZ 0042ba20 f i Editor.obj
 0002:00006a70       ?_Myptr@?$_String_alloc@U?$_String_base_types@DV?$allocator@D@std@@@std@@@std@@QAEPADXZ 0042ba70 f i Editor.obj
 0002:00006ad0       ?_Myptr@?$_String_alloc@U?$_String_base_types@DV?$allocator@D@std@@@std@@@std@@QBEPBDXZ 0042bad0 f i Editor.obj
 0002:00006b30       ?_Myptr@?$_String_val@U?$_Simple_types@D@std@@@std@@QAEPADXZ 0042bb30 f i Editor.obj
 0002:00006bc0       ?_Myptr@?$_String_val@U?$_Simple_types@D@std@@@std@@QBEPBDXZ 0042bbc0 f i Editor.obj
 0002:00006c50       ?_Myres@?$_String_alloc@U?$_String_base_types@DV?$allocator@D@std@@@std@@@std@@QAEAAIXZ 0042bc50 f i Editor.obj
 0002:00006cb0       ?_Mysize@?$_String_alloc@U?$_String_base_types@DV?$allocator@D@std@@@std@@@std@@QAEAAIXZ 0042bcb0 f i Editor.obj
 0002:00006d10       ?_Mysize@?$_String_alloc@U?$_String_base_types@DV?$allocator@D@std@@@std@@@std@@QBEABIXZ 0042bd10 f i Editor.obj
 0002:00006d70       ?_Orphan_all@?$_String_alloc@U?$_String_base_types@DV?$allocator@D@std@@@std@@@std@@QAEXXZ 0042bd70 f i Editor.obj
 0002:00006dd0       ?_Orphan_all@_Container_base12@std@@QAEXXZ 0042bdd0 f i Editor.obj
 0002:00006ee0       ?_Tidy@?$basic_string@DU?$char_traits@D@std@@V?$allocator@D@2@@std@@QAEX_NI@Z 0042bee0 f i Editor.obj
 0002:00007000       ?_Xlen@?$basic_string@DU?$char_traits@D@std@@V?$allocator@D@2@@std@@QBEXXZ 0042c000 f i Editor.obj
 0002:00007060       ?_Xran@?$basic_string@DU?$char_traits@D@std@@V?$allocator@D@2@@std@@QBEXXZ 0042c060 f i Editor.obj
 0002:000070c0       ?__empty_global_delete@@YAXPAX@Z 0042c0c0 f i Editor.obj
 0002:000070f0       ?__global_delete@@YAXPAXI@Z 0042c0f0 f i Editor.obj
 0002:000070f0       ?__empty_global_delete@@YAXPAXI@Z 0042c0f0 f i Editor.obj
 0002:00007120       ?address@?$_Wrap_alloc@V?$allocator@U_Container_proxy@std@@@std@@@std@@QBEPAU_Container_proxy@2@AAU32@@Z 0042c120 f i Editor.obj
 0002:00007180       ?allocate@?$_Wrap_alloc@V?$allocator@D@std@@@std@@QAEPADI@Z 0042c180 f i Editor.obj
 0002:000071e0       ?allocate@?$_Wrap_alloc@V?$allocator@U_Container_proxy@std@@@std@@@std@@QAEPAU_Container_proxy@2@I@Z 0042c1e0 f i Editor.obj
 0002:00007240       ?allocate@?$allocator@D@std@@QAEPADI@Z 0042c240 f i Editor.obj
 0002:000072a0       ?allocate@?$allocator@U_Container_proxy@std@@@std@@QAEPAU_Container_proxy@2@I@Z 0042c2a0 f i Editor.obj
 0002:00007300       ?assign@?$basic_string@DU?$char_traits@D@std@@V?$allocator@D@2@@std@@QAEAAV12@ABV12@II@Z 0042c300 f i Editor.obj
 0002:00007400       ?assign@?$basic_string@DU?$char_traits@D@std@@V?$allocator@D@2@@std@@QAEAAV12@PBD@Z 0042c400 f i Editor.obj
 0002:00007490       ?assign@?$basic_string@DU?$char_traits@D@std@@V?$allocator@D@2@@std@@QAEAAV12@PBDI@Z 0042c490 f i Editor.obj
 0002:000075b0       ?assign@?$char_traits@D@std@@SAXAADABD@Z 0042c5b0 f i Editor.obj
 0002:000075f0       ?beginLoop@Editor@@UAEXXZ  0042c5f0 f   Editor.obj
 0002:00007640       ?cleanup@Editor@@UAEXXZ    0042c640 f   Editor.obj
 0002:00007740       ?copy@?$char_traits@D@std@@SAPADPADPBDI@Z 0042c740 f i Editor.obj
 0002:000077c0       ?deallocate@?$_Wrap_alloc@V?$allocator@D@std@@@std@@QAEXPADI@Z 0042c7c0 f i Editor.obj
 0002:00007820       ?deallocate@?$_Wrap_alloc@V?$allocator@U_Container_proxy@std@@@std@@@std@@QAEXPAU_Container_proxy@2@I@Z 0042c820 f i Editor.obj
 0002:00007880       ?deallocate@?$allocator@D@std@@QAEXPADI@Z 0042c880 f i Editor.obj
 0002:000078e0       ?deallocate@?$allocator@U_Container_proxy@std@@@std@@QAEXPAU_Container_proxy@2@I@Z 0042c8e0 f i Editor.obj
 0002:00007940       ?endLoop@Editor@@UAE_NXZ   0042c940 f   Editor.obj
 0002:00007990       ?erase@?$basic_string@DU?$char_traits@D@std@@V?$allocator@D@2@@std@@QAEAAV12@I@Z 0042c990 f i Editor.obj
 0002:00007a00       ?erase@?$basic_string@DU?$char_traits@D@std@@V?$allocator@D@2@@std@@QAEAAV12@II@Z 0042ca00 f i Editor.obj
 0002:00007ae0       ?getBackBuffer@GraphicsSystem@@QAEPAVGraphicsBuffer@@XZ 0042cae0 f i Editor.obj
 0002:00007b20       ?getHeight@GraphicsBuffer@@QBEHXZ 0042cb20 f i Editor.obj
 0002:00007b90       ?getHeight@GraphicsSystem@@QBEHXZ 0042cb90 f i Editor.obj
 0002:00007bd0       ?getWidth@GraphicsBuffer@@QBEHXZ 0042cbd0 f i Editor.obj
 0002:00007c40       ?getWidth@GraphicsSystem@@QBEHXZ 0042cc40 f i Editor.obj
 0002:00007c80       ?init@Editor@@UAE_NXZ      0042cc80 f   Editor.obj
 0002:00007f20       ?length@?$char_traits@D@std@@SAIPBD@Z 0042cf20 f i Editor.obj
 0002:00007fa0       ?loadGrid@Editor@@QAEXAAV?$basic_ifstream@DU?$char_traits@D@std@@@std@@@Z 0042cfa0 f   Editor.obj
 0002:00008000       ?max_size@?$_Wrap_alloc@V?$allocator@D@std@@@std@@QBEIU_Nil@2@@Z 0042d000 f i Editor.obj
 0002:00008060       ?max_size@?$allocator@D@std@@QBEIXZ 0042d060 f i Editor.obj
 0002:000080a0       ?max_size@?$allocator_traits@V?$allocator@D@std@@@std@@SAIABV?$allocator@D@2@@Z 0042d0a0 f i Editor.obj
 0002:000080f0       ?max_size@?$basic_string@DU?$char_traits@D@std@@V?$allocator@D@2@@std@@QBEIXZ 0042d0f0 f i Editor.obj
 0002:00008190       ?move@?$char_traits@D@std@@SAPADPADPBDI@Z 0042d190 f i Editor.obj
 0002:00008220       ?pointer_to@?$pointer_traits@PAU_Container_proxy@std@@@std@@SAPAU_Container_proxy@2@AAU32@@Z 0042d220 f i Editor.obj
 0002:00008270       ?processLoop@Editor@@UAEXXZ 0042d270 f   Editor.obj
 0002:000083f0       ?saveGrid@Editor@@QAEXAAV?$basic_ofstream@DU?$char_traits@D@std@@@std@@@Z 0042d3f0 f   Editor.obj
 0002:00008450       ?setModified@GridVisualizer@@QAEXXZ 0042d450 f i Editor.obj
 0002:00008490       ??$?6U?$char_traits@D@std@@@std@@YAAAV?$basic_ostream@DU?$char_traits@D@std@@@0@AAV10@PBD@Z 0042d490 f i main.obj
 0002:00008a50       ??$_Fgetc@D@std@@YA_NAADPAU_iobuf@@@Z 0042da50 f i main.obj
 0002:00008ad0       ??$_Fputc@D@std@@YA_NDPAU_iobuf@@@Z 0042dad0 f i main.obj
 0002:00008b60       ??$_Unfancy@$$CBD@std@@YAPBDPBD@Z 0042db60 f i main.obj
 0002:00008ba0       ??$_Ungetc@D@std@@YA_NABDPAU_iobuf@@@Z 0042dba0 f i main.obj
 0002:00008c30       ??$addressof@D@std@@YAPADAAD@Z 0042dc30 f i main.obj
 0002:00008c70       ??$use_facet@V?$codecvt@DDU_Mbstatet@@@std@@@std@@YAABV?$codecvt@DDU_Mbstatet@@@0@ABVlocale@0@@Z 0042dc70 f i main.obj
 0002:00008e70       ??0?$_Iterator012@Urandom_access_iterator_tag@std@@DHPBDABDU_Iterator_base12@2@@std@@QAE@XZ 0042de70 f i main.obj
 0002:00008ed0       ??0?$_String_const_iterator@V?$_String_val@U?$_Simple_types@D@std@@@std@@@std@@QAE@PBDPBU_Container_base12@1@@Z 0042ded0 f i main.obj
 0002:00008f90       ??0?$_String_iterator@V?$_String_val@U?$_Simple_types@D@std@@@std@@@std@@QAE@PADPBU_Container_base12@1@@Z 0042df90 f i main.obj
 0002:00008ff0       ??0?$basic_filebuf@DU?$char_traits@D@std@@@std@@QAE@PAU_iobuf@@@Z 0042dff0 f i main.obj
 0002:000090c0       ??0?$basic_ifstream@DU?$char_traits@D@std@@@std@@QAE@ABV?$basic_string@DU?$char_traits@D@std@@V?$allocator@D@2@@1@HH@Z 0042e0c0 f i main.obj
 0002:00009270       ??0?$basic_ofstream@DU?$char_traits@D@std@@@std@@QAE@ABV?$basic_string@DU?$char_traits@D@std@@V?$allocator@D@2@@1@HH@Z 0042e270 f i main.obj
 0002:00009420       ??0?$basic_string@DU?$char_traits@D@std@@V?$allocator@D@2@@std@@QAE@ID@Z 0042e420 f i main.obj
 0002:000094e0       ??0?$basic_string@DU?$char_traits@D@std@@V?$allocator@D@2@@std@@QAE@XZ 0042e4e0 f i main.obj
 0002:00009580       ??0?$fpos@U_Mbstatet@@@std@@QAE@U_Mbstatet@@_J@Z 0042e580 f i main.obj
 0002:00009600       ??0?$fpos@U_Mbstatet@@@std@@QAE@_J@Z 0042e600 f i main.obj
 0002:00009680       ??0_Iterator_base12@std@@QAE@XZ 0042e680 f i main.obj
 0002:000096d0       ??0_Sentry_base@?$basic_ostream@DU?$char_traits@D@std@@@std@@QAE@AAV12@@Z 0042e6d0 f i main.obj
 0002:000097c0       ??0bad_cast@std@@QAE@ABV01@@Z 0042e7c0 f i main.obj
 0002:00009830       ??0bad_cast@std@@QAE@XZ    0042e830 f i main.obj
 0002:000098a0       ??0exception@std@@QAE@ABV01@@Z 0042e8a0 f i main.obj
 0002:00009930       ??0exception@std@@QAE@QBDH@Z 0042e930 f i main.obj
 0002:000099a0       ??0sentry@?$basic_ostream@DU?$char_traits@D@std@@@std@@QAE@AAV12@@Z 0042e9a0 f i main.obj
 0002:00009b20       ??1?$_Iterator012@Urandom_access_iterator_tag@std@@DHPBDABDU_Iterator_base12@2@@std@@QAE@XZ 0042eb20 f i main.obj
 0002:00009b70       ??1?$_String_const_iterator@V?$_String_val@U?$_Simple_types@D@std@@@std@@@std@@QAE@XZ 0042eb70 f i main.obj
 0002:00009bc0       ??1?$_String_iterator@V?$_String_val@U?$_Simple_types@D@std@@@std@@@std@@QAE@XZ 0042ebc0 f i main.obj
 0002:00009c10       ??1?$basic_filebuf@DU?$char_traits@D@std@@@std@@UAE@XZ 0042ec10 f i main.obj
 0002:00009ce0       ??1?$basic_ifstream@DU?$char_traits@D@std@@@std@@UAE@XZ 0042ece0 f i main.obj
 0002:00009d90       ??1?$basic_ofstream@DU?$char_traits@D@std@@@std@@UAE@XZ 0042ed90 f i main.obj
 0002:00009e40       ??1_Iterator_base12@std@@QAE@XZ 0042ee40 f i main.obj
 0002:00009f30       ??1_Sentry_base@?$basic_ostream@DU?$char_traits@D@std@@@std@@QAE@XZ 0042ef30 f i main.obj
 0002:0000a050       ??1bad_cast@std@@UAE@XZ    0042f050 f i main.obj
 0002:0000a0a0       ??1exception@std@@UAE@XZ   0042f0a0 f i main.obj
 0002:0000a110       ??1locale@std@@QAE@XZ      0042f110 f i main.obj
 0002:0000a220       ??1sentry@?$basic_ostream@DU?$char_traits@D@std@@@std@@QAE@XZ 0042f220 f i main.obj
 0002:0000a2e0       ??B?$fpos@U_Mbstatet@@@std@@QBE_JXZ 0042f2e0 f i main.obj
 0002:0000a330       ??Bsentry@?$basic_ostream@DU?$char_traits@D@std@@@std@@QBE_NXZ 0042f330 f i main.obj
 0002:0000a370       ??D?$_String_const_iterator@V?$_String_val@U?$_Simple_types@D@std@@@std@@@std@@QBEABDXZ 0042f370 f i main.obj
 0002:0000a4f0       ??D?$_String_iterator@V?$_String_val@U?$_Simple_types@D@std@@@std@@@std@@QBEAADXZ 0042f4f0 f i main.obj
 0002:0000a540       ??_D?$basic_ifstream@DU?$char_traits@D@std@@@std@@QAEXXZ 0042f540 f i main.obj
 0002:0000a5b0       ??_D?$basic_ofstream@DU?$char_traits@D@std@@@std@@QAEXXZ 0042f5b0 f i main.obj
 0002:0000a61c       ??_E?$basic_ifstream@DU?$char_traits@D@std@@@std@@$4PPPPPPPM@A@AEPAXI@Z 0042f61c f i main.obj
 0002:0000a626       ??_E?$basic_ofstream@DU?$char_traits@D@std@@@std@@$4PPPPPPPM@A@AEPAXI@Z 0042f626 f i main.obj
 0002:0000a630       ??_E?$basic_filebuf@DU?$char_traits@D@std@@@std@@UAEPAXI@Z 0042f630 f i main.obj
 0002:0000a630       ??_G?$basic_filebuf@DU?$char_traits@D@std@@@std@@UAEPAXI@Z 0042f630 f i main.obj
 0002:0000a6a0       ??_E?$basic_ifstream@DU?$char_traits@D@std@@@std@@UAEPAXI@Z 0042f6a0 f i main.obj
 0002:0000a6a0       ??_G?$basic_ifstream@DU?$char_traits@D@std@@@std@@UAEPAXI@Z 0042f6a0 f i main.obj
 0002:0000a720       ??_E?$basic_ofstream@DU?$char_traits@D@std@@@std@@UAEPAXI@Z 0042f720 f i main.obj
 0002:0000a720       ??_G?$basic_ofstream@DU?$char_traits@D@std@@@std@@UAEPAXI@Z 0042f720 f i main.obj
 0002:0000a7a0       ??_Gbad_cast@std@@UAEPAXI@Z 0042f7a0 f i main.obj
 0002:0000a7a0       ??_Ebad_cast@std@@UAEPAXI@Z 0042f7a0 f i main.obj
 0002:0000a810       ??_Gexception@std@@UAEPAXI@Z 0042f810 f i main.obj
 0002:0000a810       ??_Eexception@std@@UAEPAXI@Z 0042f810 f i main.obj
 0002:0000a880       ?_Adopt@_Iterator_base12@std@@QAEXPBU_Container_base12@2@@Z 0042f880 f i main.obj
 0002:0000aa30       ?_Chassign@?$basic_string@DU?$char_traits@D@std@@V?$allocator@D@2@@std@@QAEXIID@Z 0042fa30 f i main.obj
 0002:0000aad0       ?_Endwrite@?$basic_filebuf@DU?$char_traits@D@std@@@std@@IAE_NXZ 0042fad0 f i main.obj
 0002:0000afb0       ?_Getcont@_Iterator_base12@std@@QBEPBU_Container_base12@2@XZ 0042ffb0 f i main.obj
 0002:0000b020       ?_Getfacet@locale@std@@QBEPBVfacet@12@I@Z 00430020 f i main.obj
 0002:0000b120       ?_Init@?$basic_filebuf@DU?$char_traits@D@std@@@std@@IAEXPAU_iobuf@@W4_Initfl@12@@Z 00430120 f i main.obj
 0002:0000b2e0       ?_Initcvt@?$basic_filebuf@DU?$char_traits@D@std@@@std@@IAEXPBV?$codecvt@DDU_Mbstatet@@@2@@Z 004302e0 f i main.obj
 0002:0000b380       ?_Lock@?$basic_filebuf@DU?$char_traits@D@std@@@std@@UAEXXZ 00430380 f i main.obj
 0002:0000b3f0       ?_Orphan_me@_Iterator_base12@std@@QAEXXZ 004303f0 f i main.obj
 0002:0000b4c0       ?_Reset_back@?$basic_filebuf@DU?$char_traits@D@std@@@std@@AAEXXZ 004304c0 f i main.obj
 0002:0000b560       ?_Set_back@?$basic_filebuf@DU?$char_traits@D@std@@@std@@AAEXXZ 00430560 f i main.obj
 0002:0000b640       ?_Unlock@?$basic_filebuf@DU?$char_traits@D@std@@@std@@UAEXXZ 00430640 f i main.obj
 0002:0000b6b0       ?address@?$_Wrap_alloc@V?$allocator@D@std@@@std@@QBEPADAAD@Z 004306b0 f i main.obj
 0002:0000b710       ?append@?$basic_string@DU?$char_traits@D@std@@V?$allocator@D@2@@std@@QAEAAV12@ID@Z 00430710 f i main.obj
 0002:0000b7f0       ?assign@?$basic_string@DU?$char_traits@D@std@@V?$allocator@D@2@@std@@QAEAAV12@ID@Z 004307f0 f i main.obj
 0002:0000b8a0       ?assign@?$char_traits@D@std@@SAPADPADID@Z 004308a0 f i main.obj
 0002:0000b900       ?begin@?$basic_string@DU?$char_traits@D@std@@V?$allocator@D@2@@std@@QAE?AV?$_String_iterator@V?$_String_val@U?$_Simple_types@D@std@@@std@@@2@XZ 00430900 f i main.obj
 0002:0000b9c0       ?c_str@?$basic_string@DU?$char_traits@D@std@@V?$allocator@D@2@@std@@QBEPBDXZ 004309c0 f i main.obj
 0002:0000ba50       ?close@?$basic_filebuf@DU?$char_traits@D@std@@@std@@QAEPAV12@XZ 00430a50 f i main.obj
 0002:0000bb10       ?close@?$basic_ifstream@DU?$char_traits@D@std@@@std@@QAEXXZ 00430b10 f i main.obj
 0002:0000bb90       ?close@?$basic_ofstream@DU?$char_traits@D@std@@@std@@QAEXXZ 00430b90 f i main.obj
 0002:0000bc10       ?eof@?$char_traits@D@std@@SAHXZ 00430c10 f i main.obj
 0002:0000bc50       ?eq_int_type@?$char_traits@D@std@@SA_NABH0@Z 00430c50 f i main.obj
 0002:0000bcb0       ?getGridVisualizer@Editor@@QAEPAVGridVisualizer@@XZ 00430cb0 f i main.obj
 0002:0000bcf0       ?imbue@?$basic_filebuf@DU?$char_traits@D@std@@@std@@MAEXABVlocale@2@@Z 00430cf0 f i main.obj
 0002:0000bd60       ?markForExit@Game@@QAEXXZ  00430d60 f i main.obj
 0002:0000bda0       ?not_eof@?$char_traits@D@std@@SAHABH@Z 00430da0 f i main.obj
 0002:0000be40       ?open@?$basic_filebuf@DU?$char_traits@D@std@@@std@@QAEPAV12@PBDHH@Z 00430e40 f i main.obj
 0002:0000bf90       ?overflow@?$basic_filebuf@DU?$char_traits@D@std@@@std@@MAEHH@Z 00430f90 f i main.obj
 0002:0000c620       ?pbackfail@?$basic_filebuf@DU?$char_traits@D@std@@@std@@MAEHH@Z 00431620 f i main.obj
 0002:0000c870       ?pointer_to@?$pointer_traits@PAD@std@@SAPADAAD@Z 00431870 f i main.obj
 0002:0000c8c0       ?seekoff@?$basic_filebuf@DU?$char_traits@D@std@@@std@@MAE?AV?$fpos@U_Mbstatet@@@2@_JHH@Z 004318c0 f i main.obj
 0002:0000ca70       ?seekpos@?$basic_filebuf@DU?$char_traits@D@std@@@std@@MAE?AV?$fpos@U_Mbstatet@@@2@V32@H@Z 00431a70 f i main.obj
 0002:0000cc50       ?seekpos@?$fpos@U_Mbstatet@@@std@@QBE_JXZ 00431c50 f i main.obj
 0002:0000cc90       ?setbuf@?$basic_filebuf@DU?$char_traits@D@std@@@std@@MAEPAV?$basic_streambuf@DU?$char_traits@D@std@@@2@PAD_J@Z 00431c90 f i main.obj
 0002:0000cd70       ?size@?$basic_string@DU?$char_traits@D@std@@V?$allocator@D@2@@std@@QBEIXZ 00431d70 f i main.obj
 0002:0000cdd0       ?state@?$fpos@U_Mbstatet@@@std@@QBE?AU_Mbstatet@@XZ 00431dd0 f i main.obj
 0002:0000ce20       ?sync@?$basic_filebuf@DU?$char_traits@D@std@@@std@@MAEHXZ 00431e20 f i main.obj
 0002:0000cf20       ?to_char_type@?$char_traits@D@std@@SADABH@Z 00431f20 f i main.obj
 0002:0000cf60       ?to_int_type@?$char_traits@D@std@@SAHABD@Z 00431f60 f i main.obj
 0002:0000cfa0       ?uflow@?$basic_filebuf@DU?$char_traits@D@std@@@std@@MAEHXZ 00431fa0 f i main.obj
 0002:0000d5c0       ?underflow@?$basic_filebuf@DU?$char_traits@D@std@@@std@@MAEHXZ 004325c0 f i main.obj
 0002:0000d730       ?what@exception@std@@UBEPBDXZ 00432730 f i main.obj
 0002:0000d7a0       _main                      004327a0 f   main.obj
 0002:0000deb0       ??$__vcrt_va_start_verify_argument_type@QBD@@YAXXZ 00432eb0 f i CommonPathfindingLib:Game.obj
 0002:0000dee0       ??0Game@@QAE@XZ            00432ee0 f   CommonPathfindingLib:Game.obj
 0002:0000df90       ??1Game@@UAE@XZ            00432f90 f   CommonPathfindingLib:Game.obj
 0002:0000e020       ??_GGame@@UAEPAXI@Z        00433020 f i CommonPathfindingLib:Game.obj
 0002:0000e020       ??_EGame@@UAEPAXI@Z        00433020 f i CommonPathfindingLib:Game.obj
 0002:0000e0b0       ??_GGraphicsBufferManager@@QAEPAXI@Z 004330b0 f i CommonPathfindingLib:Game.obj
 0002:0000e140       ??_GGraphicsSystem@@QAEPAXI@Z 00433140 f i CommonPathfindingLib:Game.obj
 0002:0000e1d0       ??_GSpriteManager@@QAEPAXI@Z 004331d0 f i CommonPathfindingLib:Game.obj
 0002:0000e260       ??_GTimer@@QAEPAXI@Z       00433260 f i CommonPathfindingLib:Game.obj
 0002:0000e2f0       ?beginLoop@Game@@UAEXXZ    004332f0 f   CommonPathfindingLib:Game.obj
 0002:0000e3a0       ?cleanup@Game@@UAEXXZ      004333a0 f   CommonPathfindingLib:Game.obj
 0002:0000e640       ?endLoop@Game@@UAE_NXZ     00433640 f   CommonPathfindingLib:Game.obj
 0002:0000e6b0       ?genRandomBinomial@@YAMXZ  004336b0 f   CommonPathfindingLib:Game.obj
 0002:0000e750       ?genRandomFloat@@YAMXZ     00433750 f   CommonPathfindingLib:Game.obj
 0002:0000e7c0       ?init@Game@@UAE_NXZ        004337c0 f   CommonPathfindingLib:Game.obj
 0002:0000ed70       ?lerp@@YAMHHH@Z            00433d70 f   CommonPathfindingLib:Game.obj
 0002:0000ee30       ?mapRotationToRange@@YAMMMM@Z 00433e30 f   CommonPathfindingLib:Game.obj
 0002:0000eee0       ?processLoop@Game@@UAEXXZ  00433ee0 f   CommonPathfindingLib:Game.obj
 0002:0000ef40       ___local_stdio_printf_options 00433f40 f i CommonPathfindingLib:Game.obj
 0002:0000ef80       __vfprintf_l               00433f80 f i CommonPathfindingLib:Game.obj
 0002:0000f000       _fprintf                   00434000 f i CommonPathfindingLib:Game.obj
 0002:0000f080       _printf                    00434080 f i CommonPathfindingLib:Game.obj
 0002:0000f170       ??$?0$$V@?$_Compressed_pair@U?$_Wrap_alloc@V?$allocator@U?$_Tree_node@U?$pair@$$CBHPAVGraphicsBuffer@@@std@@PAX@std@@@std@@@std@@V?$_Tree_val@U?$_Tree_simple_types@U?$pair@$$CBHPAVGraphicsBuffer@@@std@@@std@@@2@$00@std@@QAE@U_Zero_then_variadic_args_t@1@@Z 00434170 f i CommonPathfindingLib:GraphicsBufferManager.obj
 0002:0000f1d0       ??$?0$$V@?$_Compressed_pair@U?$_Wrap_alloc@V?$allocator@U?$_Tree_node@U?$pair@$$CBV?$basic_string@DU?$char_traits@D@std@@V?$allocator@D@2@@std@@H@std@@PAX@std@@@std@@@std@@V?$_Tree_val@U?$_Tree_simple_types@U?$pair@$$CBV?$basic_string@DU?$char_traits@D@std@@V?$allocator@D@2@@std@@H@std@@@std@@@2@$00@std@@QAE@U_Zero_then_variadic_args_t@1@@Z 004341d0 f i CommonPathfindingLib:GraphicsBufferManager.obj
 0002:0000f230       ??$?0AAU?$_Wrap_alloc@V?$allocator@U?$_Tree_node@U?$pair@$$CBHPAVGraphicsBuffer@@@std@@PAX@std@@@std@@@std@@@?$_Wrap_alloc@V?$allocator@U_Container_proxy@std@@@std@@@std@@QAE@AAU?$_Wrap_alloc@V?$allocator@U?$_Tree_node@U?$pair@$$CBHPAVGraphicsBuffer@@@std@@PAX@std@@@std@@@1@@Z 00434230 f i CommonPathfindingLib:GraphicsBufferManager.obj
 0002:0000f2a0       ??$?0AAU?$_Wrap_alloc@V?$allocator@U?$_Tree_node@U?$pair@$$CBV?$basic_string@DU?$char_traits@D@std@@V?$allocator@D@2@@std@@H@std@@PAX@std@@@std@@@std@@@?$_Wrap_alloc@V?$allocator@U_Container_proxy@std@@@std@@@std@@QAE@AAU?$_Wrap_alloc@V?$allocator@U?$_Tree_node@U?$pair@$$CBV?$basic_string@DU?$char_traits@D@std@@V?$allocator@D@2@@std@@H@std@@PAX@std@@@std@@@1@@Z 004342a0 f i CommonPathfindingLib:GraphicsBufferManager.obj
 0002:0000f310       ??$?0AAV?$_Tree_iterator@V?$_Tree_val@U?$_Tree_simple_types@U?$pair@$$CBHPAVGraphicsBuffer@@@std@@@std@@@std@@@std@@_NX$0A@@?$pair@V?$_Tree_iterator@V?$_Tree_val@U?$_Tree_simple_types@U?$pair@$$CBHPAVGraphicsBuffer@@@std@@@std@@@std@@@std@@_N@std@@QAE@AAV?$_Tree_iterator@V?$_Tree_val@U?$_Tree_simple_types@U?$pair@$$CBHPAVGraphicsBuffer@@@std@@@std@@@std@@@1@$$QA_N@Z 00434310 f i CommonPathfindingLib:GraphicsBufferManager.obj
 0002:0000f390       ??$?0AAV?$_Tree_iterator@V?$_Tree_val@U?$_Tree_simple_types@U?$pair@$$CBV?$basic_string@DU?$char_traits@D@std@@V?$allocator@D@2@@std@@H@std@@@std@@@std@@@std@@_NX$0A@@?$pair@V?$_Tree_iterator@V?$_Tree_val@U?$_Tree_simple_types@U?$pair@$$CBV?$basic_string@DU?$char_traits@D@std@@V?$allocator@D@2@@std@@H@std@@@std@@@std@@@std@@_N@std@@QAE@AAV?$_Tree_iterator@V?$_Tree_val@U?$_Tree_simple_types@U?$pair@$$CBV?$basic_string@DU?$char_traits@D@std@@V?$allocator@D@2@@std@@H@std@@@std@@@std@@@1@$$QA_N@Z 00434390 f i CommonPathfindingLib:GraphicsBufferManager.obj
 0002:0000f410       ??$?0ABH$$Z$$V@?$pair@$$CBHPAVGraphicsBuffer@@@std@@QAE@Upiecewise_construct_t@1@V?$tuple@ABH@1@V?$tuple@$$V@1@@Z 00434410 f i CommonPathfindingLib:GraphicsBufferManager.obj
 0002:0000f490       ??$?0ABH$0A@@?$tuple@ABH@std@@QAE@ABH@Z 00434490 f i CommonPathfindingLib:GraphicsBufferManager.obj
 0002:0000f510       ??$?0ABH@?$_Tuple_val@ABH@std@@QAE@ABH@Z 00434510 f i CommonPathfindingLib:GraphicsBufferManager.obj
 0002:0000f570       ??$?0ABU?$less@H@std@@U_Zero_then_variadic_args_t@1@@?$_Compressed_pair@U?$less@H@std@@V?$_Compressed_pair@U?$_Wrap_alloc@V?$allocator@U?$_Tree_node@U?$pair@$$CBHPAVGraphicsBuffer@@@std@@PAX@std@@@std@@@std@@V?$_Tree_val@U?$_Tree_simple_types@U?$pair@$$CBHPAVGraphicsBuffer@@@std@@@std@@@2@$00@2@$00@std@@QAE@U_One_then_variadic_args_t@1@ABU?$less@H@1@$$QAU_Zero_then_variadic_args_t@1@@Z 00434570 f i CommonPathfindingLib:GraphicsBufferManager.obj
 0002:0000f5f0       ??$?0ABU?$less@V?$basic_string@DU?$char_traits@D@std@@V?$allocator@D@2@@std@@@std@@U_Zero_then_variadic_args_t@1@@?$_Compressed_pair@U?$less@V?$basic_string@DU?$char_traits@D@std@@V?$allocator@D@2@@std@@@std@@V?$_Compressed_pair@U?$_Wrap_alloc@V?$allocator@U?$_Tree_node@U?$pair@$$CBV?$basic_string@DU?$char_traits@D@std@@V?$allocator@D@2@@std@@H@std@@PAX@std@@@std@@@std@@V?$_Tree_val@U?$_Tree_simple_types@U?$pair@$$CBV?$basic_string@DU?$char_traits@D@std@@V?$allocator@D@2@@std@@H@std@@@std@@@2@$00@2@$00@std@@QAE@U_One_then_variadic_args_t@1@ABU?$less@V?$basic_string@DU?$char_traits@D@std@@V?$allocator@D@2@@std@@@1@$$QAU_Zero_then_variadic_args_t@1@@Z 004345f0 f i CommonPathfindingLib:GraphicsBufferManager.obj
 0002:0000f670       ??$?0ABV?$basic_string@DU?$char_traits@D@std@@V?$allocator@D@2@@std@@$$Z$$V@?$pair@$$CBV?$basic_string@DU?$char_traits@D@std@@V?$allocator@D@2@@std@@H@std@@QAE@Upiecewise_construct_t@1@V?$tuple@ABV?$basic_string@DU?$char_traits@D@std@@V?$allocator@D@2@@std@@@1@V?$tuple@$$V@1@@Z 00434670 f i CommonPathfindingLib:GraphicsBufferManager.obj
 0002:0000f6f0       ??$?0ABV?$basic_string@DU?$char_traits@D@std@@V?$allocator@D@2@@std@@$0A@@?$tuple@ABV?$basic_string@DU?$char_traits@D@std@@V?$allocator@D@2@@std@@@std@@QAE@ABV?$basic_string@DU?$char_traits@D@std@@V?$allocator@D@2@@1@@Z 004346f0 f i CommonPathfindingLib:GraphicsBufferManager.obj
 0002:0000f770       ??$?0ABV?$basic_string@DU?$char_traits@D@std@@V?$allocator@D@2@@std@@@?$_Tuple_val@ABV?$basic_string@DU?$char_traits@D@std@@V?$allocator@D@2@@std@@@std@@QAE@ABV?$basic_string@DU?$char_traits@D@std@@V?$allocator@D@2@@1@@Z 00434770 f i CommonPathfindingLib:GraphicsBufferManager.obj
 0002:0000f7d0       ??$?0U?$_Tree_node@U?$pair@$$CBHPAVGraphicsBuffer@@@std@@PAX@std@@@?$allocator@U_Container_proxy@std@@@std@@QAE@ABV?$allocator@U?$_Tree_node@U?$pair@$$CBHPAVGraphicsBuffer@@@std@@PAX@std@@@1@@Z 004347d0 f i CommonPathfindingLib:GraphicsBufferManager.obj
 0002:0000f810       ??$?0U?$_Tree_node@U?$pair@$$CBV?$basic_string@DU?$char_traits@D@std@@V?$allocator@D@2@@std@@H@std@@PAX@std@@@?$allocator@U_Container_proxy@std@@@std@@QAE@ABV?$allocator@U?$_Tree_node@U?$pair@$$CBV?$basic_string@DU?$char_traits@D@std@@V?$allocator@D@2@@std@@H@std@@PAX@std@@@1@@Z 00434810 f i CommonPathfindingLib:GraphicsBufferManager.obj
 0002:0000f850       ??$?0U?$_Wrap_alloc@V?$allocator@D@std@@@std@@$$V@?$_Compressed_pair@U?$_Wrap_alloc@V?$allocator@D@std@@@std@@V?$_String_val@U?$_Simple_types@D@std@@@2@$00@std@@QAE@U_One_then_variadic_args_t@1@$$QAU?$_Wrap_alloc@V?$allocator@D@std@@@1@@Z 00434850 f i CommonPathfindingLib:GraphicsBufferManager.obj
 0002:0000f8c0       ??$?0U?$_Wrap_alloc@V?$allocator@D@std@@@std@@X@?$_String_alloc@U?$_String_base_types@DV?$allocator@D@std@@@std@@@std@@QAE@$$QAU?$_Wrap_alloc@V?$allocator@D@std@@@1@@Z 004348c0 f i CommonPathfindingLib:GraphicsBufferManager.obj
 0002:0000f980       ??$?0U_Exact_args_t@std@@$0A@@?$tuple@$$V@std@@QAE@U_Exact_args_t@1@@Z 00434980 f i CommonPathfindingLib:GraphicsBufferManager.obj
 0002:0000f9c0       ??$?0V?$_Tree_iterator@V?$_Tree_val@U?$_Tree_simple_types@U?$pair@$$CBHPAVGraphicsBuffer@@@std@@@std@@@std@@@std@@_NX$0A@@?$pair@V?$_Tree_iterator@V?$_Tree_val@U?$_Tree_simple_types@U?$pair@$$CBHPAVGraphicsBuffer@@@std@@@std@@@std@@@std@@_N@std@@QAE@$$QAV?$_Tree_iterator@V?$_Tree_val@U?$_Tree_simple_types@U?$pair@$$CBHPAVGraphicsBuffer@@@std@@@std@@@std@@@1@$$QA_N@Z 004349c0 f i CommonPathfindingLib:GraphicsBufferManager.obj
 0002:0000fa40       ??$?0V?$_Tree_iterator@V?$_Tree_val@U?$_Tree_simple_types@U?$pair@$$CBV?$basic_string@DU?$char_traits@D@std@@V?$allocator@D@2@@std@@H@std@@@std@@@std@@@std@@_NX$0A@@?$pair@V?$_Tree_iterator@V?$_Tree_val@U?$_Tree_simple_types@U?$pair@$$CBV?$basic_string@DU?$char_traits@D@std@@V?$allocator@D@2@@std@@H@std@@@std@@@std@@@std@@_N@std@@QAE@$$QAV?$_Tree_iterator@V?$_Tree_val@U?$_Tree_simple_types@U?$pair@$$CBV?$basic_string@DU?$char_traits@D@std@@V?$allocator@D@2@@std@@H@std@@@std@@@std@@@1@$$QA_N@Z 00434a40 f i CommonPathfindingLib:GraphicsBufferManager.obj
 0002:0000fac0       ??$?0V?$allocator@D@std@@@?$_Wrap_alloc@V?$allocator@D@std@@@std@@QAE@$$QAV?$allocator@D@1@@Z 00434ac0 f i CommonPathfindingLib:GraphicsBufferManager.obj
 0002:0000fb30       ??$?0V?$tuple@ABH@std@@V?$tuple@$$V@1@$0A@$$Z$S@?$pair@$$CBHPAVGraphicsBuffer@@@std@@QAE@AAV?$tuple@ABH@1@AAV?$tuple@$$V@1@U?$integer_sequence@I$0A@@1@U?$integer_sequence@I$S@1@@Z 00434b30 f i CommonPathfindingLib:GraphicsBufferManager.obj
 0002:0000fbb0       ??$?0V?$tuple@ABV?$basic_string@DU?$char_traits@D@std@@V?$allocator@D@2@@std@@@std@@V?$tuple@$$V@1@$0A@$$Z$S@?$pair@$$CBV?$basic_string@DU?$char_traits@D@std@@V?$allocator@D@2@@std@@H@std@@QAE@AAV?$tuple@ABV?$basic_string@DU?$char_traits@D@std@@V?$allocator@D@2@@std@@@1@AAV?$tuple@$$V@1@U?$integer_sequence@I$0A@@1@U?$integer_sequence@I$S@1@@Z 00434bb0 f i CommonPathfindingLib:GraphicsBufferManager.obj
 0002:0000fc30       ??$?MDU?$char_traits@D@std@@V?$allocator@D@1@@std@@YA_NABV?$basic_string@DU?$char_traits@D@std@@V?$allocator@D@2@@0@0@Z 00434c30 f i CommonPathfindingLib:GraphicsBufferManager.obj
 0002:0000fcb0       ??$_Buynode@ABUpiecewise_construct_t@std@@V?$tuple@ABH@2@V?$tuple@$$V@2@@?$_Tree_comp_alloc@V?$_Tmap_traits@HPAVGraphicsBuffer@@U?$less@H@std@@V?$allocator@U?$pair@$$CBHPAVGraphicsBuffer@@@std@@@3@$0A@@std@@@std@@QAEPAU?$_Tree_node@U?$pair@$$CBHPAVGraphicsBuffer@@@std@@PAX@1@ABUpiecewise_construct_t@1@$$QAV?$tuple@ABH@1@$$QAV?$tuple@$$V@1@@Z 00434cb0 f i CommonPathfindingLib:GraphicsBufferManager.obj
 0002:0000fe20       ??$_Buynode@ABUpiecewise_construct_t@std@@V?$tuple@ABV?$basic_string@DU?$char_traits@D@std@@V?$allocator@D@2@@std@@@2@V?$tuple@$$V@2@@?$_Tree_comp_alloc@V?$_Tmap_traits@V?$basic_string@DU?$char_traits@D@std@@V?$allocator@D@2@@std@@HU?$less@V?$basic_string@DU?$char_traits@D@std@@V?$allocator@D@2@@std@@@2@V?$allocator@U?$pair@$$CBV?$basic_string@DU?$char_traits@D@std@@V?$allocator@D@2@@std@@H@std@@@2@$0A@@std@@@std@@QAEPAU?$_Tree_node@U?$pair@$$CBV?$basic_string@DU?$char_traits@D@std@@V?$allocator@D@2@@std@@H@std@@PAX@1@ABUpiecewise_construct_t@1@$$QAV?$tuple@ABV?$basic_string@DU?$char_traits@D@std@@V?$allocator@D@2@@std@@@1@$$QAV?$tuple@$$V@1@@Z 00434e20 f i CommonPathfindingLib:GraphicsBufferManager.obj
 0002:0000ff90       ??$_Buynode_if_nil@AAU?$pair@$$CBHPAVGraphicsBuffer@@@std@@@?$_Tree@V?$_Tmap_traits@HPAVGraphicsBuffer@@U?$less@H@std@@V?$allocator@U?$pair@$$CBHPAVGraphicsBuffer@@@std@@@3@$0A@@std@@@std@@IAEPAU?$_Tree_node@U?$pair@$$CBHPAVGraphicsBuffer@@@std@@PAX@1@PAU21@AAU?$pair@$$CBHPAVGraphicsBuffer@@@1@@Z 00434f90 f i CommonPathfindingLib:GraphicsBufferManager.obj
 0002:0000ffd0       ??$_Buynode_if_nil@AAU?$pair@$$CBV?$basic_string@DU?$char_traits@D@std@@V?$allocator@D@2@@std@@H@std@@@?$_Tree@V?$_Tmap_traits@V?$basic_string@DU?$char_traits@D@std@@V?$allocator@D@2@@std@@HU?$less@V?$basic_string@DU?$char_traits@D@std@@V?$allocator@D@2@@std@@@2@V?$allocator@U?$pair@$$CBV?$basic_string@DU?$char_traits@D@std@@V?$allocator@D@2@@std@@H@std@@@2@$0A@@std@@@std@@IAEPAU?$_Tree_node@U?$pair@$$CBV?$basic_string@DU?$char_traits@D@std@@V?$allocator@D@2@@std@@H@std@@PAX@1@PAU21@AAU?$pair@$$CBV?$basic_string@DU?$char_traits@D@std@@V?$allocator@D@2@@std@@H@1@@Z 00434fd0 f i CommonPathfindingLib:GraphicsBufferManager.obj
 0002:00010010       ??$_Debug_lt_pred@AAU?$less@H@std@@ABHABH@std@@YA_NAAU?$less@H@0@ABH1PB_WI@Z 00435010 f i CommonPathfindingLib:GraphicsBufferManager.obj
 0002:000100f0       ??$_Debug_lt_pred@AAU?$less@V?$basic_string@DU?$char_traits@D@std@@V?$allocator@D@2@@std@@@std@@ABV?$basic_string@DU?$char_traits@D@std@@V?$allocator@D@2@@2@ABV32@@std@@YA_NAAU?$less@V?$basic_string@DU?$char_traits@D@std@@V?$allocator@D@2@@std@@@0@ABV?$basic_string@DU?$char_traits@D@std@@V?$allocator@D@2@@0@1PB_WI@Z 004350f0 f i CommonPathfindingLib:GraphicsBufferManager.obj
 0002:000101d0       ??$_Debug_lt_pred@ABU?$less@H@std@@ABHABH@std@@YA_NABU?$less@H@0@ABH1PB_WI@Z 004351d0 f i CommonPathfindingLib:GraphicsBufferManager.obj
 0002:000102b0       ??$_Debug_lt_pred@ABU?$less@V?$basic_string@DU?$char_traits@D@std@@V?$allocator@D@2@@std@@@std@@ABV?$basic_string@DU?$char_traits@D@std@@V?$allocator@D@2@@2@ABV32@@std@@YA_NABU?$less@V?$basic_string@DU?$char_traits@D@std@@V?$allocator@D@2@@std@@@0@ABV?$basic_string@DU?$char_traits@D@std@@V?$allocator@D@2@@0@1PB_WI@Z 004352b0 f i CommonPathfindingLib:GraphicsBufferManager.obj
 0002:00010390       ??$_Insert_at@AAU?$pair@$$CBHPAVGraphicsBuffer@@@std@@PAU?$_Tree_node@U?$pair@$$CBHPAVGraphicsBuffer@@@std@@PAX@2@@?$_Tree@V?$_Tmap_traits@HPAVGraphicsBuffer@@U?$less@H@std@@V?$allocator@U?$pair@$$CBHPAVGraphicsBuffer@@@std@@@3@$0A@@std@@@std@@IAE?AV?$_Tree_iterator@V?$_Tree_val@U?$_Tree_simple_types@U?$pair@$$CBHPAVGraphicsBuffer@@@std@@@std@@@std@@@1@_NPAU?$_Tree_node@U?$pair@$$CBHPAVGraphicsBuffer@@@std@@PAX@1@AAU?$pair@$$CBHPAVGraphicsBuffer@@@1@1@Z 00435390 f i CommonPathfindingLib:GraphicsBufferManager.obj
 0002:00010950       ??$_Insert_at@AAU?$pair@$$CBV?$basic_string@DU?$char_traits@D@std@@V?$allocator@D@2@@std@@H@std@@PAU?$_Tree_node@U?$pair@$$CBV?$basic_string@DU?$char_traits@D@std@@V?$allocator@D@2@@std@@H@std@@PAX@2@@?$_Tree@V?$_Tmap_traits@V?$basic_string@DU?$char_traits@D@std@@V?$allocator@D@2@@std@@HU?$less@V?$basic_string@DU?$char_traits@D@std@@V?$allocator@D@2@@std@@@2@V?$allocator@U?$pair@$$CBV?$basic_string@DU?$char_traits@D@std@@V?$allocator@D@2@@std@@H@std@@@2@$0A@@std@@@std@@IAE?AV?$_Tree_iterator@V?$_Tree_val@U?$_Tree_simple_types@U?$pair@$$CBV?$basic_string@DU?$char_traits@D@std@@V?$allocator@D@2@@std@@H@std@@@std@@@std@@@1@_NPAU?$_Tree_node@U?$pair@$$CBV?$basic_string@DU?$char_traits@D@std@@V?$allocator@D@2@@std@@H@std@@PAX@1@AAU?$pair@$$CBV?$basic_string@DU?$char_traits@D@std@@V?$allocator@D@2@@std@@H@1@1@Z 00435950 f i CommonPathfindingLib:GraphicsBufferManager.obj
 0002:00010f10       ??$_Insert_hint@AAU?$pair@$$CBHPAVGraphicsBuffer@@@std@@PAU?$_Tree_node@U?$pair@$$CBHPAVGraphicsBuffer@@@std@@PAX@2@@?$_Tree@V?$_Tmap_traits@HPAVGraphicsBuffer@@U?$less@H@std@@V?$allocator@U?$pair@$$CBHPAVGraphicsBuffer@@@std@@@3@$0A@@std@@@std@@IAE?AV?$_Tree_iterator@V?$_Tree_val@U?$_Tree_simple_types@U?$pair@$$CBHPAVGraphicsBuffer@@@std@@@std@@@std@@@1@V?$_Tree_const_iterator@V?$_Tree_val@U?$_Tree_simple_types@U?$pair@$$CBHPAVGraphicsBuffer@@@std@@@std@@@std@@@1@AAU?$pair@$$CBHPAVGraphicsBuffer@@@1@PAU?$_Tree_node@U?$pair@$$CBHPAVGraphicsBuffer@@@std@@PAX@1@@Z 00435f10 f i CommonPathfindingLib:GraphicsBufferManager.obj
 0002:00012460       ??$_Insert_hint@AAU?$pair@$$CBV?$basic_string@DU?$char_traits@D@std@@V?$allocator@D@2@@std@@H@std@@PAU?$_Tree_node@U?$pair@$$CBV?$basic_string@DU?$char_traits@D@std@@V?$allocator@D@2@@std@@H@std@@PAX@2@@?$_Tree@V?$_Tmap_traits@V?$basic_string@DU?$char_traits@D@std@@V?$allocator@D@2@@std@@HU?$less@V?$basic_string@DU?$char_traits@D@std@@V?$allocator@D@2@@std@@@2@V?$allocator@U?$pair@$$CBV?$basic_string@DU?$char_traits@D@std@@V?$allocator@D@2@@std@@H@std@@@2@$0A@@std@@@std@@IAE?AV?$_Tree_iterator@V?$_Tree_val@U?$_Tree_simple_types@U?$pair@$$CBV?$basic_string@DU?$char_traits@D@std@@V?$allocator@D@2@@std@@H@std@@@std@@@std@@@1@V?$_Tree_const_iterator@V?$_Tree_val@U?$_Tree_simple_types@U?$pair@$$CBV?$basic_string@DU?$char_traits@D@std@@V?$allocator@D@2@@std@@H@std@@@std@@@std@@@1@AAU?$pair@$$CBV?$basic_string@DU?$char_traits@D@std@@V?$allocator@D@2@@std@@H@1@PAU?$_Tree_node@U?$pair@$$CBV?$basic_string@DU?$char_traits@D@std@@V?$allocator@D@2@@std@@H@std@@PAX@1@@Z 00437460 f i CommonPathfindingLib:GraphicsBufferManager.obj
 0002:000139b0       ??$_Insert_nohint@AAU?$pair@$$CBHPAVGraphicsBuffer@@@std@@PAU?$_Tree_node@U?$pair@$$CBHPAVGraphicsBuffer@@@std@@PAX@2@@?$_Tree@V?$_Tmap_traits@HPAVGraphicsBuffer@@U?$less@H@std@@V?$allocator@U?$pair@$$CBHPAVGraphicsBuffer@@@std@@@3@$0A@@std@@@std@@IAE?AU?$pair@V?$_Tree_iterator@V?$_Tree_val@U?$_Tree_simple_types@U?$pair@$$CBHPAVGraphicsBuffer@@@std@@@std@@@std@@@std@@_N@1@_NAAU?$pair@$$CBHPAVGraphicsBuffer@@@1@PAU?$_Tree_node@U?$pair@$$CBHPAVGraphicsBuffer@@@std@@PAX@1@@Z 004389b0 f i CommonPathfindingLib:GraphicsBufferManager.obj
 0002:00014080       ??$_Insert_nohint@AAU?$pair@$$CBV?$basic_string@DU?$char_traits@D@std@@V?$allocator@D@2@@std@@H@std@@PAU?$_Tree_node@U?$pair@$$CBV?$basic_string@DU?$char_traits@D@std@@V?$allocator@D@2@@std@@H@std@@PAX@2@@?$_Tree@V?$_Tmap_traits@V?$basic_string@DU?$char_traits@D@std@@V?$allocator@D@2@@std@@HU?$less@V?$basic_string@DU?$char_traits@D@std@@V?$allocator@D@2@@std@@@2@V?$allocator@U?$pair@$$CBV?$basic_string@DU?$char_traits@D@std@@V?$allocator@D@2@@std@@H@std@@@2@$0A@@std@@@std@@IAE?AU?$pair@V?$_Tree_iterator@V?$_Tree_val@U?$_Tree_simple_types@U?$pair@$$CBV?$basic_string@DU?$char_traits@D@std@@V?$allocator@D@2@@std@@H@std@@@std@@@std@@@std@@_N@1@_NAAU?$pair@$$CBV?$basic_string@DU?$char_traits@D@std@@V?$allocator@D@2@@std@@H@1@PAU?$_Tree_node@U?$pair@$$CBV?$basic_string@DU?$char_traits@D@std@@V?$allocator@D@2@@std@@H@std@@PAX@1@@Z 00439080 f i CommonPathfindingLib:GraphicsBufferManager.obj
 0002:00014750       ??$_Kfn@$$CBHPAVGraphicsBuffer@@@?$_Tmap_traits@HPAVGraphicsBuffer@@U?$less@H@std@@V?$allocator@U?$pair@$$CBHPAVGraphicsBuffer@@@std@@@3@$0A@@std@@SAABHABU?$pair@$$CBHPAVGraphicsBuffer@@@1@@Z 00439750 f i CommonPathfindingLib:GraphicsBufferManager.obj
 0002:00014790       ??$_Kfn@$$CBV?$basic_string@DU?$char_traits@D@std@@V?$allocator@D@2@@std@@H@?$_Tmap_traits@V?$basic_string@DU?$char_traits@D@std@@V?$allocator@D@2@@std@@HU?$less@V?$basic_string@DU?$char_traits@D@std@@V?$allocator@D@2@@std@@@2@V?$allocator@U?$pair@$$CBV?$basic_string@DU?$char_traits@D@std@@V?$allocator@D@2@@std@@H@std@@@2@$0A@@std@@SAABV?$basic_string@DU?$char_traits@D@std@@V?$allocator@D@2@@1@ABU?$pair@$$CBV?$basic_string@DU?$char_traits@D@std@@V?$allocator@D@2@@std@@H@1@@Z 00439790 f i CommonPathfindingLib:GraphicsBufferManager.obj
 0002:000147d0       ??$_Lbound@H@?$_Tree@V?$_Tmap_traits@HPAVGraphicsBuffer@@U?$less@H@std@@V?$allocator@U?$pair@$$CBHPAVGraphicsBuffer@@@std@@@3@$0A@@std@@@std@@IBEPAU?$_Tree_node@U?$pair@$$CBHPAVGraphicsBuffer@@@std@@PAX@1@ABH@Z 004397d0 f i CommonPathfindingLib:GraphicsBufferManager.obj
 0002:000148c0       ??$_Lbound@V?$basic_string@DU?$char_traits@D@std@@V?$allocator@D@2@@std@@@?$_Tree@V?$_Tmap_traits@V?$basic_string@DU?$char_traits@D@std@@V?$allocator@D@2@@std@@HU?$less@V?$basic_string@DU?$char_traits@D@std@@V?$allocator@D@2@@std@@@2@V?$allocator@U?$pair@$$CBV?$basic_string@DU?$char_traits@D@std@@V?$allocator@D@2@@std@@H@std@@@2@$0A@@std@@@std@@IBEPAU?$_Tree_node@U?$pair@$$CBV?$basic_string@DU?$char_traits@D@std@@V?$allocator@D@2@@std@@H@std@@PAX@1@ABV?$basic_string@DU?$char_traits@D@std@@V?$allocator@D@2@@1@@Z 004398c0 f i CommonPathfindingLib:GraphicsBufferManager.obj
 0002:000149b0       ??$_Try_emplace@ABH$$V@?$map@HPAVGraphicsBuffer@@U?$less@H@std@@V?$allocator@U?$pair@$$CBHPAVGraphicsBuffer@@@std@@@3@@std@@QAE?AU?$pair@V?$_Tree_iterator@V?$_Tree_val@U?$_Tree_simple_types@U?$pair@$$CBHPAVGraphicsBuffer@@@std@@@std@@@std@@@std@@_N@1@ABH@Z 004399b0 f i CommonPathfindingLib:GraphicsBufferManager.obj
 0002:00014d00       ??$_Try_emplace@ABV?$basic_string@DU?$char_traits@D@std@@V?$allocator@D@2@@std@@$$V@?$map@V?$basic_string@DU?$char_traits@D@std@@V?$allocator@D@2@@std@@HU?$less@V?$basic_string@DU?$char_traits@D@std@@V?$allocator@D@2@@std@@@2@V?$allocator@U?$pair@$$CBV?$basic_string@DU?$char_traits@D@std@@V?$allocator@D@2@@std@@H@std@@@2@@std@@QAE?AU?$pair@V?$_Tree_iterator@V?$_Tree_val@U?$_Tree_simple_types@U?$pair@$$CBV?$basic_string@DU?$char_traits@D@std@@V?$allocator@D@2@@std@@H@std@@@std@@@std@@@std@@_N@1@ABV?$basic_string@DU?$char_traits@D@std@@V?$allocator@D@2@@1@@Z 00439d00 f i CommonPathfindingLib:GraphicsBufferManager.obj
 0002:00015050       ??$addressof@PAU?$_Tree_node@U?$pair@$$CBHPAVGraphicsBuffer@@@std@@PAX@std@@@std@@YAPAPAU?$_Tree_node@U?$pair@$$CBHPAVGraphicsBuffer@@@std@@PAX@0@AAPAU10@@Z 0043a050 f i CommonPathfindingLib:GraphicsBufferManager.obj
 0002:00015090       ??$addressof@PAU?$_Tree_node@U?$pair@$$CBV?$basic_string@DU?$char_traits@D@std@@V?$allocator@D@2@@std@@H@std@@PAX@std@@@std@@YAPAPAU?$_Tree_node@U?$pair@$$CBV?$basic_string@DU?$char_traits@D@std@@V?$allocator@D@2@@std@@H@std@@PAX@0@AAPAU10@@Z 0043a090 f i CommonPathfindingLib:GraphicsBufferManager.obj
 0002:000150d0       ??$addressof@U?$pair@$$CBHPAVGraphicsBuffer@@@std@@@std@@YAPAU?$pair@$$CBHPAVGraphicsBuffer@@@0@AAU10@@Z 0043a0d0 f i CommonPathfindingLib:GraphicsBufferManager.obj
 0002:00015110       ??$addressof@U?$pair@$$CBV?$basic_string@DU?$char_traits@D@std@@V?$allocator@D@2@@std@@H@std@@@std@@YAPAU?$pair@$$CBV?$basic_string@DU?$char_traits@D@std@@V?$allocator@D@2@@std@@H@0@AAU10@@Z 0043a110 f i CommonPathfindingLib:GraphicsBufferManager.obj
 0002:00015150       ??$construct@PAU?$_Tree_node@U?$pair@$$CBHPAVGraphicsBuffer@@@std@@PAX@std@@AAPAU12@@?$_Wrap_alloc@V?$allocator@U?$_Tree_node@U?$pair@$$CBHPAVGraphicsBuffer@@@std@@PAX@std@@@std@@@std@@QAEXPAPAU?$_Tree_node@U?$pair@$$CBHPAVGraphicsBuffer@@@std@@PAX@1@AAPAU21@@Z 0043a150 f i CommonPathfindingLib:GraphicsBufferManager.obj
 0002:000151c0       ??$construct@PAU?$_Tree_node@U?$pair@$$CBHPAVGraphicsBuffer@@@std@@PAX@std@@AAPAU12@@?$allocator@U?$_Tree_node@U?$pair@$$CBHPAVGraphicsBuffer@@@std@@PAX@std@@@std@@QAEXPAPAU?$_Tree_node@U?$pair@$$CBHPAVGraphicsBuffer@@@std@@PAX@1@AAPAU21@@Z 0043a1c0 f i CommonPathfindingLib:GraphicsBufferManager.obj
 0002:00015270       ??$construct@PAU?$_Tree_node@U?$pair@$$CBHPAVGraphicsBuffer@@@std@@PAX@std@@AAPAU12@@?$allocator_traits@V?$allocator@U?$_Tree_node@U?$pair@$$CBHPAVGraphicsBuffer@@@std@@PAX@std@@@std@@@std@@SAXAAV?$allocator@U?$_Tree_node@U?$pair@$$CBHPAVGraphicsBuffer@@@std@@PAX@std@@@1@PAPAU?$_Tree_node@U?$pair@$$CBHPAVGraphicsBuffer@@@std@@PAX@1@AAPAU31@@Z 0043a270 f i CommonPathfindingLib:GraphicsBufferManager.obj
 0002:000152d0       ??$construct@PAU?$_Tree_node@U?$pair@$$CBV?$basic_string@DU?$char_traits@D@std@@V?$allocator@D@2@@std@@H@std@@PAX@std@@AAPAU12@@?$_Wrap_alloc@V?$allocator@U?$_Tree_node@U?$pair@$$CBV?$basic_string@DU?$char_traits@D@std@@V?$allocator@D@2@@std@@H@std@@PAX@std@@@std@@@std@@QAEXPAPAU?$_Tree_node@U?$pair@$$CBV?$basic_string@DU?$char_traits@D@std@@V?$allocator@D@2@@std@@H@std@@PAX@1@AAPAU21@@Z 0043a2d0 f i CommonPathfindingLib:GraphicsBufferManager.obj
 0002:00015340       ??$construct@PAU?$_Tree_node@U?$pair@$$CBV?$basic_string@DU?$char_traits@D@std@@V?$allocator@D@2@@std@@H@std@@PAX@std@@AAPAU12@@?$allocator@U?$_Tree_node@U?$pair@$$CBV?$basic_string@DU?$char_traits@D@std@@V?$allocator@D@2@@std@@H@std@@PAX@std@@@std@@QAEXPAPAU?$_Tree_node@U?$pair@$$CBV?$basic_string@DU?$char_traits@D@std@@V?$allocator@D@2@@std@@H@std@@PAX@1@AAPAU21@@Z 0043a340 f i CommonPathfindingLib:GraphicsBufferManager.obj
 0002:000153f0       ??$construct@PAU?$_Tree_node@U?$pair@$$CBV?$basic_string@DU?$char_traits@D@std@@V?$allocator@D@2@@std@@H@std@@PAX@std@@AAPAU12@@?$allocator_traits@V?$allocator@U?$_Tree_node@U?$pair@$$CBV?$basic_string@DU?$char_traits@D@std@@V?$allocator@D@2@@std@@H@std@@PAX@std@@@std@@@std@@SAXAAV?$allocator@U?$_Tree_node@U?$pair@$$CBV?$basic_string@DU?$char_traits@D@std@@V?$allocator@D@2@@std@@H@std@@PAX@std@@@1@PAPAU?$_Tree_node@U?$pair@$$CBV?$basic_string@DU?$char_traits@D@std@@V?$allocator@D@2@@std@@H@std@@PAX@1@AAPAU31@@Z 0043a3f0 f i CommonPathfindingLib:GraphicsBufferManager.obj
 0002:00015450       ??$construct@U?$pair@$$CBHPAVGraphicsBuffer@@@std@@ABUpiecewise_construct_t@2@V?$tuple@ABH@2@V?$tuple@$$V@2@@?$_Wrap_alloc@V?$allocator@U?$_Tree_node@U?$pair@$$CBHPAVGraphicsBuffer@@@std@@PAX@std@@@std@@@std@@QAEXPAU?$pair@$$CBHPAVGraphicsBuffer@@@1@ABUpiecewise_construct_t@1@$$QAV?$tuple@ABH@1@$$QAV?$tuple@$$V@1@@Z 0043a450 f i CommonPathfindingLib:GraphicsBufferManager.obj
 0002:000154e0       ??$construct@U?$pair@$$CBHPAVGraphicsBuffer@@@std@@ABUpiecewise_construct_t@2@V?$tuple@ABH@2@V?$tuple@$$V@2@@?$allocator@U?$_Tree_node@U?$pair@$$CBHPAVGraphicsBuffer@@@std@@PAX@std@@@std@@QAEXPAU?$pair@$$CBHPAVGraphicsBuffer@@@1@ABUpiecewise_construct_t@1@$$QAV?$tuple@ABH@1@$$QAV?$tuple@$$V@1@@Z 0043a4e0 f i CommonPathfindingLib:GraphicsBufferManager.obj
 0002:00015620       ??$construct@U?$pair@$$CBHPAVGraphicsBuffer@@@std@@ABUpiecewise_construct_t@2@V?$tuple@ABH@2@V?$tuple@$$V@2@@?$allocator_traits@V?$allocator@U?$_Tree_node@U?$pair@$$CBHPAVGraphicsBuffer@@@std@@PAX@std@@@std@@@std@@SAXAAV?$allocator@U?$_Tree_node@U?$pair@$$CBHPAVGraphicsBuffer@@@std@@PAX@std@@@1@PAU?$pair@$$CBHPAVGraphicsBuffer@@@1@ABUpiecewise_construct_t@1@$$QAV?$tuple@ABH@1@$$QAV?$tuple@$$V@1@@Z 0043a620 f i CommonPathfindingLib:GraphicsBufferManager.obj
 0002:000156a0       ??$construct@U?$pair@$$CBV?$basic_string@DU?$char_traits@D@std@@V?$allocator@D@2@@std@@H@std@@ABUpiecewise_construct_t@2@V?$tuple@ABV?$basic_string@DU?$char_traits@D@std@@V?$allocator@D@2@@std@@@2@V?$tuple@$$V@2@@?$_Wrap_alloc@V?$allocator@U?$_Tree_node@U?$pair@$$CBV?$basic_string@DU?$char_traits@D@std@@V?$allocator@D@2@@std@@H@std@@PAX@std@@@std@@@std@@QAEXPAU?$pair@$$CBV?$basic_string@DU?$char_traits@D@std@@V?$allocator@D@2@@std@@H@1@ABUpiecewise_construct_t@1@$$QAV?$tuple@ABV?$basic_string@DU?$char_traits@D@std@@V?$allocator@D@2@@std@@@1@$$QAV?$tuple@$$V@1@@Z 0043a6a0 f i CommonPathfindingLib:GraphicsBufferManager.obj
 0002:00015730       ??$construct@U?$pair@$$CBV?$basic_string@DU?$char_traits@D@std@@V?$allocator@D@2@@std@@H@std@@ABUpiecewise_construct_t@2@V?$tuple@ABV?$basic_string@DU?$char_traits@D@std@@V?$allocator@D@2@@std@@@2@V?$tuple@$$V@2@@?$allocator@U?$_Tree_node@U?$pair@$$CBV?$basic_string@DU?$char_traits@D@std@@V?$allocator@D@2@@std@@H@std@@PAX@std@@@std@@QAEXPAU?$pair@$$CBV?$basic_string@DU?$char_traits@D@std@@V?$allocator@D@2@@std@@H@1@ABUpiecewise_construct_t@1@$$QAV?$tuple@ABV?$basic_string@DU?$char_traits@D@std@@V?$allocator@D@2@@std@@@1@$$QAV?$tuple@$$V@1@@Z 0043a730 f i CommonPathfindingLib:GraphicsBufferManager.obj
 0002:00015870       ??$construct@U?$pair@$$CBV?$basic_string@DU?$char_traits@D@std@@V?$allocator@D@2@@std@@H@std@@ABUpiecewise_construct_t@2@V?$tuple@ABV?$basic_string@DU?$char_traits@D@std@@V?$allocator@D@2@@std@@@2@V?$tuple@$$V@2@@?$allocator_traits@V?$allocator@U?$_Tree_node@U?$pair@$$CBV?$basic_string@DU?$char_traits@D@std@@V?$allocator@D@2@@std@@H@std@@PAX@std@@@std@@@std@@SAXAAV?$allocator@U?$_Tree_node@U?$pair@$$CBV?$basic_string@DU?$char_traits@D@std@@V?$allocator@D@2@@std@@H@std@@PAX@std@@@1@PAU?$pair@$$CBV?$basic_string@DU?$char_traits@D@std@@V?$allocator@D@2@@std@@H@1@ABUpiecewise_construct_t@1@$$QAV?$tuple@ABV?$basic_string@DU?$char_traits@D@std@@V?$allocator@D@2@@std@@@1@$$QAV?$tuple@$$V@1@@Z 0043a870 f i CommonPathfindingLib:GraphicsBufferManager.obj
 0002:000158f0       ??$destroy@PAU?$_Tree_node@U?$pair@$$CBHPAVGraphicsBuffer@@@std@@PAX@std@@@?$_Wrap_alloc@V?$allocator@U?$_Tree_node@U?$pair@$$CBHPAVGraphicsBuffer@@@std@@PAX@std@@@std@@@std@@QAEXPAPAU?$_Tree_node@U?$pair@$$CBHPAVGraphicsBuffer@@@std@@PAX@1@@Z 0043a8f0 f i CommonPathfindingLib:GraphicsBufferManager.obj
 0002:00015950       ??$destroy@PAU?$_Tree_node@U?$pair@$$CBHPAVGraphicsBuffer@@@std@@PAX@std@@@?$allocator@U?$_Tree_node@U?$pair@$$CBHPAVGraphicsBuffer@@@std@@PAX@std@@@std@@QAEXPAPAU?$_Tree_node@U?$pair@$$CBHPAVGraphicsBuffer@@@std@@PAX@1@@Z 0043a950 f i CommonPathfindingLib:GraphicsBufferManager.obj
 0002:00015990       ??$destroy@PAU?$_Tree_node@U?$pair@$$CBHPAVGraphicsBuffer@@@std@@PAX@std@@@?$allocator_traits@V?$allocator@U?$_Tree_node@U?$pair@$$CBHPAVGraphicsBuffer@@@std@@PAX@std@@@std@@@std@@SAXAAV?$allocator@U?$_Tree_node@U?$pair@$$CBHPAVGraphicsBuffer@@@std@@PAX@std@@@1@PAPAU?$_Tree_node@U?$pair@$$CBHPAVGraphicsBuffer@@@std@@PAX@1@@Z 0043a990 f i CommonPathfindingLib:GraphicsBufferManager.obj
 0002:000159e0       ??$destroy@PAU?$_Tree_node@U?$pair@$$CBV?$basic_string@DU?$char_traits@D@std@@V?$allocator@D@2@@std@@H@std@@PAX@std@@@?$_Wrap_alloc@V?$allocator@U?$_Tree_node@U?$pair@$$CBV?$basic_string@DU?$char_traits@D@std@@V?$allocator@D@2@@std@@H@std@@PAX@std@@@std@@@std@@QAEXPAPAU?$_Tree_node@U?$pair@$$CBV?$basic_string@DU?$char_traits@D@std@@V?$allocator@D@2@@std@@H@std@@PAX@1@@Z 0043a9e0 f i CommonPathfindingLib:GraphicsBufferManager.obj
 0002:00015a40       ??$destroy@PAU?$_Tree_node@U?$pair@$$CBV?$basic_string@DU?$char_traits@D@std@@V?$allocator@D@2@@std@@H@std@@PAX@std@@@?$allocator@U?$_Tree_node@U?$pair@$$CBV?$basic_string@DU?$char_traits@D@std@@V?$allocator@D@2@@std@@H@std@@PAX@std@@@std@@QAEXPAPAU?$_Tree_node@U?$pair@$$CBV?$basic_string@DU?$char_traits@D@std@@V?$allocator@D@2@@std@@H@std@@PAX@1@@Z 0043aa40 f i CommonPathfindingLib:GraphicsBufferManager.obj
 0002:00015a80       ??$destroy@PAU?$_Tree_node@U?$pair@$$CBV?$basic_string@DU?$char_traits@D@std@@V?$allocator@D@2@@std@@H@std@@PAX@std@@@?$allocator_traits@V?$allocator@U?$_Tree_node@U?$pair@$$CBV?$basic_string@DU?$char_traits@D@std@@V?$allocator@D@2@@std@@H@std@@PAX@std@@@std@@@std@@SAXAAV?$allocator@U?$_Tree_node@U?$pair@$$CBV?$basic_string@DU?$char_traits@D@std@@V?$allocator@D@2@@std@@H@std@@PAX@std@@@1@PAPAU?$_Tree_node@U?$pair@$$CBV?$basic_string@DU?$char_traits@D@std@@V?$allocator@D@2@@std@@H@std@@PAX@1@@Z 0043aa80 f i CommonPathfindingLib:GraphicsBufferManager.obj
 0002:00015ad0       ??$destroy@U?$pair@$$CBHPAVGraphicsBuffer@@@std@@@?$_Wrap_alloc@V?$allocator@U?$_Tree_node@U?$pair@$$CBHPAVGraphicsBuffer@@@std@@PAX@std@@@std@@@std@@QAEXPAU?$pair@$$CBHPAVGraphicsBuffer@@@1@@Z 0043aad0 f i CommonPathfindingLib:GraphicsBufferManager.obj
 0002:00015b30       ??$destroy@U?$pair@$$CBHPAVGraphicsBuffer@@@std@@@?$allocator@U?$_Tree_node@U?$pair@$$CBHPAVGraphicsBuffer@@@std@@PAX@std@@@std@@QAEXPAU?$pair@$$CBHPAVGraphicsBuffer@@@1@@Z 0043ab30 f i CommonPathfindingLib:GraphicsBufferManager.obj
 0002:00015b70       ??$destroy@U?$pair@$$CBHPAVGraphicsBuffer@@@std@@@?$allocator_traits@V?$allocator@U?$_Tree_node@U?$pair@$$CBHPAVGraphicsBuffer@@@std@@PAX@std@@@std@@@std@@SAXAAV?$allocator@U?$_Tree_node@U?$pair@$$CBHPAVGraphicsBuffer@@@std@@PAX@std@@@1@PAU?$pair@$$CBHPAVGraphicsBuffer@@@1@@Z 0043ab70 f i CommonPathfindingLib:GraphicsBufferManager.obj
 0002:00015bc0       ??$destroy@U?$pair@$$CBV?$basic_string@DU?$char_traits@D@std@@V?$allocator@D@2@@std@@H@std@@@?$_Wrap_alloc@V?$allocator@U?$_Tree_node@U?$pair@$$CBV?$basic_string@DU?$char_traits@D@std@@V?$allocator@D@2@@std@@H@std@@PAX@std@@@std@@@std@@QAEXPAU?$pair@$$CBV?$basic_string@DU?$char_traits@D@std@@V?$allocator@D@2@@std@@H@1@@Z 0043abc0 f i CommonPathfindingLib:GraphicsBufferManager.obj
 0002:00015c20       ??$destroy@U?$pair@$$CBV?$basic_string@DU?$char_traits@D@std@@V?$allocator@D@2@@std@@H@std@@@?$allocator@U?$_Tree_node@U?$pair@$$CBV?$basic_string@DU?$char_traits@D@std@@V?$allocator@D@2@@std@@H@std@@PAX@std@@@std@@QAEXPAU?$pair@$$CBV?$basic_string@DU?$char_traits@D@std@@V?$allocator@D@2@@std@@H@1@@Z 0043ac20 f i CommonPathfindingLib:GraphicsBufferManager.obj
 0002:00015c80       ??$destroy@U?$pair@$$CBV?$basic_string@DU?$char_traits@D@std@@V?$allocator@D@2@@std@@H@std@@@?$allocator_traits@V?$allocator@U?$_Tree_node@U?$pair@$$CBV?$basic_string@DU?$char_traits@D@std@@V?$allocator@D@2@@std@@H@std@@PAX@std@@@std@@@std@@SAXAAV?$allocator@U?$_Tree_node@U?$pair@$$CBV?$basic_string@DU?$char_traits@D@std@@V?$allocator@D@2@@std@@H@std@@PAX@std@@@1@PAU?$pair@$$CBV?$basic_string@DU?$char_traits@D@std@@V?$allocator@D@2@@std@@H@1@@Z 0043ac80 f i CommonPathfindingLib:GraphicsBufferManager.obj
 0002:00015cd0       ??$emplace_hint@ABUpiecewise_construct_t@std@@V?$tuple@ABH@2@V?$tuple@$$V@2@@?$_Tree@V?$_Tmap_traits@HPAVGraphicsBuffer@@U?$less@H@std@@V?$allocator@U?$pair@$$CBHPAVGraphicsBuffer@@@std@@@3@$0A@@std@@@std@@QAE?AV?$_Tree_iterator@V?$_Tree_val@U?$_Tree_simple_types@U?$pair@$$CBHPAVGraphicsBuffer@@@std@@@std@@@std@@@1@V?$_Tree_const_iterator@V?$_Tree_val@U?$_Tree_simple_types@U?$pair@$$CBHPAVGraphicsBuffer@@@std@@@std@@@std@@@1@ABUpiecewise_construct_t@1@$$QAV?$tuple@ABH@1@$$QAV?$tuple@$$V@1@@Z 0043acd0 f i CommonPathfindingLib:GraphicsBufferManager.obj
 0002:00015e20       ??$emplace_hint@ABUpiecewise_construct_t@std@@V?$tuple@ABV?$basic_string@DU?$char_traits@D@std@@V?$allocator@D@2@@std@@@2@V?$tuple@$$V@2@@?$_Tree@V?$_Tmap_traits@V?$basic_string@DU?$char_traits@D@std@@V?$allocator@D@2@@std@@HU?$less@V?$basic_string@DU?$char_traits@D@std@@V?$allocator@D@2@@std@@@2@V?$allocator@U?$pair@$$CBV?$basic_string@DU?$char_traits@D@std@@V?$allocator@D@2@@std@@H@std@@@2@$0A@@std@@@std@@QAE?AV?$_Tree_iterator@V?$_Tree_val@U?$_Tree_simple_types@U?$pair@$$CBV?$basic_string@DU?$char_traits@D@std@@V?$allocator@D@2@@std@@H@std@@@std@@@std@@@1@V?$_Tree_const_iterator@V?$_Tree_val@U?$_Tree_simple_types@U?$pair@$$CBV?$basic_string@DU?$char_traits@D@std@@V?$allocator@D@2@@std@@H@std@@@std@@@std@@@1@ABUpiecewise_construct_t@1@$$QAV?$tuple@ABV?$basic_string@DU?$char_traits@D@std@@V?$allocator@D@2@@std@@@1@$$QAV?$tuple@$$V@1@@Z 0043ae20 f i CommonPathfindingLib:GraphicsBufferManager.obj
 0002:00015f70       ??$forward@AAPAU?$_Tree_node@U?$pair@$$CBHPAVGraphicsBuffer@@@std@@PAX@std@@@std@@YAAAPAU?$_Tree_node@U?$pair@$$CBHPAVGraphicsBuffer@@@std@@PAX@0@AAPAU10@@Z 0043af70 f i CommonPathfindingLib:GraphicsBufferManager.obj
 0002:00015fb0       ??$forward@AAPAU?$_Tree_node@U?$pair@$$CBV?$basic_string@DU?$char_traits@D@std@@V?$allocator@D@2@@std@@H@std@@PAX@std@@@std@@YAAAPAU?$_Tree_node@U?$pair@$$CBV?$basic_string@DU?$char_traits@D@std@@V?$allocator@D@2@@std@@H@std@@PAX@0@AAPAU10@@Z 0043afb0 f i CommonPathfindingLib:GraphicsBufferManager.obj
 0002:00015ff0       ??$forward@AAU?$_Wrap_alloc@V?$allocator@U?$_Tree_node@U?$pair@$$CBHPAVGraphicsBuffer@@@std@@PAX@std@@@std@@@std@@@std@@YAAAU?$_Wrap_alloc@V?$allocator@U?$_Tree_node@U?$pair@$$CBHPAVGraphicsBuffer@@@std@@PAX@std@@@std@@@0@AAU10@@Z 0043aff0 f i CommonPathfindingLib:GraphicsBufferManager.obj
 0002:00016030       ??$forward@AAU?$_Wrap_alloc@V?$allocator@U?$_Tree_node@U?$pair@$$CBV?$basic_string@DU?$char_traits@D@std@@V?$allocator@D@2@@std@@H@std@@PAX@std@@@std@@@std@@@std@@YAAAU?$_Wrap_alloc@V?$allocator@U?$_Tree_node@U?$pair@$$CBV?$basic_string@DU?$char_traits@D@std@@V?$allocator@D@2@@std@@H@std@@PAX@std@@@std@@@0@AAU10@@Z 0043b030 f i CommonPathfindingLib:GraphicsBufferManager.obj
 0002:00016070       ??$forward@AAU?$pair@$$CBHPAVGraphicsBuffer@@@std@@@std@@YAAAU?$pair@$$CBHPAVGraphicsBuffer@@@0@AAU10@@Z 0043b070 f i CommonPathfindingLib:GraphicsBufferManager.obj
 0002:000160b0       ??$forward@AAU?$pair@$$CBV?$basic_string@DU?$char_traits@D@std@@V?$allocator@D@2@@std@@H@std@@@std@@YAAAU?$pair@$$CBV?$basic_string@DU?$char_traits@D@std@@V?$allocator@D@2@@std@@H@0@AAU10@@Z 0043b0b0 f i CommonPathfindingLib:GraphicsBufferManager.obj
 0002:000160f0       ??$forward@AAV?$_Tree_iterator@V?$_Tree_val@U?$_Tree_simple_types@U?$pair@$$CBHPAVGraphicsBuffer@@@std@@@std@@@std@@@std@@@std@@YAAAV?$_Tree_iterator@V?$_Tree_val@U?$_Tree_simple_types@U?$pair@$$CBHPAVGraphicsBuffer@@@std@@@std@@@std@@@0@AAV10@@Z 0043b0f0 f i CommonPathfindingLib:GraphicsBufferManager.obj
 0002:00016130       ??$forward@AAV?$_Tree_iterator@V?$_Tree_val@U?$_Tree_simple_types@U?$pair@$$CBV?$basic_string@DU?$char_traits@D@std@@V?$allocator@D@2@@std@@H@std@@@std@@@std@@@std@@@std@@YAAAV?$_Tree_iterator@V?$_Tree_val@U?$_Tree_simple_types@U?$pair@$$CBV?$basic_string@DU?$char_traits@D@std@@V?$allocator@D@2@@std@@H@std@@@std@@@std@@@0@AAV10@@Z 0043b130 f i CommonPathfindingLib:GraphicsBufferManager.obj
 0002:00016170       ??$forward@ABH@std@@YAABHABH@Z 0043b170 f i CommonPathfindingLib:GraphicsBufferManager.obj
 0002:000161b0       ??$forward@ABU?$less@H@std@@@std@@YAABU?$less@H@0@ABU10@@Z 0043b1b0 f i CommonPathfindingLib:GraphicsBufferManager.obj
 0002:000161f0       ??$forward@ABU?$less@V?$basic_string@DU?$char_traits@D@std@@V?$allocator@D@2@@std@@@std@@@std@@YAABU?$less@V?$basic_string@DU?$char_traits@D@std@@V?$allocator@D@2@@std@@@0@ABU10@@Z 0043b1f0 f i CommonPathfindingLib:GraphicsBufferManager.obj
 0002:00016230       ??$forward@ABUpiecewise_construct_t@std@@@std@@YAABUpiecewise_construct_t@0@ABU10@@Z 0043b230 f i CommonPathfindingLib:GraphicsBufferManager.obj
 0002:00016270       ??$forward@ABV?$basic_string@DU?$char_traits@D@std@@V?$allocator@D@2@@std@@@std@@YAABV?$basic_string@DU?$char_traits@D@std@@V?$allocator@D@2@@0@ABV10@@Z 0043b270 f i CommonPathfindingLib:GraphicsBufferManager.obj
 0002:000162b0       ??$forward@U?$_Wrap_alloc@V?$allocator@D@std@@@std@@@std@@YA$$QAU?$_Wrap_alloc@V?$allocator@D@std@@@0@AAU10@@Z 0043b2b0 f i CommonPathfindingLib:GraphicsBufferManager.obj
 0002:000162f0       ??$forward@U_Zero_then_variadic_args_t@std@@@std@@YA$$QAU_Zero_then_variadic_args_t@0@AAU10@@Z 0043b2f0 f i CommonPathfindingLib:GraphicsBufferManager.obj
 0002:00016330       ??$forward@V?$_Tree_iterator@V?$_Tree_val@U?$_Tree_simple_types@U?$pair@$$CBHPAVGraphicsBuffer@@@std@@@std@@@std@@@std@@@std@@YA$$QAV?$_Tree_iterator@V?$_Tree_val@U?$_Tree_simple_types@U?$pair@$$CBHPAVGraphicsBuffer@@@std@@@std@@@std@@@0@AAV10@@Z 0043b330 f i CommonPathfindingLib:GraphicsBufferManager.obj
 0002:00016370       ??$forward@V?$_Tree_iterator@V?$_Tree_val@U?$_Tree_simple_types@U?$pair@$$CBV?$basic_string@DU?$char_traits@D@std@@V?$allocator@D@2@@std@@H@std@@@std@@@std@@@std@@@std@@YA$$QAV?$_Tree_iterator@V?$_Tree_val@U?$_Tree_simple_types@U?$pair@$$CBV?$basic_string@DU?$char_traits@D@std@@V?$allocator@D@2@@std@@H@std@@@std@@@std@@@0@AAV10@@Z 0043b370 f i CommonPathfindingLib:GraphicsBufferManager.obj
 0002:000163b0       ??$forward@V?$allocator@D@std@@@std@@YA$$QAV?$allocator@D@0@AAV10@@Z 0043b3b0 f i CommonPathfindingLib:GraphicsBufferManager.obj
 0002:000163f0       ??$forward@V?$tuple@$$V@std@@@std@@YA$$QAV?$tuple@$$V@0@AAV10@@Z 0043b3f0 f i CommonPathfindingLib:GraphicsBufferManager.obj
 0002:00016430       ??$forward@V?$tuple@ABH@std@@@std@@YA$$QAV?$tuple@ABH@0@AAV10@@Z 0043b430 f i CommonPathfindingLib:GraphicsBufferManager.obj
 0002:00016470       ??$forward@V?$tuple@ABV?$basic_string@DU?$char_traits@D@std@@V?$allocator@D@2@@std@@@std@@@std@@YA$$QAV?$tuple@ABV?$basic_string@DU?$char_traits@D@std@@V?$allocator@D@2@@std@@@0@AAV10@@Z 0043b470 f i CommonPathfindingLib:GraphicsBufferManager.obj
 0002:000164b0       ??$forward@_N@std@@YA$$QA_NAA_N@Z 0043b4b0 f i CommonPathfindingLib:GraphicsBufferManager.obj
 0002:000164f0       ??$forward_as_tuple@$$V@std@@YA?AV?$tuple@$$V@0@XZ 0043b4f0 f i CommonPathfindingLib:GraphicsBufferManager.obj
 0002:00016540       ??$forward_as_tuple@ABH@std@@YA?AV?$tuple@ABH@0@ABH@Z 0043b540 f i CommonPathfindingLib:GraphicsBufferManager.obj
 0002:000165e0       ??$forward_as_tuple@ABV?$basic_string@DU?$char_traits@D@std@@V?$allocator@D@2@@std@@@std@@YA?AV?$tuple@ABV?$basic_string@DU?$char_traits@D@std@@V?$allocator@D@2@@std@@@0@ABV?$basic_string@DU?$char_traits@D@std@@V?$allocator@D@2@@0@@Z 0043b5e0 f i CommonPathfindingLib:GraphicsBufferManager.obj
 0002:00016680       ??$get@$0A@ABH@std@@YAABH$$QAV?$tuple@ABH@0@@Z 0043b680 f i CommonPathfindingLib:GraphicsBufferManager.obj
 0002:000166d0       ??$get@$0A@ABV?$basic_string@DU?$char_traits@D@std@@V?$allocator@D@2@@std@@@std@@YAABV?$basic_string@DU?$char_traits@D@std@@V?$allocator@D@2@@0@$$QAV?$tuple@ABV?$basic_string@DU?$char_traits@D@std@@V?$allocator@D@2@@std@@@0@@Z 0043b6d0 f i CommonPathfindingLib:GraphicsBufferManager.obj
 0002:00016720       ??$move@AAD@std@@YA$$QADAAD@Z 0043b720 f i CommonPathfindingLib:GraphicsBufferManager.obj
 0002:00016760       ??$move@AAU?$_Wrap_alloc@V?$allocator@D@std@@@std@@@std@@YA$$QAU?$_Wrap_alloc@V?$allocator@D@std@@@0@AAU10@@Z 0043b760 f i CommonPathfindingLib:GraphicsBufferManager.obj
 0002:000167a0       ??$move@AAV?$tuple@ABH@std@@@std@@YA$$QAV?$tuple@ABH@0@AAV10@@Z 0043b7a0 f i CommonPathfindingLib:GraphicsBufferManager.obj
 0002:000167e0       ??$move@AAV?$tuple@ABV?$basic_string@DU?$char_traits@D@std@@V?$allocator@D@2@@std@@@std@@@std@@YA$$QAV?$tuple@ABV?$basic_string@DU?$char_traits@D@std@@V?$allocator@D@2@@std@@@0@AAV10@@Z 0043b7e0 f i CommonPathfindingLib:GraphicsBufferManager.obj
 0002:00016820       ??$swap@DX@std@@YAXAAD0@Z  0043b820 f i CommonPathfindingLib:GraphicsBufferManager.obj
 0002:000168e0       ??$try_emplace@$$V@?$map@HPAVGraphicsBuffer@@U?$less@H@std@@V?$allocator@U?$pair@$$CBHPAVGraphicsBuffer@@@std@@@3@@std@@QAE?AU?$pair@V?$_Tree_iterator@V?$_Tree_val@U?$_Tree_simple_types@U?$pair@$$CBHPAVGraphicsBuffer@@@std@@@std@@@std@@@std@@_N@1@ABH@Z 0043b8e0 f i CommonPathfindingLib:GraphicsBufferManager.obj
 0002:00016960       ??$try_emplace@$$V@?$map@V?$basic_string@DU?$char_traits@D@std@@V?$allocator@D@2@@std@@HU?$less@V?$basic_string@DU?$char_traits@D@std@@V?$allocator@D@2@@std@@@2@V?$allocator@U?$pair@$$CBV?$basic_string@DU?$char_traits@D@std@@V?$allocator@D@2@@std@@H@std@@@2@@std@@QAE?AU?$pair@V?$_Tree_iterator@V?$_Tree_val@U?$_Tree_simple_types@U?$pair@$$CBV?$basic_string@DU?$char_traits@D@std@@V?$allocator@D@2@@std@@H@std@@@std@@@std@@@std@@_N@1@ABV?$basic_string@DU?$char_traits@D@std@@V?$allocator@D@2@@1@@Z 0043b960 f i CommonPathfindingLib:GraphicsBufferManager.obj
 0002:000169e0       ??0?$_Iterator012@Ubidirectional_iterator_tag@std@@U?$pair@$$CBHPAVGraphicsBuffer@@@2@HPBU32@ABU32@U_Iterator_base12@2@@std@@QAE@$$QAU01@@Z 0043b9e0 f i CommonPathfindingLib:GraphicsBufferManager.obj
 0002:00016a40       ??0?$_Iterator012@Ubidirectional_iterator_tag@std@@U?$pair@$$CBHPAVGraphicsBuffer@@@2@HPBU32@ABU32@U_Iterator_base12@2@@std@@QAE@ABU01@@Z 0043ba40 f i CommonPathfindingLib:GraphicsBufferManager.obj
 0002:00016aa0       ??0?$_Iterator012@Ubidirectional_iterator_tag@std@@U?$pair@$$CBHPAVGraphicsBuffer@@@2@HPBU32@ABU32@U_Iterator_base12@2@@std@@QAE@XZ 0043baa0 f i CommonPathfindingLib:GraphicsBufferManager.obj
 0002:00016b00       ??0?$_Iterator012@Ubidirectional_iterator_tag@std@@U?$pair@$$CBV?$basic_string@DU?$char_traits@D@std@@V?$allocator@D@2@@std@@H@2@HPBU32@ABU32@U_Iterator_base12@2@@std@@QAE@$$QAU01@@Z 0043bb00 f i CommonPathfindingLib:GraphicsBufferManager.obj
 0002:00016b60       ??0?$_Iterator012@Ubidirectional_iterator_tag@std@@U?$pair@$$CBV?$basic_string@DU?$char_traits@D@std@@V?$allocator@D@2@@std@@H@2@HPBU32@ABU32@U_Iterator_base12@2@@std@@QAE@ABU01@@Z 0043bb60 f i CommonPathfindingLib:GraphicsBufferManager.obj
 0002:00016bc0       ??0?$_Iterator012@Ubidirectional_iterator_tag@std@@U?$pair@$$CBV?$basic_string@DU?$char_traits@D@std@@V?$allocator@D@2@@std@@H@2@HPBU32@ABU32@U_Iterator_base12@2@@std@@QAE@XZ 0043bbc0 f i CommonPathfindingLib:GraphicsBufferManager.obj
 0002:00016c20       ??0?$_Tree@V?$_Tmap_traits@HPAVGraphicsBuffer@@U?$less@H@std@@V?$allocator@U?$pair@$$CBHPAVGraphicsBuffer@@@std@@@3@$0A@@std@@@std@@QAE@ABU?$less@H@1@@Z 0043bc20 f i CommonPathfindingLib:GraphicsBufferManager.obj
 0002:00016c80       ??0?$_Tree@V?$_Tmap_traits@V?$basic_string@DU?$char_traits@D@std@@V?$allocator@D@2@@std@@HU?$less@V?$basic_string@DU?$char_traits@D@std@@V?$allocator@D@2@@std@@@2@V?$allocator@U?$pair@$$CBV?$basic_string@DU?$char_traits@D@std@@V?$allocator@D@2@@std@@H@std@@@2@$0A@@std@@@std@@QAE@ABU?$less@V?$basic_string@DU?$char_traits@D@std@@V?$allocator@D@2@@std@@@1@@Z 0043bc80 f i CommonPathfindingLib:GraphicsBufferManager.obj
 0002:00016ce0       ??0?$_Tree_comp_alloc@V?$_Tmap_traits@HPAVGraphicsBuffer@@U?$less@H@std@@V?$allocator@U?$pair@$$CBHPAVGraphicsBuffer@@@std@@@3@$0A@@std@@@std@@QAE@ABU?$less@H@1@@Z 0043bce0 f i CommonPathfindingLib:GraphicsBufferManager.obj
 0002:00016da0       ??0?$_Tree_comp_alloc@V?$_Tmap_traits@V?$basic_string@DU?$char_traits@D@std@@V?$allocator@D@2@@std@@HU?$less@V?$basic_string@DU?$char_traits@D@std@@V?$allocator@D@2@@std@@@2@V?$allocator@U?$pair@$$CBV?$basic_string@DU?$char_traits@D@std@@V?$allocator@D@2@@std@@H@std@@@2@$0A@@std@@@std@@QAE@ABU?$less@V?$basic_string@DU?$char_traits@D@std@@V?$allocator@D@2@@std@@@1@@Z 0043bda0 f i CommonPathfindingLib:GraphicsBufferManager.obj
 0002:00016e60       ??0?$_Tree_const_iterator@V?$_Tree_val@U?$_Tree_simple_types@U?$pair@$$CBHPAVGraphicsBuffer@@@std@@@std@@@std@@@std@@QAE@$$QAV01@@Z 0043be60 f i CommonPathfindingLib:GraphicsBufferManager.obj
 0002:00016ec0       ??0?$_Tree_const_iterator@V?$_Tree_val@U?$_Tree_simple_types@U?$pair@$$CBHPAVGraphicsBuffer@@@std@@@std@@@std@@@std@@QAE@ABV01@@Z 0043bec0 f i CommonPathfindingLib:GraphicsBufferManager.obj
 0002:00016f20       ??0?$_Tree_const_iterator@V?$_Tree_val@U?$_Tree_simple_types@U?$pair@$$CBHPAVGraphicsBuffer@@@std@@@std@@@std@@@std@@QAE@PAU?$_Tree_node@U?$pair@$$CBHPAVGraphicsBuffer@@@std@@PAX@1@PBV?$_Tree_val@U?$_Tree_simple_types@U?$pair@$$CBHPAVGraphicsBuffer@@@std@@@std@@@1@@Z 0043bf20 f i CommonPathfindingLib:GraphicsBufferManager.obj
 0002:00016f80       ??0?$_Tree_const_iterator@V?$_Tree_val@U?$_Tree_simple_types@U?$pair@$$CBHPAVGraphicsBuffer@@@std@@@std@@@std@@@std@@QAE@XZ 0043bf80 f i CommonPathfindingLib:GraphicsBufferManager.obj
 0002:00016fe0       ??0?$_Tree_const_iterator@V?$_Tree_val@U?$_Tree_simple_types@U?$pair@$$CBV?$basic_string@DU?$char_traits@D@std@@V?$allocator@D@2@@std@@H@std@@@std@@@std@@@std@@QAE@$$QAV01@@Z 0043bfe0 f i CommonPathfindingLib:GraphicsBufferManager.obj
 0002:00017040       ??0?$_Tree_const_iterator@V?$_Tree_val@U?$_Tree_simple_types@U?$pair@$$CBV?$basic_string@DU?$char_traits@D@std@@V?$allocator@D@2@@std@@H@std@@@std@@@std@@@std@@QAE@ABV01@@Z 0043c040 f i CommonPathfindingLib:GraphicsBufferManager.obj
 0002:000170a0       ??0?$_Tree_const_iterator@V?$_Tree_val@U?$_Tree_simple_types@U?$pair@$$CBV?$basic_string@DU?$char_traits@D@std@@V?$allocator@D@2@@std@@H@std@@@std@@@std@@@std@@QAE@PAU?$_Tree_node@U?$pair@$$CBV?$basic_string@DU?$char_traits@D@std@@V?$allocator@D@2@@std@@H@std@@PAX@1@PBV?$_Tree_val@U?$_Tree_simple_types@U?$pair@$$CBV?$basic_string@DU?$char_traits@D@std@@V?$allocator@D@2@@std@@H@std@@@std@@@1@@Z 0043c0a0 f i CommonPathfindingLib:GraphicsBufferManager.obj
 0002:00017100       ??0?$_Tree_const_iterator@V?$_Tree_val@U?$_Tree_simple_types@U?$pair@$$CBV?$basic_string@DU?$char_traits@D@std@@V?$allocator@D@2@@std@@H@std@@@std@@@std@@@std@@QAE@XZ 0043c100 f i CommonPathfindingLib:GraphicsBufferManager.obj
 0002:00017160       ??0?$_Tree_iterator@V?$_Tree_val@U?$_Tree_simple_types@U?$pair@$$CBHPAVGraphicsBuffer@@@std@@@std@@@std@@@std@@QAE@$$QAV01@@Z 0043c160 f i CommonPathfindingLib:GraphicsBufferManager.obj
 0002:000171c0       ??0?$_Tree_iterator@V?$_Tree_val@U?$_Tree_simple_types@U?$pair@$$CBHPAVGraphicsBuffer@@@std@@@std@@@std@@@std@@QAE@ABV01@@Z 0043c1c0 f i CommonPathfindingLib:GraphicsBufferManager.obj
 0002:00017220       ??0?$_Tree_iterator@V?$_Tree_val@U?$_Tree_simple_types@U?$pair@$$CBHPAVGraphicsBuffer@@@std@@@std@@@std@@@std@@QAE@PAU?$_Tree_node@U?$pair@$$CBHPAVGraphicsBuffer@@@std@@PAX@1@PBV?$_Tree_val@U?$_Tree_simple_types@U?$pair@$$CBHPAVGraphicsBuffer@@@std@@@std@@@1@@Z 0043c220 f i CommonPathfindingLib:GraphicsBufferManager.obj
 0002:00017280       ??0?$_Tree_iterator@V?$_Tree_val@U?$_Tree_simple_types@U?$pair@$$CBHPAVGraphicsBuffer@@@std@@@std@@@std@@@std@@QAE@XZ 0043c280 f i CommonPathfindingLib:GraphicsBufferManager.obj
 0002:000172e0       ??0?$_Tree_iterator@V?$_Tree_val@U?$_Tree_simple_types@U?$pair@$$CBV?$basic_string@DU?$char_traits@D@std@@V?$allocator@D@2@@std@@H@std@@@std@@@std@@@std@@QAE@$$QAV01@@Z 0043c2e0 f i CommonPathfindingLib:GraphicsBufferManager.obj
 0002:00017340       ??0?$_Tree_iterator@V?$_Tree_val@U?$_Tree_simple_types@U?$pair@$$CBV?$basic_string@DU?$char_traits@D@std@@V?$allocator@D@2@@std@@H@std@@@std@@@std@@@std@@QAE@ABV01@@Z 0043c340 f i CommonPathfindingLib:GraphicsBufferManager.obj
 0002:000173a0       ??0?$_Tree_iterator@V?$_Tree_val@U?$_Tree_simple_types@U?$pair@$$CBV?$basic_string@DU?$char_traits@D@std@@V?$allocator@D@2@@std@@H@std@@@std@@@std@@@std@@QAE@PAU?$_Tree_node@U?$pair@$$CBV?$basic_string@DU?$char_traits@D@std@@V?$allocator@D@2@@std@@H@std@@PAX@1@PBV?$_Tree_val@U?$_Tree_simple_types@U?$pair@$$CBV?$basic_string@DU?$char_traits@D@std@@V?$allocator@D@2@@std@@H@std@@@std@@@1@@Z 0043c3a0 f i CommonPathfindingLib:GraphicsBufferManager.obj
 0002:00017400       ??0?$_Tree_iterator@V?$_Tree_val@U?$_Tree_simple_types@U?$pair@$$CBV?$basic_string@DU?$char_traits@D@std@@V?$allocator@D@2@@std@@H@std@@@std@@@std@@@std@@QAE@XZ 0043c400 f i CommonPathfindingLib:GraphicsBufferManager.obj
 0002:00017460       ??0?$_Tree_unchecked_const_iterator@V?$_Tree_val@U?$_Tree_simple_types@U?$pair@$$CBHPAVGraphicsBuffer@@@std@@@std@@@std@@U_Iterator_base12@2@@std@@QAE@$$QAV01@@Z 0043c460 f i CommonPathfindingLib:GraphicsBufferManager.obj
 0002:000174d0       ??0?$_Tree_unchecked_const_iterator@V?$_Tree_val@U?$_Tree_simple_types@U?$pair@$$CBHPAVGraphicsBuffer@@@std@@@std@@@std@@U_Iterator_base12@2@@std@@QAE@ABV01@@Z 0043c4d0 f i CommonPathfindingLib:GraphicsBufferManager.obj
 0002:00017540       ??0?$_Tree_unchecked_const_iterator@V?$_Tree_val@U?$_Tree_simple_types@U?$pair@$$CBHPAVGraphicsBuffer@@@std@@@std@@@std@@U_Iterator_base12@2@@std@@QAE@PAU?$_Tree_node@U?$pair@$$CBHPAVGraphicsBuffer@@@std@@PAX@1@PBV?$_Tree_val@U?$_Tree_simple_types@U?$pair@$$CBHPAVGraphicsBuffer@@@std@@@std@@@1@@Z 0043c540 f i CommonPathfindingLib:GraphicsBufferManager.obj
 0002:00017600       ??0?$_Tree_unchecked_const_iterator@V?$_Tree_val@U?$_Tree_simple_types@U?$pair@$$CBHPAVGraphicsBuffer@@@std@@@std@@@std@@U_Iterator_base12@2@@std@@QAE@XZ 0043c600 f i CommonPathfindingLib:GraphicsBufferManager.obj
 0002:00017660       ??0?$_Tree_unchecked_const_iterator@V?$_Tree_val@U?$_Tree_simple_types@U?$pair@$$CBV?$basic_string@DU?$char_traits@D@std@@V?$allocator@D@2@@std@@H@std@@@std@@@std@@U_Iterator_base12@2@@std@@QAE@$$QAV01@@Z 0043c660 f i CommonPathfindingLib:GraphicsBufferManager.obj
 0002:000176d0       ??0?$_Tree_unchecked_const_iterator@V?$_Tree_val@U?$_Tree_simple_types@U?$pair@$$CBV?$basic_string@DU?$char_traits@D@std@@V?$allocator@D@2@@std@@H@std@@@std@@@std@@U_Iterator_base12@2@@std@@QAE@ABV01@@Z 0043c6d0 f i CommonPathfindingLib:GraphicsBufferManager.obj
 0002:00017740       ??0?$_Tree_unchecked_const_iterator@V?$_Tree_val@U?$_Tree_simple_types@U?$pair@$$CBV?$basic_string@DU?$char_traits@D@std@@V?$allocator@D@2@@std@@H@std@@@std@@@std@@U_Iterator_base12@2@@std@@QAE@PAU?$_Tree_node@U?$pair@$$CBV?$basic_string@DU?$char_traits@D@std@@V?$allocator@D@2@@std@@H@std@@PAX@1@PBV?$_Tree_val@U?$_Tree_simple_types@U?$pair@$$CBV?$basic_string@DU?$char_traits@D@std@@V?$allocator@D@2@@std@@H@std@@@std@@@1@@Z 0043c740 f i CommonPathfindingLib:GraphicsBufferManager.obj
 0002:00017800       ??0?$_Tree_unchecked_const_iterator@V?$_Tree_val@U?$_Tree_simple_types@U?$pair@$$CBV?$basic_string@DU?$char_traits@D@std@@V?$allocator@D@2@@std@@H@std@@@std@@@std@@U_Iterator_base12@2@@std@@QAE@XZ 0043c800 f i CommonPathfindingLib:GraphicsBufferManager.obj
 0002:00017860       ??0?$_Tree_val@U?$_Tree_simple_types@U?$pair@$$CBHPAVGraphicsBuffer@@@std@@@std@@@std@@QAE@XZ 0043c860 f i CommonPathfindingLib:GraphicsBufferManager.obj
 0002:000178d0       ??0?$_Tree_val@U?$_Tree_simple_types@U?$pair@$$CBV?$basic_string@DU?$char_traits@D@std@@V?$allocator@D@2@@std@@H@std@@@std@@@std@@QAE@XZ 0043c8d0 f i CommonPathfindingLib:GraphicsBufferManager.obj
[...]
 0005:000000a4       __imp_??6?$basic_ostream@DU?$char_traits@D@std@@@std@@QAEAAV01@P6AAAV01@AAV01@@Z@Z 004800a4     msvcprtd:MSVCP140D.dll
 0005:000000a8       __imp_?widen@?$basic_ios@DU?$char_traits@D@std@@@std@@QBEDD@Z 004800a8     msvcprtd:MSVCP140D.dll
 0005:000000ac       __imp_??5?$basic_istream@DU?$char_traits@D@std@@@std@@QAEAAV01@AAH@Z 004800ac     msvcprtd:MSVCP140D.dll
 0005:000000b0       __imp_??6?$basic_ostream@DU?$char_traits@D@std@@@std@@QAEAAV01@H@Z 004800b0     msvcprtd:MSVCP140D.dll
 0005:000000b4       __imp_?cout@std@@3V?$basic_ostream@DU?$char_traits@D@std@@@1@A 004800b4     msvcprtd:MSVCP140D.dll
 0005:000000b8       __imp_?id@?$codecvt@DDU_Mbstatet@@@std@@2V0locale@2@A 004800b8     msvcprtd:MSVCP140D.dll
 0005:000000bc       __imp_?_BADOFF@std@@3_JB   004800bc     msvcprtd:MSVCP140D.dll
 0005:000000c0       __imp_?xsputn@?$basic_streambuf@DU?$char_traits@D@std@@@std@@MAE_JPBD_J@Z 004800c0     msvcprtd:MSVCP140D.dll
 0005:000000c4       __imp_?xsgetn@?$basic_streambuf@DU?$char_traits@D@std@@@std@@MAE_JPAD_J@Z 004800c4     msvcprtd:MSVCP140D.dll
 0005:000000c8       __imp_?showmanyc@?$basic_streambuf@DU?$char_traits@D@std@@@std@@MAE_JXZ 004800c8     msvcprtd:MSVCP140D.dll
 0005:000000cc       __imp_?_Fiopen@std@@YAPAU_iobuf@@PBDHH@Z 004800cc     msvcprtd:MSVCP140D.dll
 0005:000000d0       __imp_??1?$basic_istream@DU?$char_traits@D@std@@@std@@UAE@XZ 004800d0     msvcprtd:MSVCP140D.dll
 0005:000000d4       __imp_??0?$basic_istream@DU?$char_traits@D@std@@@std@@QAE@PAV?$basic_streambuf@DU?$char_traits@D@std@@@1@_N@Z 004800d4     msvcprtd:MSVCP140D.dll
 0005:000000d8       __imp_??6?$basic_ostream@DU?$char_traits@D@std@@@std@@QAEAAV01@PBX@Z 004800d8     msvcprtd:MSVCP140D.dll
 0005:000000dc       __imp_?put@?$basic_ostream@DU?$char_traits@D@std@@@std@@QAEAAV12@D@Z 004800dc     msvcprtd:MSVCP140D.dll
 0005:000000e0       __imp_??6?$basic_ostream@DU?$char_traits@D@std@@@std@@QAEAAV01@I@Z 004800e0     msvcprtd:MSVCP140D.dll
 0005:000000e4       __imp_??0_Lockit@std@@QAE@H@Z 004800e4     msvcprtd:MSVCP140D.dll
 0005:000000e8       __imp_??1_Lockit@std@@QAE@XZ 004800e8     msvcprtd:MSVCP140D.dll
 0005:000000ec       __imp_?_Debug_message@std@@YAXPB_W0I@Z 004800ec     msvcprtd:MSVCP140D.dll
 0005:000000f0       __imp_?_Xbad_alloc@std@@YAXXZ 004800f0     msvcprtd:MSVCP140D.dll
 0005:000000f4       __imp_?_Xlength_error@std@@YAXPBD@Z 004800f4     msvcprtd:MSVCP140D.dll
 0005:000000f8       __imp_?_Xout_of_range@std@@YAXPBD@Z 004800f8     msvcprtd:MSVCP140D.dll
 0005:000000fc       __imp_?uncaught_exception@std@@YA_NXZ 004800fc     msvcprtd:MSVCP140D.dll
 0005:00000100       __imp_??Bid@locale@std@@QAEIXZ 00480100     msvcprtd:MSVCP140D.dll
 0005:00000104       __imp_?_Getgloballocale@locale@std@@CAPAV_Locimp@12@XZ 00480104     msvcprtd:MSVCP140D.dll
 0005:00000108       __imp_?always_noconv@codecvt_base@std@@QBE_NXZ 00480108     msvcprtd:MSVCP140D.dll
 0005:0000010c       __imp_?in@?$codecvt@DDU_Mbstatet@@@std@@QBEHAAU_Mbstatet@@PBD1AAPBDPAD3AAPAD@Z 0048010c     msvcprtd:MSVCP140D.dll
 0005:00000110       __imp_?out@?$codecvt@DDU_Mbstatet@@@std@@QBEHAAU_Mbstatet@@PBD1AAPBDPAD3AAPAD@Z 00480110     msvcprtd:MSVCP140D.dll
 0005:00000114       __imp_?unshift@?$codecvt@DDU_Mbstatet@@@std@@QBEHAAU_Mbstatet@@PAD1AAPAD@Z 00480114     msvcprtd:MSVCP140D.dll
 0005:00000118       __imp_?_Getcat@?$codecvt@DDU_Mbstatet@@@std@@SAIPAPBVfacet@locale@2@PBV42@@Z 00480118     msvcprtd:MSVCP140D.dll
 0005:0000011c       __imp_?good@ios_base@std@@QBE_NXZ 0048011c     msvcprtd:MSVCP140D.dll
 0005:00000120       __imp_?flags@ios_base@std@@QBEHXZ 00480120     msvcprtd:MSVCP140D.dll
 0005:00000124       __imp_?width@ios_base@std@@QBE_JXZ 00480124     msvcprtd:MSVCP140D.dll
 0005:00000128       __imp_?width@ios_base@std@@QAE_J_J@Z 00480128     msvcprtd:MSVCP140D.dll
 0005:0000012c       __imp_??0?$basic_streambuf@DU?$char_traits@D@std@@@std@@IAE@XZ 0048012c     msvcprtd:MSVCP140D.dll
 0005:00000130       __imp_??1?$basic_streambuf@DU?$char_traits@D@std@@@std@@UAE@XZ 00480130     msvcprtd:MSVCP140D.dll
 0005:00000134       __imp_?getloc@?$basic_streambuf@DU?$char_traits@D@std@@@std@@QBE?AVlocale@2@XZ 00480134     msvcprtd:MSVCP140D.dll
 0005:00000138       __imp_?sputc@?$basic_streambuf@DU?$char_traits@D@std@@@std@@QAEHD@Z 00480138     msvcprtd:MSVCP140D.dll
 0005:0000013c       __imp_?sputn@?$basic_streambuf@DU?$char_traits@D@std@@@std@@QAE_JPBD_J@Z 0048013c     msvcprtd:MSVCP140D.dll
 0005:00000140       __imp_?eback@?$basic_streambuf@DU?$char_traits@D@std@@@std@@IBEPADXZ 00480140     msvcprtd:MSVCP140D.dll
 0005:00000144       __imp_?gptr@?$basic_streambuf@DU?$char_traits@D@std@@@std@@IBEPADXZ 00480144     msvcprtd:MSVCP140D.dll
 0005:00000148       __imp_?pptr@?$basic_streambuf@DU?$char_traits@D@std@@@std@@IBEPADXZ 00480148     msvcprtd:MSVCP140D.dll
 0005:0000014c       __imp_?egptr@?$basic_streambuf@DU?$char_traits@D@std@@@std@@IBEPADXZ 0048014c     msvcprtd:MSVCP140D.dll
 0005:00000150       __imp_?setg@?$basic_streambuf@DU?$char_traits@D@std@@@std@@IAEXPAD00@Z 00480150     msvcprtd:MSVCP140D.dll
 0005:00000154       __imp_?epptr@?$basic_streambuf@DU?$char_traits@D@std@@@std@@IBEPADXZ 00480154     msvcprtd:MSVCP140D.dll
 0005:00000158       __imp_?_Gndec@?$basic_streambuf@DU?$char_traits@D@std@@@std@@IAEPADXZ 00480158     msvcprtd:MSVCP140D.dll
 0005:0000015c       __imp_?_Gninc@?$basic_streambuf@DU?$char_traits@D@std@@@std@@IAEPADXZ 0048015c     msvcprtd:MSVCP140D.dll
 0005:00000160       __imp_?_Pninc@?$basic_streambuf@DU?$char_traits@D@std@@@std@@IAEPADXZ 00480160     msvcprtd:MSVCP140D.dll
 0005:00000164       __imp_?_Init@?$basic_streambuf@DU?$char_traits@D@std@@@std@@IAEXXZ 00480164     msvcprtd:MSVCP140D.dll
 0005:00000168       __imp_?_Init@?$basic_streambuf@DU?$char_traits@D@std@@@std@@IAEXPAPAD0PAH001@Z 00480168     msvcprtd:MSVCP140D.dll
 0005:0000016c       __imp_??1?$basic_ios@DU?$char_traits@D@std@@@std@@UAE@XZ 0048016c     msvcprtd:MSVCP140D.dll
 0005:00000170       __imp_?setstate@?$basic_ios@DU?$char_traits@D@std@@@std@@QAEXH_N@Z 00480170     msvcprtd:MSVCP140D.dll
 0005:00000174       __imp_?tie@?$basic_ios@DU?$char_traits@D@std@@@std@@QBEPAV?$basic_ostream@DU?$char_traits@D@std@@@2@XZ 00480174     msvcprtd:MSVCP140D.dll
 0005:00000178       __imp_?rdbuf@?$basic_ios@DU?$char_traits@D@std@@@std@@QBEPAV?$basic_streambuf@DU?$char_traits@D@std@@@2@XZ 00480178     msvcprtd:MSVCP140D.dll
 0005:0000017c       __imp_?fill@?$basic_ios@DU?$char_traits@D@std@@@std@@QBEDXZ 0048017c     msvcprtd:MSVCP140D.dll
 0005:00000180       __imp_??0?$basic_ios@DU?$char_traits@D@std@@@std@@IAE@XZ 00480180     msvcprtd:MSVCP140D.dll
 0005:00000184       __imp_??0?$basic_ostream@DU?$char_traits@D@std@@@std@@QAE@PAV?$basic_streambuf@DU?$char_traits@D@std@@@1@_N@Z 00480184     msvcprtd:MSVCP140D.dll
 0005:00000188       __imp_??1?$basic_ostream@DU?$char_traits@D@std@@@std@@UAE@XZ 00480188     msvcprtd:MSVCP140D.dll
 0005:0000018c       __imp_?_Osfx@?$basic_ostream@DU?$char_traits@D@std@@@std@@QAEXXZ 0048018c     msvcprtd:MSVCP140D.dll
 0005:00000190       __imp_?flush@?$basic_ostream@DU?$char_traits@D@std@@@std@@QAEAAV12@XZ 00480190     msvcprtd:MSVCP140D.dll
 0005:00000194       \177MSVCP140D_NULL_THUNK_DATA 00480194     msvcprtd:MSVCP140D.dll
 0005:000001f0       __imp____vcrt_GetModuleHandleW 004801f0     vcruntimed:VCRUNTIME140D.dll
 0005:000001f4       __imp____vcrt_GetModuleFileNameW 004801f4     vcruntimed:VCRUNTIME140D.dll
 0005:000001f8       __imp____std_type_info_destroy_list 004801f8     vcruntimed:VCRUNTIME140D.dll
 0005:000001fc       __imp___except_handler4_common 004801fc     vcruntimed:VCRUNTIME140D.dll
 0005:00000200       __imp__memcmp              00480200     vcruntimed:VCRUNTIME140D.dll
 0005:00000204       __imp____RTDynamicCast     00480204     vcruntimed:VCRUNTIME140D.dll
 0005:00000208       __imp____std_exception_destroy 00480208     vcruntimed:VCRUNTIME140D.dll
 0005:0000020c       __imp____std_exception_copy 0048020c     vcruntimed:VCRUNTIME140D.dll
 0005:00000210       __imp__memset              00480210     vcruntimed:VCRUNTIME140D.dll
 0005:00000214       __imp____CxxFrameHandler3  00480214     vcruntimed:VCRUNTIME140D.dll
 0005:00000218       __imp___CxxThrowException@8 00480218     vcruntimed:VCRUNTIME140D.dll
 0005:0000021c       __imp__memmove             0048021c     vcruntimed:VCRUNTIME140D.dll
 0005:00000220       __imp__memcpy              00480220     vcruntimed:VCRUNTIME140D.dll
 0005:00000224       __imp____vcrt_LoadLibraryExW 00480224     vcruntimed:VCRUNTIME140D.dll
 0005:00000228       \177VCRUNTIME140D_NULL_THUNK_DATA 00480228     vcruntimed:VCRUNTIME140D.dll
 0005:0000025c       __imp__al_create_display   0048025c     allegro-5.0.10-monolith-md-debug:allegro-5.0.10-monolith-md-debug.dll
 0005:00000260       __imp__al_draw_filled_rectangle 00480260     allegro-5.0.10-monolith-md-debug:allegro-5.0.10-monolith-md-debug.dll
 0005:00000264       __imp__al_destroy_display  00480264     allegro-5.0.10-monolith-md-debug:allegro-5.0.10-monolith-md-debug.dll
 0005:00000268       __imp__al_set_target_bitmap 00480268     allegro-5.0.10-monolith-md-debug:allegro-5.0.10-monolith-md-debug.dll
 0005:0000026c       __imp__al_get_backbuffer   0048026c     allegro-5.0.10-monolith-md-debug:allegro-5.0.10-monolith-md-debug.dll
 0005:00000270       __imp__al_get_target_bitmap 00480270     allegro-5.0.10-monolith-md-debug:allegro-5.0.10-monolith-md-debug.dll
 0005:00000274       __imp__al_flip_display     00480274     allegro-5.0.10-monolith-md-debug:allegro-5.0.10-monolith-md-debug.dll
 0005:00000278       __imp__al_create_sub_bitmap 00480278     allegro-5.0.10-monolith-md-debug:allegro-5.0.10-monolith-md-debug.dll
 0005:0000027c       __imp__al_draw_bitmap      0048027c     allegro-5.0.10-monolith-md-debug:allegro-5.0.10-monolith-md-debug.dll
 0005:00000280       __imp__al_draw_rotated_bitmap 00480280     allegro-5.0.10-monolith-md-debug:allegro-5.0.10-monolith-md-debug.dll
 0005:00000284       __imp__al_create_bitmap    00480284     allegro-5.0.10-monolith-md-debug:allegro-5.0.10-monolith-md-debug.dll
 0005:00000288       __imp__al_destroy_bitmap   00480288     allegro-5.0.10-monolith-md-debug:allegro-5.0.10-monolith-md-debug.dll
 0005:0000028c       __imp__al_clone_bitmap     0048028c     allegro-5.0.10-monolith-md-debug:allegro-5.0.10-monolith-md-debug.dll
 0005:00000290       __imp__al_load_bitmap      00480290     allegro-5.0.10-monolith-md-debug:allegro-5.0.10-monolith-md-debug.dll
 0005:00000294       __imp__al_clear_to_color   00480294     allegro-5.0.10-monolith-md-debug:allegro-5.0.10-monolith-md-debug.dll
 0005:00000298       __imp__al_draw_text        00480298     allegro-5.0.10-monolith-md-debug:allegro-5.0.10-monolith-md-debug.dll
 0005:0000029c       __imp__al_get_bitmap_height 0048029c     allegro-5.0.10-monolith-md-debug:allegro-5.0.10-monolith-md-debug.dll
 0005:000002a0       __imp__al_get_mouse_state  004802a0     allegro-5.0.10-monolith-md-debug:allegro-5.0.10-monolith-md-debug.dll
 0005:000002a4       __imp__al_mouse_button_down 004802a4     allegro-5.0.10-monolith-md-debug:allegro-5.0.10-monolith-md-debug.dll
 0005:000002a8       __imp__al_get_keyboard_state 004802a8     allegro-5.0.10-monolith-md-debug:allegro-5.0.10-monolith-md-debug.dll
 0005:000002ac       __imp__al_key_down         004802ac     allegro-5.0.10-monolith-md-debug:allegro-5.0.10-monolith-md-debug.dll
 0005:000002b0       __imp__al_install_system   004802b0     allegro-5.0.10-monolith-md-debug:allegro-5.0.10-monolith-md-debug.dll
 0005:000002b4       __imp__al_install_audio    004802b4     allegro-5.0.10-monolith-md-debug:allegro-5.0.10-monolith-md-debug.dll
 0005:000002b8       __imp__al_uninstall_audio  004802b8     allegro-5.0.10-monolith-md-debug:allegro-5.0.10-monolith-md-debug.dll
 0005:000002bc       __imp__al_reserve_samples  004802bc     allegro-5.0.10-monolith-md-debug:allegro-5.0.10-monolith-md-debug.dll
 0005:000002c0       __imp__al_init_acodec_addon 004802c0     allegro-5.0.10-monolith-md-debug:allegro-5.0.10-monolith-md-debug.dll
 0005:000002c4       __imp__al_init_image_addon 004802c4     allegro-5.0.10-monolith-md-debug:allegro-5.0.10-monolith-md-debug.dll
 0005:000002c8       __imp__al_shutdown_image_addon 004802c8     allegro-5.0.10-monolith-md-debug:allegro-5.0.10-monolith-md-debug.dll
 0005:000002cc       __imp__al_destroy_font     004802cc     allegro-5.0.10-monolith-md-debug:allegro-5.0.10-monolith-md-debug.dll
 0005:000002d0       __imp__al_init_font_addon  004802d0     allegro-5.0.10-monolith-md-debug:allegro-5.0.10-monolith-md-debug.dll
 0005:000002d4       __imp__al_shutdown_font_addon 004802d4     allegro-5.0.10-monolith-md-debug:allegro-5.0.10-monolith-md-debug.dll
 0005:000002d8       __imp__al_load_ttf_font    004802d8     allegro-5.0.10-monolith-md-debug:allegro-5.0.10-monolith-md-debug.dll
 0005:000002dc       __imp__al_init_ttf_addon   004802dc     allegro-5.0.10-monolith-md-debug:allegro-5.0.10-monolith-md-debug.dll
 0005:000002e0       __imp__al_shutdown_ttf_addon 004802e0     allegro-5.0.10-monolith-md-debug:allegro-5.0.10-monolith-md-debug.dll
 0005:000002e4       __imp__al_init_primitives_addon 004802e4     allegro-5.0.10-monolith-md-debug:allegro-5.0.10-monolith-md-debug.dll
 0005:000002e8       __imp__al_shutdown_primitives_addon 004802e8     allegro-5.0.10-monolith-md-debug:allegro-5.0.10-monolith-md-debug.dll
 0005:000002ec       __imp__al_map_rgb          004802ec     allegro-5.0.10-monolith-md-debug:allegro-5.0.10-monolith-md-debug.dll
 0005:000002f0       __imp__al_get_bitmap_width 004802f0     allegro-5.0.10-monolith-md-debug:allegro-5.0.10-monolith-md-debug.dll
 0005:000002f4       \177allegro-5.0.10-monolith-md-debug_NULL_THUNK_DATA 004802f4     allegro-5.0.10-monolith-md-debug:allegro-5.0.10-monolith-md-debug.dll
 0005:0000033c       __imp___time64             0048033c     ucrtd:ucrtbased.dll
 0005:00000340       __imp___wassert            00480340     ucrtd:ucrtbased.dll
 0005:00000344       __imp____acrt_iob_func     00480344     ucrtd:ucrtbased.dll
 0005:00000348       __imp____stdio_common_vfprintf 00480348     ucrtd:ucrtbased.dll
 0005:0000034c       __imp__free                0048034c     ucrtd:ucrtbased.dll
 0005:00000350       __imp__malloc              00480350     ucrtd:ucrtbased.dll
 0005:00000354       __imp__rand                00480354     ucrtd:ucrtbased.dll
 0005:00000358       __imp___free_dbg           00480358     ucrtd:ucrtbased.dll
 0005:0000035c       __imp___malloc_dbg         0048035c     ucrtd:ucrtbased.dll
 0005:00000360       __imp___callnewh           00480360     ucrtd:ucrtbased.dll
 0005:00000364       __imp___CrtDbgReport       00480364     ucrtd:ucrtbased.dll
 0005:00000368       __imp___seh_filter_dll     00480368     ucrtd:ucrtbased.dll
 0005:0000036c       __imp___configure_narrow_argv 0048036c     ucrtd:ucrtbased.dll
 0005:00000370       __imp___initialize_narrow_environment 00480370     ucrtd:ucrtbased.dll
 0005:00000374       __imp___initialize_onexit_table 00480374     ucrtd:ucrtbased.dll
 0005:00000378       __imp___register_onexit_function 00480378     ucrtd:ucrtbased.dll
 0005:0000037c       __imp___execute_onexit_table 0048037c     ucrtd:ucrtbased.dll
 0005:00000380       __imp___crt_atexit         00480380     ucrtd:ucrtbased.dll
 0005:00000384       __imp___crt_at_quick_exit  00480384     ucrtd:ucrtbased.dll
 0005:00000388       __imp___cexit              00480388     ucrtd:ucrtbased.dll
 0005:0000038c       __imp___seh_filter_exe     0048038c     ucrtd:ucrtbased.dll
 0005:00000390       __imp___set_app_type       00480390     ucrtd:ucrtbased.dll
 0005:00000394       __imp____setusermatherr    00480394     ucrtd:ucrtbased.dll
 0005:00000398       __imp___get_initial_narrow_environment 00480398     ucrtd:ucrtbased.dll
 0005:0000039c       __imp___initterm           0048039c     ucrtd:ucrtbased.dll
 0005:000003a0       __imp___initterm_e         004803a0     ucrtd:ucrtbased.dll
 0005:000003a4       __imp__exit                004803a4     ucrtd:ucrtbased.dll
 0005:000003a8       __imp___exit               004803a8     ucrtd:ucrtbased.dll
 0005:000003ac       __imp___set_fmode          004803ac     ucrtd:ucrtbased.dll
 0005:000003b0       __imp____p___argc          004803b0     ucrtd:ucrtbased.dll
 0005:000003b4       __imp____p___argv          004803b4     ucrtd:ucrtbased.dll
 0005:000003b8       __imp___c_exit             004803b8     ucrtd:ucrtbased.dll
 0005:000003bc       __imp___register_thread_local_exe_atexit_callback 004803bc     ucrtd:ucrtbased.dll
 0005:000003c0       __imp___configthreadlocale 004803c0     ucrtd:ucrtbased.dll
 0005:000003c4       __imp___set_new_mode       004803c4     ucrtd:ucrtbased.dll
 0005:000003c8       __imp____p__commode        004803c8     ucrtd:ucrtbased.dll
 0005:000003cc       __imp___except1            004803cc     ucrtd:ucrtbased.dll
 0005:000003d0       __imp____stdio_common_vsprintf_s 004803d0     ucrtd:ucrtbased.dll
 0005:000003d4       __imp__terminate           004803d4     ucrtd:ucrtbased.dll
 0005:000003d8       __imp___controlfp_s        004803d8     ucrtd:ucrtbased.dll
 0005:000003dc       __imp___wmakepath_s        004803dc     ucrtd:ucrtbased.dll
 0005:000003e0       __imp___wsplitpath_s       004803e0     ucrtd:ucrtbased.dll
 0005:000003e4       __imp__wcscpy_s            004803e4     ucrtd:ucrtbased.dll
 0005:000003e8       __imp__srand               004803e8     ucrtd:ucrtbased.dll
 0005:000003ec       __imp___unlock_file        004803ec     ucrtd:ucrtbased.dll
 0005:000003f0       __imp___lock_file          004803f0     ucrtd:ucrtbased.dll
 0005:000003f4       __imp__ungetc              004803f4     ucrtd:ucrtbased.dll
 0005:000003f8       __imp__setvbuf             004803f8     ucrtd:ucrtbased.dll
 0005:000003fc       __imp__fwrite              004803fc     ucrtd:ucrtbased.dll
 0005:00000400       __imp___fseeki64           00480400     ucrtd:ucrtbased.dll
 0005:00000404       __imp__fsetpos             00480404     ucrtd:ucrtbased.dll
 0005:00000408       __imp__fputc               00480408     ucrtd:ucrtbased.dll
 0005:0000040c       __imp__fgetpos             0048040c     ucrtd:ucrtbased.dll
 0005:00000410       __imp__fgetc               00480410     ucrtd:ucrtbased.dll
 0005:00000414       __imp__fflush              00480414     ucrtd:ucrtbased.dll
 0005:00000418       __imp__fclose              00480418     ucrtd:ucrtbased.dll
 0005:0000041c       __imp___get_stream_buffer_pointers 0048041c     ucrtd:ucrtbased.dll
 0005:00000420       __imp__system              00480420     ucrtd:ucrtbased.dll
 0005:00000424       __imp___errno              00480424     ucrtd:ucrtbased.dll
 0005:00000428       __imp___invalid_parameter_noinfo 00480428     ucrtd:ucrtbased.dll
 0005:0000042c       __imp___CrtDbgReportW      0048042c     ucrtd:ucrtbased.dll
 0005:00000430       __imp__strlen              00480430     ucrtd:ucrtbased.dll
 0005:00000434       __imp__atan                00480434     ucrtd:ucrtbased.dll
 0005:00000438       __imp___invalid_parameter  00480438     ucrtd:ucrtbased.dll
 0005:0000043c       __imp__sqrt                0048043c     ucrtd:ucrtbased.dll
 0005:00000440       \177ucrtbased_NULL_THUNK_DATA 00480440     ucrtd:ucrtbased.dll
 0005:000004a0       __IMPORT_DESCRIPTOR_allegro-5.0.10-monolith-md-debug 004804a0     allegro-5.0.10-monolith-md-debug:allegro-5.0.10-monolith-md-debug.dll
 0005:000004b4       __IMPORT_DESCRIPTOR_KERNEL32 004804b4     kernel32:KERNEL32.dll
 0005:000004c8       __IMPORT_DESCRIPTOR_MSVCP140D 004804c8     msvcprtd:MSVCP140D.dll
 0005:000004dc       __IMPORT_DESCRIPTOR_VCRUNTIME140D 004804dc     vcruntimed:VCRUNTIME140D.dll
 0005:000004f0       __IMPORT_DESCRIPTOR_ucrtbased 004804f0     ucrtd:ucrtbased.dll
 0005:00000504       __NULL_IMPORT_DESCRIPTOR   00480504     allegro-5.0.10-monolith-md-debug:allegro-5.0.10-monolith-md-debug.dll
 0007:00000000       ___guard_check_icall_fptr  00484000     MSVCRTD:guard_support.obj
